mar 22 nov 2016, 17.10.27, CET
Applications Memory Usage (kB):
Uptime: 1610156 Realtime: 1610156

Total PSS by process:
    94498 kB: system (pid 751)
    92051 kB: com.android.systemui (pid 975)
    43292 kB: com.android.launcher3 (pid 1240 / activities)
    36731 kB: zygote (pid 462)
    34416 kB: com.tencent.mm (pid 2067)
    30888 kB: surfaceflinger (pid 368)
    19603 kB: zygote64 (pid 461)
    17506 kB: mm-qcamera-daemon (pid 465)
    16008 kB: com.android.phone (pid 1224)
    10635 kB: com.android.nfc (pid 1211)
    10020 kB: com.android.inputmethod.latin (pid 1191)
     9201 kB: android.process.acore (pid 1289)
     8757 kB: com.android.email (pid 1600)
     8634 kB: mediaserver (pid 457)
     8071 kB: android.process.media (pid 948)
     8053 kB: com.android.messaging (pid 1630)
     5817 kB: com.android.gallery3d (pid 1739)
     5730 kB: com.android.calendar (pid 1554)
     5621 kB: com.android.providers.calendar (pid 1499)
     5338 kB: com.android.deskclock (pid 1573)
     4981 kB: rild (pid 455)
     4871 kB: com.android.defcontainer (pid 1683)
     4787 kB: com.android.dialer (pid 1481)
     4076 kB: com.android.musicfx (pid 1705)
     4028 kB: com.android.printspooler (pid 1258)
     3686 kB: com.android.managedprovisioning (pid 1515)
     3431 kB: com.android.keychain (pid 1465)
     3355 kB: com.svox.pico (pid 1754)
     3351 kB: com.android.smspush (pid 1357)
     3335 kB: com.android.onetimeinitializer (pid 1539)
     3318 kB: drmserver (pid 456)
     1700 kB: logd (pid 332)
     1211 kB: sdcard (pid 918)
     1067 kB: netd (pid 452)
      989 kB: keystore (pid 459)
      851 kB: vold (pid 334)
      800 kB: adbd (pid 402)
      777 kB: gatekeeperd (pid 463)
      641 kB: sh (pid 400)
      623 kB: /init (pid 1)
      612 kB: installd (pid 458)
      576 kB: top (pid 2056)
      576 kB: top (pid 2058)
      524 kB: healthd (pid 365)
      471 kB: logcat (pid 2036)
      460 kB: dumpsys (pid 2074)
      445 kB: debuggerd (pid 453)
      439 kB: perfprofd (pid 464)
      438 kB: ueventd (pid 309)
      385 kB: debuggerd64 (pid 454)
      266 kB: servicemanager (pid 367)
       88 kB: lmkd (pid 366)
       64 kB: qseecomd (pid 371)
       60 kB: qseecomd (pid 380)

Total PSS by OOM adjustment:
   170140 kB: Native
               36731 kB: zygote (pid 462)
               34416 kB: com.tencent.mm (pid 2067)
               30888 kB: surfaceflinger (pid 368)
               19603 kB: zygote64 (pid 461)
               17506 kB: mm-qcamera-daemon (pid 465)
                8634 kB: mediaserver (pid 457)
                4981 kB: rild (pid 455)
                3318 kB: drmserver (pid 456)
                1700 kB: logd (pid 332)
                1211 kB: sdcard (pid 918)
                1067 kB: netd (pid 452)
                 989 kB: keystore (pid 459)
                 851 kB: vold (pid 334)
                 800 kB: adbd (pid 402)
                 777 kB: gatekeeperd (pid 463)
                 641 kB: sh (pid 400)
                 623 kB: /init (pid 1)
                 612 kB: installd (pid 458)
                 576 kB: top (pid 2056)
                 576 kB: top (pid 2058)
                 524 kB: healthd (pid 365)
                 471 kB: logcat (pid 2036)
                 460 kB: dumpsys (pid 2074)
                 445 kB: debuggerd (pid 453)
                 439 kB: perfprofd (pid 464)
                 438 kB: ueventd (pid 309)
                 385 kB: debuggerd64 (pid 454)
                 266 kB: servicemanager (pid 367)
                  88 kB: lmkd (pid 366)
                  64 kB: qseecomd (pid 371)
                  60 kB: qseecomd (pid 380)
    94498 kB: System
               94498 kB: system (pid 751)
   118694 kB: Persistent
               92051 kB: com.android.systemui (pid 975)
               16008 kB: com.android.phone (pid 1224)
               10635 kB: com.android.nfc (pid 1211)
     3351 kB: Visible
                3351 kB: com.android.smspush (pid 1357)
    10020 kB: Perceptible
               10020 kB: com.android.inputmethod.latin (pid 1191)
    43292 kB: Home
               43292 kB: com.android.launcher3 (pid 1240 / activities)
    88157 kB: Cached
                9201 kB: android.process.acore (pid 1289)
                8757 kB: com.android.email (pid 1600)
                8071 kB: android.process.media (pid 948)
                8053 kB: com.android.messaging (pid 1630)
                5817 kB: com.android.gallery3d (pid 1739)
                5730 kB: com.android.calendar (pid 1554)
                5621 kB: com.android.providers.calendar (pid 1499)
                5338 kB: com.android.deskclock (pid 1573)
                4871 kB: com.android.defcontainer (pid 1683)
                4787 kB: com.android.dialer (pid 1481)
                4076 kB: com.android.musicfx (pid 1705)
                4028 kB: com.android.printspooler (pid 1258)
                3686 kB: com.android.managedprovisioning (pid 1515)
                3431 kB: com.android.keychain (pid 1465)
                3355 kB: com.svox.pico (pid 1754)
                3335 kB: com.android.onetimeinitializer (pid 1539)

Total PSS by category:
    93936 kB: EGL mtrack
    93071 kB: Native
    85694 kB: Dalvik
               40616 kB: .LOS
               39059 kB: .Heap
                5019 kB: .Zygote
                4496 kB: .LinearAlloc
                3263 kB: .GC
                1719 kB: .IndirectRef
                1000 kB: .NonMoving
                   0 kB: .JITCache
    82614 kB: .so mmap
    45769 kB: .oat mmap
    43532 kB: .dex mmap
    35931 kB: .art mmap
    15148 kB: .apk mmap
     9478 kB: Dalvik Other
     6480 kB: Stack
     5471 kB: Unknown
     5171 kB: Other mmap
     3588 kB: Gfx dev
     1848 kB: .ttf mmap
      284 kB: Ashmem
      137 kB: Other dev
        0 kB: Cursor
        0 kB: .jar mmap
        0 kB: GL mtrack
        0 kB: Other mtrack

Total RAM: 1857376 kB (status normal)
 Free RAM: 1172265 kB (88157 cached pss + 840068 cached kernel + 244040 free)
 Used RAM: 572067 kB (439995 used pss + 132072 kernel)
 Lost RAM: 113044 kB
     ZRAM: 1696 kB physical used for 4188 kB in swap (520908 kB total swap)
   Tuning: 192 (large 512), oom 322560 kB, restore limit 107520 kB (high-end-gfx)
mar 22 nov 2016, 17.10.58, CET
Applications Memory Usage (kB):
Uptime: 1641398 Realtime: 1641398

Total PSS by process:
    95219 kB: com.android.systemui (pid 975)
    91867 kB: system (pid 751)
    49107 kB: com.android.launcher3 (pid 1240 / activities)
    38656 kB: com.moji.mjweather (pid 3036)
    27790 kB: surfaceflinger (pid 368)
    26458 kB: zygote (pid 462)
    26165 kB: com.android.packageinstaller (pid 2698)
    22215 kB: com.baidu.navi (pid 2577)
    17408 kB: zygote64 (pid 461)
    17385 kB: mm-qcamera-daemon (pid 465)
    14519 kB: com.android.phone (pid 1224)
    10344 kB: com.android.nfc (pid 1211)
     9091 kB: com.android.inputmethod.latin (pid 1191)
     8556 kB: mediaserver (pid 457)
     8293 kB: android.process.acore (pid 1289)
     7118 kB: com.android.email (pid 1600)
     6905 kB: com.android.messaging (pid 1630)
     6102 kB: android.process.media (pid 2849)
     5398 kB: com.android.providers.calendar (pid 1499)
     5381 kB: com.android.calendar (pid 1554)
     5048 kB: com.android.defcontainer (pid 1683)
     5007 kB: com.android.deskclock (pid 1573)
     4985 kB: rild (pid 455)
     4899 kB: com.android.gallery3d (pid 1739)
     4202 kB: com.android.musicfx (pid 1705)
     3834 kB: com.android.printspooler (pid 1258)
     3542 kB: com.svox.pico (pid 1754)
     3519 kB: com.android.smspush (pid 1357)
     3274 kB: drmserver (pid 456)
     1896 kB: logd (pid 332)
     1262 kB: sdcard (pid 918)
     1138 kB: netd (pid 452)
      992 kB: keystore (pid 459)
      806 kB: vold (pid 334)
      779 kB: gatekeeperd (pid 463)
      764 kB: adbd (pid 402)
      616 kB: installd (pid 458)
      599 kB: /init (pid 1)
      524 kB: healthd (pid 365)
      498 kB: logcat (pid 2036)
      463 kB: dumpsys (pid 3122)
      440 kB: perfprofd (pid 464)
      438 kB: ueventd (pid 309)
      429 kB: debuggerd (pid 453)
      388 kB: debuggerd64 (pid 454)
      285 kB: sh (pid 400)
      265 kB: servicemanager (pid 367)
       92 kB: lmkd (pid 366)
       66 kB: qseecomd (pid 371)
       54 kB: qseecomd (pid 380)

Total PSS by OOM adjustment:
   118650 kB: Native
               27790 kB: surfaceflinger (pid 368)
               26458 kB: zygote (pid 462)
               17408 kB: zygote64 (pid 461)
               17385 kB: mm-qcamera-daemon (pid 465)
                8556 kB: mediaserver (pid 457)
                4985 kB: rild (pid 455)
                3274 kB: drmserver (pid 456)
                1896 kB: logd (pid 332)
                1262 kB: sdcard (pid 918)
                1138 kB: netd (pid 452)
                 992 kB: keystore (pid 459)
                 806 kB: vold (pid 334)
                 779 kB: gatekeeperd (pid 463)
                 764 kB: adbd (pid 402)
                 616 kB: installd (pid 458)
                 599 kB: /init (pid 1)
                 524 kB: healthd (pid 365)
                 498 kB: logcat (pid 2036)
                 463 kB: dumpsys (pid 3122)
                 440 kB: perfprofd (pid 464)
                 438 kB: ueventd (pid 309)
                 429 kB: debuggerd (pid 453)
                 388 kB: debuggerd64 (pid 454)
                 285 kB: sh (pid 400)
                 265 kB: servicemanager (pid 367)
                  92 kB: lmkd (pid 366)
                  66 kB: qseecomd (pid 371)
                  54 kB: qseecomd (pid 380)
    91867 kB: System
               91867 kB: system (pid 751)
   120082 kB: Persistent
               95219 kB: com.android.systemui (pid 975)
               14519 kB: com.android.phone (pid 1224)
               10344 kB: com.android.nfc (pid 1211)
    49107 kB: Foreground
               49107 kB: com.android.launcher3 (pid 1240 / activities)
     3519 kB: Visible
                3519 kB: com.android.smspush (pid 1357)
     9091 kB: Perceptible
                9091 kB: com.android.inputmethod.latin (pid 1191)
     6102 kB: Previous
                6102 kB: android.process.media (pid 2849)
   146663 kB: Cached
               38656 kB: com.moji.mjweather (pid 3036)
               26165 kB: com.android.packageinstaller (pid 2698)
               22215 kB: com.baidu.navi (pid 2577)
                8293 kB: android.process.acore (pid 1289)
                7118 kB: com.android.email (pid 1600)
                6905 kB: com.android.messaging (pid 1630)
                5398 kB: com.android.providers.calendar (pid 1499)
                5381 kB: com.android.calendar (pid 1554)
                5048 kB: com.android.defcontainer (pid 1683)
                5007 kB: com.android.deskclock (pid 1573)
                4899 kB: com.android.gallery3d (pid 1739)
                4202 kB: com.android.musicfx (pid 1705)
                3834 kB: com.android.printspooler (pid 1258)
                3542 kB: com.svox.pico (pid 1754)

Total PSS by category:
   115888 kB: EGL mtrack
   103157 kB: Native
    84295 kB: .so mmap
    82978 kB: Dalvik
               40467 kB: .LOS
               36583 kB: .Heap
                4940 kB: .Zygote
                4676 kB: .LinearAlloc
                3105 kB: .GC
                1774 kB: .IndirectRef
                 988 kB: .NonMoving
                   0 kB: .JITCache
    41157 kB: .oat mmap
    34433 kB: .art mmap
    29456 kB: .dex mmap
    21262 kB: .apk mmap
     9555 kB: Dalvik Other
     6572 kB: Stack
     6370 kB: Unknown
     4715 kB: Other mmap
     3996 kB: Gfx dev
      533 kB: .ttf mmap
      416 kB: Ashmem
      160 kB: .jar mmap
      138 kB: Other dev
        0 kB: Cursor
        0 kB: GL mtrack
        0 kB: Other mtrack

Total RAM: 1857376 kB (status normal)
 Free RAM: 1216827 kB (146663 cached pss + 781216 cached kernel + 288948 free)
 Used RAM: 525590 kB (398418 used pss + 127172 kernel)
 Lost RAM: 114959 kB
     ZRAM: 1832 kB physical used for 7460 kB in swap (520908 kB total swap)
   Tuning: 192 (large 512), oom 322560 kB, restore limit 107520 kB (high-end-gfx)
mar 22 nov 2016, 17.11.29, CET
Applications Memory Usage (kB):
Uptime: 1672724 Realtime: 1672724

Total PSS by process:
    96674 kB: com.android.systemui (pid 975)
    91451 kB: system (pid 751)
    46090 kB: com.android.launcher3 (pid 1240 / activities)
    45475 kB: com.moji.mjweather (pid 4002)
    26927 kB: com.android.packageinstaller (pid 2698)
    26682 kB: surfaceflinger (pid 368)
    26568 kB: zygote (pid 462)
    22223 kB: com.baidu.navi (pid 2577)
    17403 kB: zygote64 (pid 461)
    17385 kB: mm-qcamera-daemon (pid 465)
    14919 kB: com.android.phone (pid 1224)
    10423 kB: com.android.nfc (pid 1211)
     9091 kB: com.android.inputmethod.latin (pid 1191)
     8559 kB: mediaserver (pid 457)
     8293 kB: android.process.acore (pid 1289)
     7568 kB: com.android.email (pid 1600)
     6864 kB: com.android.messaging (pid 1630)
     6157 kB: android.process.media (pid 2849)
     5402 kB: com.android.deskclock (pid 1573)
     5398 kB: com.android.providers.calendar (pid 1499)
     5381 kB: com.android.calendar (pid 1554)
     5048 kB: com.android.defcontainer (pid 1683)
     4985 kB: rild (pid 455)
     4774 kB: com.android.gallery3d (pid 1739)
     4197 kB: com.android.musicfx (pid 1705)
     3833 kB: com.android.printspooler (pid 1258)
     3542 kB: com.svox.pico (pid 1754)
     3519 kB: com.android.smspush (pid 1357)
     3274 kB: drmserver (pid 456)
     2076 kB: logd (pid 332)
     1262 kB: sdcard (pid 918)
     1150 kB: netd (pid 452)
      992 kB: keystore (pid 459)
      802 kB: vold (pid 334)
      779 kB: gatekeeperd (pid 463)
      764 kB: adbd (pid 402)
      616 kB: installd (pid 458)
      599 kB: /init (pid 1)
      524 kB: healthd (pid 365)
      498 kB: logcat (pid 2036)
      463 kB: dumpsys (pid 4088)
      440 kB: perfprofd (pid 464)
      438 kB: ueventd (pid 309)
      429 kB: debuggerd (pid 453)
      388 kB: debuggerd64 (pid 454)
      261 kB: sh (pid 400)
      249 kB: servicemanager (pid 367)
       92 kB: lmkd (pid 366)
       66 kB: qseecomd (pid 371)
       54 kB: qseecomd (pid 380)

Total PSS by OOM adjustment:
   117798 kB: Native
               26682 kB: surfaceflinger (pid 368)
               26568 kB: zygote (pid 462)
               17403 kB: zygote64 (pid 461)
               17385 kB: mm-qcamera-daemon (pid 465)
                8559 kB: mediaserver (pid 457)
                4985 kB: rild (pid 455)
                3274 kB: drmserver (pid 456)
                2076 kB: logd (pid 332)
                1262 kB: sdcard (pid 918)
                1150 kB: netd (pid 452)
                 992 kB: keystore (pid 459)
                 802 kB: vold (pid 334)
                 779 kB: gatekeeperd (pid 463)
                 764 kB: adbd (pid 402)
                 616 kB: installd (pid 458)
                 599 kB: /init (pid 1)
                 524 kB: healthd (pid 365)
                 498 kB: logcat (pid 2036)
                 463 kB: dumpsys (pid 4088)
                 440 kB: perfprofd (pid 464)
                 438 kB: ueventd (pid 309)
                 429 kB: debuggerd (pid 453)
                 388 kB: debuggerd64 (pid 454)
                 261 kB: sh (pid 400)
                 249 kB: servicemanager (pid 367)
                  92 kB: lmkd (pid 366)
                  66 kB: qseecomd (pid 371)
                  54 kB: qseecomd (pid 380)
    91451 kB: System
               91451 kB: system (pid 751)
   122016 kB: Persistent
               96674 kB: com.android.systemui (pid 975)
               14919 kB: com.android.phone (pid 1224)
               10423 kB: com.android.nfc (pid 1211)
    46090 kB: Foreground
               46090 kB: com.android.launcher3 (pid 1240 / activities)
     3519 kB: Visible
                3519 kB: com.android.smspush (pid 1357)
     9091 kB: Perceptible
                9091 kB: com.android.inputmethod.latin (pid 1191)
   161082 kB: Cached
               45475 kB: com.moji.mjweather (pid 4002)
               26927 kB: com.android.packageinstaller (pid 2698)
               22223 kB: com.baidu.navi (pid 2577)
                8293 kB: android.process.acore (pid 1289)
                7568 kB: com.android.email (pid 1600)
                6864 kB: com.android.messaging (pid 1630)
                6157 kB: android.process.media (pid 2849)
                5402 kB: com.android.deskclock (pid 1573)
                5398 kB: com.android.providers.calendar (pid 1499)
                5381 kB: com.android.calendar (pid 1554)
                5048 kB: com.android.defcontainer (pid 1683)
                4774 kB: com.android.gallery3d (pid 1739)
                4197 kB: com.android.musicfx (pid 1705)
                3833 kB: com.android.printspooler (pid 1258)
                3542 kB: com.svox.pico (pid 1754)

Total PSS by category:
   115888 kB: EGL mtrack
   102644 kB: Native
    90730 kB: Dalvik
               44479 kB: .Heap
               40327 kB: .LOS
                4936 kB: .Zygote
                4676 kB: .LinearAlloc
                3601 kB: .GC
                1790 kB: .IndirectRef
                 988 kB: .NonMoving
                   0 kB: .JITCache
    83741 kB: .so mmap
    41090 kB: .oat mmap
    34431 kB: .art mmap
    29300 kB: .dex mmap
    20026 kB: .apk mmap
    10067 kB: Dalvik Other
     6580 kB: Stack
     6346 kB: Unknown
     4714 kB: Other mmap
     4244 kB: Gfx dev
      533 kB: .ttf mmap
      416 kB: Ashmem
      160 kB: .jar mmap
      137 kB: Other dev
        0 kB: Cursor
        0 kB: GL mtrack
        0 kB: Other mtrack

Total RAM: 1857376 kB (status normal)
 Free RAM: 1216394 kB (161082 cached pss + 799008 cached kernel + 256304 free)
 Used RAM: 517185 kB (389965 used pss + 127220 kernel)
 Lost RAM: 123797 kB
     ZRAM: 2052 kB physical used for 8628 kB in swap (520908 kB total swap)
   Tuning: 192 (large 512), oom 322560 kB, restore limit 107520 kB (high-end-gfx)
mar 22 nov 2016, 17.12.01, CET
Applications Memory Usage (kB):
Uptime: 1704047 Realtime: 1704047

Total PSS by process:
    98093 kB: com.android.systemui (pid 975)
    90779 kB: system (pid 751)
    45605 kB: com.android.launcher3 (pid 1240 / activities)
    45122 kB: com.moji.mjweather (pid 4955)
    27682 kB: com.android.packageinstaller (pid 2698)
    26593 kB: zygote (pid 462)
    26070 kB: surfaceflinger (pid 368)
    22234 kB: com.baidu.navi (pid 2577)
    17392 kB: zygote64 (pid 461)
    17385 kB: mm-qcamera-daemon (pid 465)
    15231 kB: com.android.phone (pid 1224)
    10429 kB: com.android.nfc (pid 1211)
     9088 kB: com.android.inputmethod.latin (pid 1191)
     8559 kB: mediaserver (pid 457)
     8293 kB: android.process.acore (pid 1289)
     7566 kB: com.android.email (pid 1600)
     6863 kB: com.android.messaging (pid 1630)
     6197 kB: android.process.media (pid 2849)
     5401 kB: com.android.deskclock (pid 1573)
     5396 kB: com.android.providers.calendar (pid 1499)
     5379 kB: com.android.calendar (pid 1554)
     5048 kB: com.android.defcontainer (pid 1683)
     4989 kB: rild (pid 455)
     4773 kB: com.android.gallery3d (pid 1739)
     4197 kB: com.android.musicfx (pid 1705)
     3833 kB: com.android.printspooler (pid 1258)
     3543 kB: com.svox.pico (pid 1754)
     3519 kB: com.android.smspush (pid 1357)
     3274 kB: drmserver (pid 456)
     2240 kB: logd (pid 332)
     1262 kB: sdcard (pid 918)
     1150 kB: netd (pid 452)
      992 kB: keystore (pid 459)
      802 kB: vold (pid 334)
      779 kB: gatekeeperd (pid 463)
      764 kB: adbd (pid 402)
      616 kB: installd (pid 458)
      599 kB: /init (pid 1)
      524 kB: healthd (pid 365)
      498 kB: logcat (pid 2036)
      463 kB: dumpsys (pid 5045)
      440 kB: perfprofd (pid 464)
      438 kB: ueventd (pid 309)
      429 kB: debuggerd (pid 453)
      388 kB: debuggerd64 (pid 454)
      261 kB: sh (pid 400)
      249 kB: servicemanager (pid 367)
      108 kB: lmkd (pid 366)
       66 kB: qseecomd (pid 371)
       54 kB: qseecomd (pid 380)

Total PSS by OOM adjustment:
   117384 kB: Native
               26593 kB: zygote (pid 462)
               26070 kB: surfaceflinger (pid 368)
               17392 kB: zygote64 (pid 461)
               17385 kB: mm-qcamera-daemon (pid 465)
                8559 kB: mediaserver (pid 457)
                4989 kB: rild (pid 455)
                3274 kB: drmserver (pid 456)
                2240 kB: logd (pid 332)
                1262 kB: sdcard (pid 918)
                1150 kB: netd (pid 452)
                 992 kB: keystore (pid 459)
                 802 kB: vold (pid 334)
                 779 kB: gatekeeperd (pid 463)
                 764 kB: adbd (pid 402)
                 616 kB: installd (pid 458)
                 599 kB: /init (pid 1)
                 524 kB: healthd (pid 365)
                 498 kB: logcat (pid 2036)
                 463 kB: dumpsys (pid 5045)
                 440 kB: perfprofd (pid 464)
                 438 kB: ueventd (pid 309)
                 429 kB: debuggerd (pid 453)
                 388 kB: debuggerd64 (pid 454)
                 261 kB: sh (pid 400)
                 249 kB: servicemanager (pid 367)
                 108 kB: lmkd (pid 366)
                  66 kB: qseecomd (pid 371)
                  54 kB: qseecomd (pid 380)
    90779 kB: System
               90779 kB: system (pid 751)
   123753 kB: Persistent
               98093 kB: com.android.systemui (pid 975)
               15231 kB: com.android.phone (pid 1224)
               10429 kB: com.android.nfc (pid 1211)
    45605 kB: Foreground
               45605 kB: com.android.launcher3 (pid 1240 / activities)
     3519 kB: Visible
                3519 kB: com.android.smspush (pid 1357)
     9088 kB: Perceptible
                9088 kB: com.android.inputmethod.latin (pid 1191)
   161527 kB: Cached
               45122 kB: com.moji.mjweather (pid 4955)
               27682 kB: com.android.packageinstaller (pid 2698)
               22234 kB: com.baidu.navi (pid 2577)
                8293 kB: android.process.acore (pid 1289)
                7566 kB: com.android.email (pid 1600)
                6863 kB: com.android.messaging (pid 1630)
                6197 kB: android.process.media (pid 2849)
                5401 kB: com.android.deskclock (pid 1573)
                5396 kB: com.android.providers.calendar (pid 1499)
                5379 kB: com.android.calendar (pid 1554)
                5048 kB: com.android.defcontainer (pid 1683)
                4773 kB: com.android.gallery3d (pid 1739)
                4197 kB: com.android.musicfx (pid 1705)
                3833 kB: com.android.printspooler (pid 1258)
                3543 kB: com.svox.pico (pid 1754)

Total PSS by category:
   115888 kB: EGL mtrack
   102061 kB: Native
    91465 kB: Dalvik
               45167 kB: .Heap
               40287 kB: .LOS
                5035 kB: .Zygote
                4676 kB: .LinearAlloc
                3740 kB: .GC
                1766 kB: .IndirectRef
                 976 kB: .NonMoving
                   0 kB: .JITCache
    83750 kB: .so mmap
    41202 kB: .oat mmap
    34485 kB: .art mmap
    29400 kB: .dex mmap
    20026 kB: .apk mmap
    10182 kB: Dalvik Other
     6596 kB: Stack
     6346 kB: Unknown
     4719 kB: Other mmap
     4288 kB: Gfx dev
      533 kB: .ttf mmap
      416 kB: Ashmem
      160 kB: .jar mmap
      138 kB: Other dev
        0 kB: Cursor
        0 kB: GL mtrack
        0 kB: Other mtrack

Total RAM: 1857376 kB (status normal)
 Free RAM: 1207271 kB (161527 cached pss + 791208 cached kernel + 254536 free)
 Used RAM: 517272 kB (390128 used pss + 127144 kernel)
 Lost RAM: 132833 kB
     ZRAM: 2096 kB physical used for 9256 kB in swap (520908 kB total swap)
   Tuning: 192 (large 512), oom 322560 kB, restore limit 107520 kB (high-end-gfx)
mar 22 nov 2016, 17.12.32, CET
Applications Memory Usage (kB):
Uptime: 1735281 Realtime: 1735281

Total PSS by process:
    99771 kB: com.android.systemui (pid 975)
    90037 kB: system (pid 751)
    45541 kB: com.android.launcher3 (pid 1240 / activities)
    27742 kB: com.android.packageinstaller (pid 2698)
    26811 kB: zygote (pid 462)
    25810 kB: surfaceflinger (pid 368)
    22325 kB: com.baidu.navi (pid 2577)
    21868 kB: com.moji.mjweather (pid 5908)
    17392 kB: zygote64 (pid 461)
    17385 kB: mm-qcamera-daemon (pid 465)
    15507 kB: com.android.phone (pid 1224)
    10443 kB: com.android.nfc (pid 1211)
     9088 kB: com.android.inputmethod.latin (pid 1191)
     8560 kB: mediaserver (pid 457)
     8296 kB: android.process.acore (pid 1289)
     7566 kB: com.android.email (pid 1600)
     6863 kB: com.android.messaging (pid 1630)
     6209 kB: android.process.media (pid 2849)
     5401 kB: com.android.deskclock (pid 1573)
     5396 kB: com.android.providers.calendar (pid 1499)
     5379 kB: com.android.calendar (pid 1554)
     5048 kB: com.android.defcontainer (pid 1683)
     4989 kB: rild (pid 455)
     4774 kB: com.android.gallery3d (pid 1739)
     4197 kB: com.android.musicfx (pid 1705)
     3833 kB: com.android.printspooler (pid 1258)
     3543 kB: com.svox.pico (pid 1754)
     3519 kB: com.android.smspush (pid 1357)
     3275 kB: drmserver (pid 456)
     2376 kB: logd (pid 332)
     1262 kB: sdcard (pid 918)
     1150 kB: netd (pid 452)
      992 kB: keystore (pid 459)
      802 kB: vold (pid 334)
      779 kB: gatekeeperd (pid 463)
      768 kB: adbd (pid 402)
      616 kB: installd (pid 458)
      599 kB: /init (pid 1)
      524 kB: healthd (pid 365)
      498 kB: logcat (pid 2036)
      459 kB: dumpsys (pid 5937)
      440 kB: perfprofd (pid 464)
      438 kB: ueventd (pid 309)
      429 kB: debuggerd (pid 453)
      388 kB: debuggerd64 (pid 454)
      261 kB: sh (pid 400)
      249 kB: servicemanager (pid 367)
      108 kB: lmkd (pid 366)
       66 kB: qseecomd (pid 371)
       54 kB: qseecomd (pid 380)

Total PSS by OOM adjustment:
   117480 kB: Native
               26811 kB: zygote (pid 462)
               25810 kB: surfaceflinger (pid 368)
               17392 kB: zygote64 (pid 461)
               17385 kB: mm-qcamera-daemon (pid 465)
                8560 kB: mediaserver (pid 457)
                4989 kB: rild (pid 455)
                3275 kB: drmserver (pid 456)
                2376 kB: logd (pid 332)
                1262 kB: sdcard (pid 918)
                1150 kB: netd (pid 452)
                 992 kB: keystore (pid 459)
                 802 kB: vold (pid 334)
                 779 kB: gatekeeperd (pid 463)
                 768 kB: adbd (pid 402)
                 616 kB: installd (pid 458)
                 599 kB: /init (pid 1)
                 524 kB: healthd (pid 365)
                 498 kB: logcat (pid 2036)
                 459 kB: dumpsys (pid 5937)
                 440 kB: perfprofd (pid 464)
                 438 kB: ueventd (pid 309)
                 429 kB: debuggerd (pid 453)
                 388 kB: debuggerd64 (pid 454)
                 261 kB: sh (pid 400)
                 249 kB: servicemanager (pid 367)
                 108 kB: lmkd (pid 366)
                  66 kB: qseecomd (pid 371)
                  54 kB: qseecomd (pid 380)
    90037 kB: System
               90037 kB: system (pid 751)
   125721 kB: Persistent
               99771 kB: com.android.systemui (pid 975)
               15507 kB: com.android.phone (pid 1224)
               10443 kB: com.android.nfc (pid 1211)
    45541 kB: Foreground
               45541 kB: com.android.launcher3 (pid 1240 / activities)
     3519 kB: Visible
                3519 kB: com.android.smspush (pid 1357)
     9088 kB: Perceptible
                9088 kB: com.android.inputmethod.latin (pid 1191)
   138440 kB: Cached
               27742 kB: com.android.packageinstaller (pid 2698)
               22325 kB: com.baidu.navi (pid 2577)
               21868 kB: com.moji.mjweather (pid 5908)
                8296 kB: android.process.acore (pid 1289)
                7566 kB: com.android.email (pid 1600)
                6863 kB: com.android.messaging (pid 1630)
                6209 kB: android.process.media (pid 2849)
                5401 kB: com.android.deskclock (pid 1573)
                5396 kB: com.android.providers.calendar (pid 1499)
                5379 kB: com.android.calendar (pid 1554)
                5048 kB: com.android.defcontainer (pid 1683)
                4774 kB: com.android.gallery3d (pid 1739)
                4197 kB: com.android.musicfx (pid 1705)
                3833 kB: com.android.printspooler (pid 1258)
                3543 kB: com.svox.pico (pid 1754)

Total PSS by category:
   115888 kB: EGL mtrack
    99505 kB: Native
    87693 kB: Dalvik
               41563 kB: .Heap
               40147 kB: .LOS
                5011 kB: .Zygote
                4380 kB: .LinearAlloc
                3676 kB: .GC
                1658 kB: .IndirectRef
                 972 kB: .NonMoving
                   0 kB: .JITCache
    82100 kB: .so mmap
    39040 kB: .oat mmap
    34335 kB: .art mmap
    25420 kB: .dex mmap
    13788 kB: .apk mmap
     9714 kB: Dalvik Other
     6328 kB: Stack
     6188 kB: Unknown
     4376 kB: Other mmap
     4332 kB: Gfx dev
      533 kB: .ttf mmap
      288 kB: Ashmem
      160 kB: .jar mmap
      138 kB: Other dev
        0 kB: Cursor
        0 kB: GL mtrack
        0 kB: Other mtrack

Total RAM: 1857376 kB (status normal)
 Free RAM: 1182100 kB (138440 cached pss + 782236 cached kernel + 261424 free)
 Used RAM: 518898 kB (391386 used pss + 127512 kernel)
 Lost RAM: 156378 kB
     ZRAM: 2168 kB physical used for 9548 kB in swap (520908 kB total swap)
   Tuning: 192 (large 512), oom 322560 kB, restore limit 107520 kB (high-end-gfx)
mar 22 nov 2016, 17.13.03, CET
Applications Memory Usage (kB):
Uptime: 1766442 Realtime: 1766442

Total PSS by process:
   101106 kB: com.android.systemui (pid 975)
    89830 kB: system (pid 751)
    82093 kB: com.moji.mjweather (pid 5908 / activities)
    36692 kB: com.android.launcher3 (pid 1240 / activities)
    27963 kB: com.android.packageinstaller (pid 2698)
    26022 kB: zygote (pid 462)
    25602 kB: surfaceflinger (pid 368)
    22248 kB: com.baidu.navi (pid 2577)
    17185 kB: mm-qcamera-daemon (pid 465)
    15750 kB: com.android.phone (pid 1224)
    14163 kB: zygote64 (pid 461)
    10439 kB: com.android.nfc (pid 1211)
    10179 kB: app_process (pid 6828)
     9085 kB: com.android.inputmethod.latin (pid 1191)
     8549 kB: mediaserver (pid 457)
     8242 kB: android.process.acore (pid 1289)
     7566 kB: com.android.email (pid 1600)
     6863 kB: com.android.messaging (pid 1630)
     6192 kB: android.process.media (pid 2849)
     5401 kB: com.android.deskclock (pid 1573)
     5379 kB: com.android.calendar (pid 1554)
     5365 kB: com.android.providers.calendar (pid 1499)
     5017 kB: com.android.defcontainer (pid 1683)
     4872 kB: rild (pid 455)
     4745 kB: com.android.gallery3d (pid 1739)
     4168 kB: com.android.musicfx (pid 1705)
     3833 kB: com.android.printspooler (pid 1258)
     3520 kB: com.svox.pico (pid 1754)
     3519 kB: com.android.smspush (pid 1357)
     3269 kB: drmserver (pid 456)
     2466 kB: logd (pid 332)
     1259 kB: sdcard (pid 918)
     1142 kB: netd (pid 452)
      982 kB: keystore (pid 459)
      793 kB: vold (pid 334)
      772 kB: adbd (pid 402)
      769 kB: gatekeeperd (pid 463)
      614 kB: installd (pid 458)
      599 kB: /init (pid 1)
      524 kB: healthd (pid 365)
      497 kB: logcat (pid 2036)
      460 kB: dumpsys (pid 6819)
      438 kB: ueventd (pid 309)
      436 kB: perfprofd (pid 464)
      427 kB: debuggerd (pid 453)
      386 kB: debuggerd64 (pid 454)
      260 kB: sh (pid 400)
      248 kB: servicemanager (pid 367)
      105 kB: lmkd (pid 366)
       64 kB: qseecomd (pid 371)
       54 kB: qseecomd (pid 380)

Total PSS by OOM adjustment:
   123136 kB: Native
               26022 kB: zygote (pid 462)
               25602 kB: surfaceflinger (pid 368)
               17185 kB: mm-qcamera-daemon (pid 465)
               14163 kB: zygote64 (pid 461)
               10179 kB: app_process (pid 6828)
                8549 kB: mediaserver (pid 457)
                4872 kB: rild (pid 455)
                3269 kB: drmserver (pid 456)
                2466 kB: logd (pid 332)
                1259 kB: sdcard (pid 918)
                1142 kB: netd (pid 452)
                 982 kB: keystore (pid 459)
                 793 kB: vold (pid 334)
                 772 kB: adbd (pid 402)
                 769 kB: gatekeeperd (pid 463)
                 614 kB: installd (pid 458)
                 599 kB: /init (pid 1)
                 524 kB: healthd (pid 365)
                 497 kB: logcat (pid 2036)
                 460 kB: dumpsys (pid 6819)
                 438 kB: ueventd (pid 309)
                 436 kB: perfprofd (pid 464)
                 427 kB: debuggerd (pid 453)
                 386 kB: debuggerd64 (pid 454)
                 260 kB: sh (pid 400)
                 248 kB: servicemanager (pid 367)
                 105 kB: lmkd (pid 366)
                  64 kB: qseecomd (pid 371)
                  54 kB: qseecomd (pid 380)
    89830 kB: System
               89830 kB: system (pid 751)
   127295 kB: Persistent
              101106 kB: com.android.systemui (pid 975)
               15750 kB: com.android.phone (pid 1224)
               10439 kB: com.android.nfc (pid 1211)
    82093 kB: Foreground
               82093 kB: com.moji.mjweather (pid 5908 / activities)
     3519 kB: Visible
                3519 kB: com.android.smspush (pid 1357)
     9085 kB: Perceptible
                9085 kB: com.android.inputmethod.latin (pid 1191)
    36692 kB: Home
               36692 kB: com.android.launcher3 (pid 1240 / activities)
   116502 kB: Cached
               27963 kB: com.android.packageinstaller (pid 2698)
               22248 kB: com.baidu.navi (pid 2577)
                8242 kB: android.process.acore (pid 1289)
                7566 kB: com.android.email (pid 1600)
                6863 kB: com.android.messaging (pid 1630)
                6192 kB: android.process.media (pid 2849)
                5401 kB: com.android.deskclock (pid 1573)
                5379 kB: com.android.calendar (pid 1554)
                5365 kB: com.android.providers.calendar (pid 1499)
                5017 kB: com.android.defcontainer (pid 1683)
                4745 kB: com.android.gallery3d (pid 1739)
                4168 kB: com.android.musicfx (pid 1705)
                3833 kB: com.android.printspooler (pid 1258)
                3520 kB: com.svox.pico (pid 1754)

Total PSS by category:
   124528 kB: EGL mtrack
   108191 kB: Native
   103278 kB: Dalvik
               51772 kB: .LOS
               45371 kB: .Heap
                4995 kB: .Zygote
                4782 kB: .LinearAlloc
                3907 kB: .GC
                1742 kB: .IndirectRef
                1140 kB: .NonMoving
                   0 kB: .JITCache
    86914 kB: .so mmap
    41610 kB: .oat mmap
    35210 kB: .art mmap
    31144 kB: .dex mmap
    20168 kB: .apk mmap
    10431 kB: Dalvik Other
     6764 kB: Stack
     6665 kB: Unknown
     6564 kB: Gfx dev
     5436 kB: Other mmap
      534 kB: .ttf mmap
      420 kB: Ashmem
      160 kB: .jar mmap
      135 kB: Other dev
        0 kB: Cursor
        0 kB: GL mtrack
        0 kB: Other mtrack

Total RAM: 1857376 kB (status normal)
 Free RAM: 1124330 kB (116502 cached pss + 766668 cached kernel + 241160 free)
 Used RAM: 600710 kB (471650 used pss + 129060 kernel)
 Lost RAM: 132336 kB
     ZRAM: 2168 kB physical used for 9664 kB in swap (520908 kB total swap)
   Tuning: 192 (large 512), oom 322560 kB, restore limit 107520 kB (high-end-gfx)
mar 22 nov 2016, 17.13.35, CET
Applications Memory Usage (kB):
Uptime: 1797869 Realtime: 1797869

Total PSS by process:
   102786 kB: com.android.systemui (pid 975)
    89677 kB: system (pid 751)
    81761 kB: com.moji.mjweather (pid 6837 / activities)
    36605 kB: com.android.launcher3 (pid 1240 / activities)
    36413 kB: com.UCMobile.intl (pid 7533 / activities)
    28164 kB: com.android.packageinstaller (pid 2698)
    25610 kB: surfaceflinger (pid 368)
    22951 kB: zygote (pid 462)
    19621 kB: com.baidu.navi (pid 2577)
    17124 kB: mm-qcamera-daemon (pid 465)
    16201 kB: zygote64 (pid 461)
    16001 kB: com.android.phone (pid 1224)
    10472 kB: com.android.nfc (pid 1211)
     9028 kB: com.android.inputmethod.latin (pid 1191)
     8503 kB: mediaserver (pid 457)
     8279 kB: android.process.acore (pid 1289)
     7519 kB: com.android.email (pid 1600)
     6817 kB: com.android.messaging (pid 1630)
     6233 kB: android.process.media (pid 2849)
     5362 kB: com.android.deskclock (pid 1573)
     5356 kB: com.android.providers.calendar (pid 1499)
     5346 kB: com.android.calendar (pid 1554)
     5033 kB: com.android.defcontainer (pid 1683)
     4884 kB: rild (pid 455)
     4868 kB: app_process (pid 7744)
     4772 kB: com.android.gallery3d (pid 1739)
     4168 kB: com.android.musicfx (pid 1705)
     3805 kB: com.android.printspooler (pid 1258)
     3524 kB: com.svox.pico (pid 1754)
     3497 kB: com.android.smspush (pid 1357)
     3244 kB: drmserver (pid 456)
     2565 kB: logd (pid 332)
     1260 kB: sdcard (pid 918)
     1142 kB: netd (pid 452)
      982 kB: keystore (pid 459)
      793 kB: vold (pid 334)
      770 kB: gatekeeperd (pid 463)
      748 kB: adbd (pid 402)
      614 kB: installd (pid 458)
      599 kB: /init (pid 1)
      524 kB: healthd (pid 365)
      497 kB: logcat (pid 2036)
      460 kB: dumpsys (pid 7735)
      438 kB: ueventd (pid 309)
      437 kB: perfprofd (pid 464)
      417 kB: debuggerd (pid 453)
      386 kB: debuggerd64 (pid 454)
      260 kB: sh (pid 400)
      248 kB: servicemanager (pid 367)
      105 kB: lmkd (pid 366)
       64 kB: qseecomd (pid 371)
       54 kB: qseecomd (pid 380)

Total PSS by OOM adjustment:
   116748 kB: Native
               25610 kB: surfaceflinger (pid 368)
               22951 kB: zygote (pid 462)
               17124 kB: mm-qcamera-daemon (pid 465)
               16201 kB: zygote64 (pid 461)
                8503 kB: mediaserver (pid 457)
                4884 kB: rild (pid 455)
                4868 kB: app_process (pid 7744)
                3244 kB: drmserver (pid 456)
                2565 kB: logd (pid 332)
                1260 kB: sdcard (pid 918)
                1142 kB: netd (pid 452)
                 982 kB: keystore (pid 459)
                 793 kB: vold (pid 334)
                 770 kB: gatekeeperd (pid 463)
                 748 kB: adbd (pid 402)
                 614 kB: installd (pid 458)
                 599 kB: /init (pid 1)
                 524 kB: healthd (pid 365)
                 497 kB: logcat (pid 2036)
                 460 kB: dumpsys (pid 7735)
                 438 kB: ueventd (pid 309)
                 437 kB: perfprofd (pid 464)
                 417 kB: debuggerd (pid 453)
                 386 kB: debuggerd64 (pid 454)
                 260 kB: sh (pid 400)
                 248 kB: servicemanager (pid 367)
                 105 kB: lmkd (pid 366)
                  64 kB: qseecomd (pid 371)
                  54 kB: qseecomd (pid 380)
    89677 kB: System
               89677 kB: system (pid 751)
   129259 kB: Persistent
              102786 kB: com.android.systemui (pid 975)
               16001 kB: com.android.phone (pid 1224)
               10472 kB: com.android.nfc (pid 1211)
    81761 kB: Foreground
               81761 kB: com.moji.mjweather (pid 6837 / activities)
     3497 kB: Visible
                3497 kB: com.android.smspush (pid 1357)
    45441 kB: Perceptible
               36413 kB: com.UCMobile.intl (pid 7533 / activities)
                9028 kB: com.android.inputmethod.latin (pid 1191)
    36605 kB: Home
               36605 kB: com.android.launcher3 (pid 1240 / activities)
   113999 kB: Cached
               28164 kB: com.android.packageinstaller (pid 2698)
               19621 kB: com.baidu.navi (pid 2577)
                8279 kB: android.process.acore (pid 1289)
                7519 kB: com.android.email (pid 1600)
                6817 kB: com.android.messaging (pid 1630)
                6233 kB: android.process.media (pid 2849)
                5362 kB: com.android.deskclock (pid 1573)
                5356 kB: com.android.providers.calendar (pid 1499)
                5346 kB: com.android.calendar (pid 1554)
                5033 kB: com.android.defcontainer (pid 1683)
                4772 kB: com.android.gallery3d (pid 1739)
                4168 kB: com.android.musicfx (pid 1705)
                3805 kB: com.android.printspooler (pid 1258)
                3524 kB: com.svox.pico (pid 1754)

Total PSS by category:
   124528 kB: EGL mtrack
   112809 kB: Native
   112583 kB: Dalvik
               55479 kB: .LOS
               50599 kB: .Heap
                5360 kB: .LinearAlloc
                5193 kB: .Zygote
                4350 kB: .GC
                1839 kB: .IndirectRef
                1312 kB: .NonMoving
                   0 kB: .JITCache
    89488 kB: .so mmap
    43570 kB: .oat mmap
    39272 kB: .dex mmap
    35291 kB: .art mmap
    20370 kB: .apk mmap
    11549 kB: Dalvik Other
     7154 kB: Gfx dev
     6987 kB: Stack
     6692 kB: Unknown
     5442 kB: Other mmap
      532 kB: .ttf mmap
      424 kB: Ashmem
      160 kB: .jar mmap
      136 kB: Other dev
        0 kB: Cursor
        0 kB: GL mtrack
        0 kB: Other mtrack

Total RAM: 1857376 kB (status normal)
 Free RAM: 1094435 kB (113999 cached pss + 755876 cached kernel + 224560 free)
 Used RAM: 632860 kB (502988 used pss + 129872 kernel)
 Lost RAM: 130081 kB
     ZRAM: 2168 kB physical used for 9700 kB in swap (520908 kB total swap)
   Tuning: 192 (large 512), oom 322560 kB, restore limit 107520 kB (high-end-gfx)
mar 22 nov 2016, 17.14.06, CET
Applications Memory Usage (kB):
Uptime: 1829240 Realtime: 1829240

Total PSS by process:
   104821 kB: com.android.systemui (pid 975)
    89942 kB: system (pid 751)
    76428 kB: com.moji.mjweather (pid 7762 / activities)
    58649 kB: com.baidu.searchbox (pid 8315 / activities)
    37355 kB: com.android.launcher3 (pid 1240 / activities)
    32223 kB: com.UCMobile.intl (pid 8462 / activities)
    28714 kB: com.android.packageinstaller (pid 2698)
    25626 kB: surfaceflinger (pid 368)
    23094 kB: zygote (pid 462)
    18106 kB: zygote64 (pid 461)
    17408 kB: com.android.phone (pid 1224)
    17124 kB: mm-qcamera-daemon (pid 465)
    16214 kB: com.baidu.navi (pid 2577)
    12452 kB: com.baidu.searchbox:megapp (pid 8546)
    11055 kB: com.android.nfc (pid 1211)
     9769 kB: com.android.inputmethod.latin (pid 1191)
     8990 kB: android.process.acore (pid 1289)
     8503 kB: mediaserver (pid 457)
     6952 kB: android.process.media (pid 2849)
     6077 kB: com.android.providers.calendar (pid 1499)
     5660 kB: com.android.defcontainer (pid 1683)
     5407 kB: com.android.gallery3d (pid 1739)
     4887 kB: rild (pid 455)
     4810 kB: com.android.musicfx (pid 1705)
     4132 kB: com.svox.pico (pid 1754)
     4061 kB: com.android.smspush (pid 1357)
     3243 kB: drmserver (pid 456)
     2632 kB: logd (pid 332)
     1264 kB: sdcard (pid 918)
     1144 kB: netd (pid 452)
      996 kB: keystore (pid 459)
      797 kB: vold (pid 334)
      782 kB: gatekeeperd (pid 463)
      748 kB: adbd (pid 402)
      616 kB: installd (pid 458)
      599 kB: /init (pid 1)
      524 kB: healthd (pid 365)
      500 kB: logcat (pid 2036)
      460 kB: dumpsys (pid 8654)
      442 kB: perfprofd (pid 464)
      438 kB: ueventd (pid 309)
      417 kB: debuggerd (pid 453)
      388 kB: debuggerd64 (pid 454)
      262 kB: sh (pid 400)
      250 kB: servicemanager (pid 367)
      107 kB: lmkd (pid 366)
       66 kB: qseecomd (pid 371)
       54 kB: qseecomd (pid 380)
        0 kB: app_process (pid 8652)

Total PSS by OOM adjustment:
   114069 kB: Native
               25626 kB: surfaceflinger (pid 368)
               23094 kB: zygote (pid 462)
               18106 kB: zygote64 (pid 461)
               17124 kB: mm-qcamera-daemon (pid 465)
                8503 kB: mediaserver (pid 457)
                4887 kB: rild (pid 455)
                3243 kB: drmserver (pid 456)
                2632 kB: logd (pid 332)
                1264 kB: sdcard (pid 918)
                1144 kB: netd (pid 452)
                 996 kB: keystore (pid 459)
                 797 kB: vold (pid 334)
                 782 kB: gatekeeperd (pid 463)
                 748 kB: adbd (pid 402)
                 616 kB: installd (pid 458)
                 599 kB: /init (pid 1)
                 524 kB: healthd (pid 365)
                 500 kB: logcat (pid 2036)
                 460 kB: dumpsys (pid 8654)
                 442 kB: perfprofd (pid 464)
                 438 kB: ueventd (pid 309)
                 417 kB: debuggerd (pid 453)
                 388 kB: debuggerd64 (pid 454)
                 262 kB: sh (pid 400)
                 250 kB: servicemanager (pid 367)
                 107 kB: lmkd (pid 366)
                  66 kB: qseecomd (pid 371)
                  54 kB: qseecomd (pid 380)
                   0 kB: app_process (pid 8652)
    89942 kB: System
               89942 kB: system (pid 751)
   133284 kB: Persistent
              104821 kB: com.android.systemui (pid 975)
               17408 kB: com.android.phone (pid 1224)
               11055 kB: com.android.nfc (pid 1211)
    76428 kB: Foreground
               76428 kB: com.moji.mjweather (pid 7762 / activities)
     4061 kB: Visible
                4061 kB: com.android.smspush (pid 1357)
    41992 kB: Perceptible
               32223 kB: com.UCMobile.intl (pid 8462 / activities)
                9769 kB: com.android.inputmethod.latin (pid 1191)
    12452 kB: A Services
               12452 kB: com.baidu.searchbox:megapp (pid 8546)
    37355 kB: Home
               37355 kB: com.android.launcher3 (pid 1240 / activities)
    58649 kB: B Services
               58649 kB: com.baidu.searchbox (pid 8315 / activities)
    86956 kB: Cached
               28714 kB: com.android.packageinstaller (pid 2698)
               16214 kB: com.baidu.navi (pid 2577)
                8990 kB: android.process.acore (pid 1289)
                6952 kB: android.process.media (pid 2849)
                6077 kB: com.android.providers.calendar (pid 1499)
                5660 kB: com.android.defcontainer (pid 1683)
                5407 kB: com.android.gallery3d (pid 1739)
                4810 kB: com.android.musicfx (pid 1705)
                4132 kB: com.svox.pico (pid 1754)

Total PSS by category:
   124528 kB: EGL mtrack
   122647 kB: Dalvik
               60008 kB: .LOS
               56031 kB: .Heap
                6335 kB: .LinearAlloc
                5180 kB: .Zygote
                4381 kB: .GC
                1724 kB: .IndirectRef
                1428 kB: .NonMoving
                   0 kB: .JITCache
   115898 kB: Native
    92306 kB: .so mmap
    56388 kB: .dex mmap
    45756 kB: .oat mmap
    35720 kB: .art mmap
    19374 kB: .apk mmap
    12440 kB: Dalvik Other
     8920 kB: Gfx dev
     6764 kB: Stack
     6525 kB: Unknown
     5677 kB: Other mmap
     1418 kB: Ashmem
      536 kB: .ttf mmap
      160 kB: .jar mmap
      131 kB: Other dev
        0 kB: Cursor
        0 kB: GL mtrack
        0 kB: Other mtrack

Total RAM: 1857376 kB (status normal)
 Free RAM: 1083632 kB (86956 cached pss + 761640 cached kernel + 235036 free)
 Used RAM: 694812 kB (568232 used pss + 126580 kernel)
 Lost RAM: 78932 kB
     ZRAM: 2160 kB physical used for 9696 kB in swap (520908 kB total swap)
   Tuning: 192 (large 512), oom 322560 kB, restore limit 107520 kB (high-end-gfx)
mar 22 nov 2016, 17.14.37, CET
Applications Memory Usage (kB):
Uptime: 1860615 Realtime: 1860615

Total PSS by process:
   106271 kB: com.android.systemui (pid 975)
    89987 kB: system (pid 751)
    76922 kB: com.moji.mjweather (pid 8690 / activities)
    58566 kB: com.baidu.searchbox (pid 9243 / activities)
    37668 kB: com.android.launcher3 (pid 1240 / activities)
    32751 kB: com.UCMobile.intl (pid 9394 / activities)
    28904 kB: com.android.packageinstaller (pid 2698)
    25647 kB: surfaceflinger (pid 368)
    18717 kB: zygote (pid 462)
    17958 kB: com.android.phone (pid 1224)
    17061 kB: mm-qcamera-daemon (pid 465)
    16224 kB: com.baidu.navi (pid 2577)
    14507 kB: com.baidu.searchbox:megapp (pid 9475)
    14465 kB: zygote64 (pid 461)
    11159 kB: com.android.nfc (pid 1211)
    10016 kB: com.android.inputmethod.latin (pid 1191)
     9207 kB: android.process.acore (pid 1289)
     8444 kB: mediaserver (pid 457)
     7172 kB: android.process.media (pid 2849)
     5822 kB: com.android.defcontainer (pid 1683)
     5571 kB: com.android.gallery3d (pid 1739)
     4975 kB: com.android.musicfx (pid 1705)
     4897 kB: rild (pid 455)
     4288 kB: com.svox.pico (pid 1754)
     4253 kB: com.android.smspush (pid 1357)
     3198 kB: drmserver (pid 456)
     2668 kB: logd (pid 332)
     1264 kB: sdcard (pid 918)
     1145 kB: netd (pid 452)
      988 kB: keystore (pid 459)
      797 kB: vold (pid 334)
      774 kB: gatekeeperd (pid 463)
      736 kB: adbd (pid 402)
      618 kB: installd (pid 458)
      599 kB: /init (pid 1)
      524 kB: healthd (pid 365)
      499 kB: logcat (pid 2036)
      466 kB: dumpsys (pid 9571)
      442 kB: perfprofd (pid 464)
      438 kB: ueventd (pid 309)
      404 kB: debuggerd (pid 453)
      388 kB: debuggerd64 (pid 454)
      263 kB: sh (pid 400)
      251 kB: servicemanager (pid 367)
      108 kB: lmkd (pid 366)
       67 kB: qseecomd (pid 371)
       54 kB: qseecomd (pid 380)
        0 kB: app_process (pid 9573)

Total PSS by OOM adjustment:
   105922 kB: Native
               25647 kB: surfaceflinger (pid 368)
               18717 kB: zygote (pid 462)
               17061 kB: mm-qcamera-daemon (pid 465)
               14465 kB: zygote64 (pid 461)
                8444 kB: mediaserver (pid 457)
                4897 kB: rild (pid 455)
                3198 kB: drmserver (pid 456)
                2668 kB: logd (pid 332)
                1264 kB: sdcard (pid 918)
                1145 kB: netd (pid 452)
                 988 kB: keystore (pid 459)
                 797 kB: vold (pid 334)
                 774 kB: gatekeeperd (pid 463)
                 736 kB: adbd (pid 402)
                 618 kB: installd (pid 458)
                 599 kB: /init (pid 1)
                 524 kB: healthd (pid 365)
                 499 kB: logcat (pid 2036)
                 466 kB: dumpsys (pid 9571)
                 442 kB: perfprofd (pid 464)
                 438 kB: ueventd (pid 309)
                 404 kB: debuggerd (pid 453)
                 388 kB: debuggerd64 (pid 454)
                 263 kB: sh (pid 400)
                 251 kB: servicemanager (pid 367)
                 108 kB: lmkd (pid 366)
                  67 kB: qseecomd (pid 371)
                  54 kB: qseecomd (pid 380)
                   0 kB: app_process (pid 9573)
    89987 kB: System
               89987 kB: system (pid 751)
   135388 kB: Persistent
              106271 kB: com.android.systemui (pid 975)
               17958 kB: com.android.phone (pid 1224)
               11159 kB: com.android.nfc (pid 1211)
    76922 kB: Foreground
               76922 kB: com.moji.mjweather (pid 8690 / activities)
     4253 kB: Visible
                4253 kB: com.android.smspush (pid 1357)
    42767 kB: Perceptible
               32751 kB: com.UCMobile.intl (pid 9394 / activities)
               10016 kB: com.android.inputmethod.latin (pid 1191)
    14507 kB: A Services
               14507 kB: com.baidu.searchbox:megapp (pid 9475)
    37668 kB: Home
               37668 kB: com.android.launcher3 (pid 1240 / activities)
    58566 kB: B Services
               58566 kB: com.baidu.searchbox (pid 9243 / activities)
    82163 kB: Cached
               28904 kB: com.android.packageinstaller (pid 2698)
               16224 kB: com.baidu.navi (pid 2577)
                9207 kB: android.process.acore (pid 1289)
                7172 kB: android.process.media (pid 2849)
                5822 kB: com.android.defcontainer (pid 1683)
                5571 kB: com.android.gallery3d (pid 1739)
                4975 kB: com.android.musicfx (pid 1705)
                4288 kB: com.svox.pico (pid 1754)

Total PSS by category:
   125104 kB: EGL mtrack
   124452 kB: Dalvik
               59073 kB: .LOS
               58987 kB: .Heap
                6298 kB: .LinearAlloc
                4976 kB: .Zygote
                4553 kB: .GC
                1659 kB: .IndirectRef
                1416 kB: .NonMoving
                   0 kB: .JITCache
   114259 kB: Native
    87722 kB: .so mmap
    56276 kB: .dex mmap
    44423 kB: .oat mmap
    34601 kB: .art mmap
    18977 kB: .apk mmap
    12510 kB: Dalvik Other
     8968 kB: Gfx dev
     6656 kB: Stack
     6381 kB: Unknown
     5570 kB: Other mmap
     1420 kB: Ashmem
      536 kB: .ttf mmap
      160 kB: .jar mmap
      128 kB: Other dev
        0 kB: Cursor
        0 kB: GL mtrack
        0 kB: Other mtrack

Total RAM: 1857376 kB (status normal)
 Free RAM: 1023031 kB (82163 cached pss + 736808 cached kernel + 204060 free)
 Used RAM: 695628 kB (565980 used pss + 129648 kernel)
 Lost RAM: 138717 kB
     ZRAM: 2160 kB physical used for 9692 kB in swap (520908 kB total swap)
   Tuning: 192 (large 512), oom 322560 kB, restore limit 107520 kB (high-end-gfx)
mar 22 nov 2016, 17.15.09, CET
Applications Memory Usage (kB):
Uptime: 1892013 Realtime: 1892013

Total PSS by process:
   107884 kB: com.android.systemui (pid 975)
    90491 kB: system (pid 751)
    77007 kB: com.moji.mjweather (pid 9618 / activities)
    67430 kB: com.baidu.searchbox (pid 10172 / activities)
    37705 kB: com.android.launcher3 (pid 1240 / activities)
    32766 kB: com.UCMobile.intl (pid 10317 / activities)
    29160 kB: com.android.packageinstaller (pid 2698)
    25671 kB: surfaceflinger (pid 368)
    18676 kB: zygote (pid 462)
    18253 kB: com.android.phone (pid 1224)
    17061 kB: mm-qcamera-daemon (pid 465)
    16124 kB: com.baidu.navi (pid 2577)
    14548 kB: com.baidu.searchbox:megapp (pid 10396)
    14463 kB: zygote64 (pid 461)
    11248 kB: com.android.nfc (pid 1211)
    11068 kB: app_process (pid 10488)
    10016 kB: com.android.inputmethod.latin (pid 1191)
     9207 kB: android.process.acore (pid 1289)
     8444 kB: mediaserver (pid 457)
     7196 kB: android.process.media (pid 2849)
     5822 kB: com.android.defcontainer (pid 1683)
     5571 kB: com.android.gallery3d (pid 1739)
     4975 kB: com.android.musicfx (pid 1705)
     4898 kB: rild (pid 455)
     4288 kB: com.svox.pico (pid 1754)
     4254 kB: com.android.smspush (pid 1357)
     3198 kB: drmserver (pid 456)
     2704 kB: logd (pid 332)
     1264 kB: sdcard (pid 918)
     1145 kB: netd (pid 452)
      988 kB: keystore (pid 459)
      797 kB: vold (pid 334)
      774 kB: gatekeeperd (pid 463)
      728 kB: adbd (pid 402)
      618 kB: installd (pid 458)
      599 kB: /init (pid 1)
      524 kB: healthd (pid 365)
      499 kB: logcat (pid 2036)
      464 kB: dumpsys (pid 10486)
      439 kB: perfprofd (pid 464)
      438 kB: ueventd (pid 309)
      404 kB: debuggerd (pid 453)
      388 kB: debuggerd64 (pid 454)
      263 kB: sh (pid 400)
      251 kB: servicemanager (pid 367)
      108 kB: lmkd (pid 366)
       67 kB: qseecomd (pid 371)
       54 kB: qseecomd (pid 380)

Total PSS by OOM adjustment:
   116995 kB: Native
               25671 kB: surfaceflinger (pid 368)
               18676 kB: zygote (pid 462)
               17061 kB: mm-qcamera-daemon (pid 465)
               14463 kB: zygote64 (pid 461)
               11068 kB: app_process (pid 10488)
                8444 kB: mediaserver (pid 457)
                4898 kB: rild (pid 455)
                3198 kB: drmserver (pid 456)
                2704 kB: logd (pid 332)
                1264 kB: sdcard (pid 918)
                1145 kB: netd (pid 452)
                 988 kB: keystore (pid 459)
                 797 kB: vold (pid 334)
                 774 kB: gatekeeperd (pid 463)
                 728 kB: adbd (pid 402)
                 618 kB: installd (pid 458)
                 599 kB: /init (pid 1)
                 524 kB: healthd (pid 365)
                 499 kB: logcat (pid 2036)
                 464 kB: dumpsys (pid 10486)
                 439 kB: perfprofd (pid 464)
                 438 kB: ueventd (pid 309)
                 404 kB: debuggerd (pid 453)
                 388 kB: debuggerd64 (pid 454)
                 263 kB: sh (pid 400)
                 251 kB: servicemanager (pid 367)
                 108 kB: lmkd (pid 366)
                  67 kB: qseecomd (pid 371)
                  54 kB: qseecomd (pid 380)
    90491 kB: System
               90491 kB: system (pid 751)
   137385 kB: Persistent
              107884 kB: com.android.systemui (pid 975)
               18253 kB: com.android.phone (pid 1224)
               11248 kB: com.android.nfc (pid 1211)
    77007 kB: Foreground
               77007 kB: com.moji.mjweather (pid 9618 / activities)
     4254 kB: Visible
                4254 kB: com.android.smspush (pid 1357)
    42782 kB: Perceptible
               32766 kB: com.UCMobile.intl (pid 10317 / activities)
               10016 kB: com.android.inputmethod.latin (pid 1191)
    14548 kB: A Services
               14548 kB: com.baidu.searchbox:megapp (pid 10396)
    37705 kB: Home
               37705 kB: com.android.launcher3 (pid 1240 / activities)
    67430 kB: B Services
               67430 kB: com.baidu.searchbox (pid 10172 / activities)
    82343 kB: Cached
               29160 kB: com.android.packageinstaller (pid 2698)
               16124 kB: com.baidu.navi (pid 2577)
                9207 kB: android.process.acore (pid 1289)
                7196 kB: android.process.media (pid 2849)
                5822 kB: com.android.defcontainer (pid 1683)
                5571 kB: com.android.gallery3d (pid 1739)
                4975 kB: com.android.musicfx (pid 1705)
                4288 kB: com.svox.pico (pid 1754)

Total PSS by category:
   132924 kB: Dalvik
               67027 kB: .Heap
               59497 kB: .LOS
                6318 kB: .LinearAlloc
                5197 kB: .GC
                4976 kB: .Zygote
                1703 kB: .IndirectRef
                1424 kB: .NonMoving
                   0 kB: .JITCache
   125104 kB: EGL mtrack
   116941 kB: Native
    94812 kB: .so mmap
    56360 kB: .dex mmap
    45626 kB: .oat mmap
    36270 kB: .art mmap
    19477 kB: .apk mmap
    13218 kB: Dalvik Other
     9016 kB: Gfx dev
     6668 kB: Stack
     6666 kB: Unknown
     5609 kB: Other mmap
     1420 kB: Ashmem
      536 kB: .ttf mmap
      160 kB: .jar mmap
      133 kB: Other dev
        0 kB: Cursor
        0 kB: GL mtrack
        0 kB: Other mtrack

Total RAM: 1857376 kB (status normal)
 Free RAM: 1014275 kB (82343 cached pss + 737384 cached kernel + 194548 free)
 Used RAM: 718661 kB (588597 used pss + 130064 kernel)
 Lost RAM: 124440 kB
     ZRAM: 2156 kB physical used for 9688 kB in swap (520908 kB total swap)
   Tuning: 192 (large 512), oom 322560 kB, restore limit 107520 kB (high-end-gfx)
mar 22 nov 2016, 17.15.40, CET
Applications Memory Usage (kB):
Uptime: 1923525 Realtime: 1923525

Total PSS by process:
   108780 kB: com.android.systemui (pid 975)
    89652 kB: system (pid 751)
    69181 kB: com.moji.mjweather (pid 10542 / activities)
    60476 kB: com.baidu.searchbox (pid 11096 / activities)
    56049 kB: com.youku.phone (pid 10808 / activities)
    37667 kB: com.android.launcher3 (pid 1240 / activities)
    29810 kB: com.UCMobile.intl (pid 11242 / activities)
    29118 kB: com.android.packageinstaller (pid 2698)
    25675 kB: surfaceflinger (pid 368)
    18678 kB: zygote (pid 462)
    18486 kB: com.android.phone (pid 1224)
    17061 kB: mm-qcamera-daemon (pid 465)
    14463 kB: zygote64 (pid 461)
    13707 kB: com.baidu.navi (pid 2577)
    12044 kB: com.baidu.searchbox:megapp (pid 11324)
    11237 kB: com.android.nfc (pid 1211)
    11064 kB: app_process (pid 11404)
     9989 kB: com.android.inputmethod.latin (pid 1191)
     9183 kB: android.process.acore (pid 1289)
     8549 kB: com.youku.phone:accelerater (pid 10913)
     8444 kB: mediaserver (pid 457)
     8441 kB: com.youku.phone:SoUpgradeService (pid 11035)
     8217 kB: com.push.Youku_PushService (pid 10855)
     7835 kB: com.youku.phone:download (pid 10841)
     7202 kB: android.process.media (pid 2849)
     5822 kB: com.android.defcontainer (pid 1683)
     5571 kB: com.android.gallery3d (pid 1739)
     4975 kB: com.android.musicfx (pid 1705)
     4897 kB: rild (pid 455)
     4288 kB: com.svox.pico (pid 1754)
     4254 kB: com.android.smspush (pid 1357)
     3198 kB: drmserver (pid 456)
     2732 kB: logd (pid 332)
     1264 kB: sdcard (pid 918)
     1145 kB: netd (pid 452)
      988 kB: keystore (pid 459)
      797 kB: vold (pid 334)
      774 kB: gatekeeperd (pid 463)
      728 kB: adbd (pid 402)
      618 kB: installd (pid 458)
      599 kB: /init (pid 1)
      524 kB: healthd (pid 365)
      499 kB: logcat (pid 2036)
      464 kB: dumpsys (pid 11395)
      439 kB: perfprofd (pid 464)
      438 kB: ueventd (pid 309)
      404 kB: debuggerd (pid 453)
      388 kB: debuggerd64 (pid 454)
      263 kB: sh (pid 400)
      251 kB: servicemanager (pid 367)
      108 kB: lmkd (pid 366)
       67 kB: qseecomd (pid 371)
       54 kB: qseecomd (pid 380)

Total PSS by OOM adjustment:
   117024 kB: Native
               25675 kB: surfaceflinger (pid 368)
               18678 kB: zygote (pid 462)
               17061 kB: mm-qcamera-daemon (pid 465)
               14463 kB: zygote64 (pid 461)
               11064 kB: app_process (pid 11404)
                8444 kB: mediaserver (pid 457)
                4897 kB: rild (pid 455)
                3198 kB: drmserver (pid 456)
                2732 kB: logd (pid 332)
                1264 kB: sdcard (pid 918)
                1145 kB: netd (pid 452)
                 988 kB: keystore (pid 459)
                 797 kB: vold (pid 334)
                 774 kB: gatekeeperd (pid 463)
                 728 kB: adbd (pid 402)
                 618 kB: installd (pid 458)
                 599 kB: /init (pid 1)
                 524 kB: healthd (pid 365)
                 499 kB: logcat (pid 2036)
                 464 kB: dumpsys (pid 11395)
                 439 kB: perfprofd (pid 464)
                 438 kB: ueventd (pid 309)
                 404 kB: debuggerd (pid 453)
                 388 kB: debuggerd64 (pid 454)
                 263 kB: sh (pid 400)
                 251 kB: servicemanager (pid 367)
                 108 kB: lmkd (pid 366)
                  67 kB: qseecomd (pid 371)
                  54 kB: qseecomd (pid 380)
    89652 kB: System
               89652 kB: system (pid 751)
   138503 kB: Persistent
              108780 kB: com.android.systemui (pid 975)
               18486 kB: com.android.phone (pid 1224)
               11237 kB: com.android.nfc (pid 1211)
    69181 kB: Foreground
               69181 kB: com.moji.mjweather (pid 10542 / activities)
     4254 kB: Visible
                4254 kB: com.android.smspush (pid 1357)
    39799 kB: Perceptible
               29810 kB: com.UCMobile.intl (pid 11242 / activities)
                9989 kB: com.android.inputmethod.latin (pid 1191)
    19879 kB: A Services
               12044 kB: com.baidu.searchbox:megapp (pid 11324)
                7835 kB: com.youku.phone:download (pid 10841)
    37667 kB: Home
               37667 kB: com.android.launcher3 (pid 1240 / activities)
    77242 kB: B Services
               60476 kB: com.baidu.searchbox (pid 11096 / activities)
                8549 kB: com.youku.phone:accelerater (pid 10913)
                8217 kB: com.push.Youku_PushService (pid 10855)
   144356 kB: Cached
               56049 kB: com.youku.phone (pid 10808 / activities)
               29118 kB: com.android.packageinstaller (pid 2698)
               13707 kB: com.baidu.navi (pid 2577)
                9183 kB: android.process.acore (pid 1289)
                8441 kB: com.youku.phone:SoUpgradeService (pid 11035)
                7202 kB: android.process.media (pid 2849)
                5822 kB: com.android.defcontainer (pid 1683)
                5571 kB: com.android.gallery3d (pid 1739)
                4975 kB: com.android.musicfx (pid 1705)
                4288 kB: com.svox.pico (pid 1754)

Total PSS by category:
   148494 kB: Dalvik
               72723 kB: .Heap
               68560 kB: .LOS
                7802 kB: .LinearAlloc
                5667 kB: .Zygote
                5580 kB: .GC
                2191 kB: .IndirectRef
                1544 kB: .NonMoving
                   0 kB: .JITCache
   131426 kB: Native
   125104 kB: EGL mtrack
    96740 kB: .so mmap
    69365 kB: .dex mmap
    46878 kB: .oat mmap
    39931 kB: .art mmap
    28099 kB: .apk mmap
    15573 kB: Dalvik Other
     9852 kB: Gfx dev
     9497 kB: Unknown
     7753 kB: Stack
     6423 kB: Other mmap
     1568 kB: Ashmem
      535 kB: .ttf mmap
      160 kB: .jar mmap
      159 kB: Other dev
        0 kB: Cursor
        0 kB: GL mtrack
        0 kB: Other mtrack

Total RAM: 1857376 kB (status normal)
 Free RAM: 1072360 kB (144356 cached pss + 737552 cached kernel + 190452 free)
 Used RAM: 723105 kB (593201 used pss + 129904 kernel)
 Lost RAM: 61911 kB
     ZRAM: 2156 kB physical used for 9696 kB in swap (520908 kB total swap)
   Tuning: 192 (large 512), oom 322560 kB, restore limit 107520 kB (high-end-gfx)
mar 22 nov 2016, 17.16.12, CET
Applications Memory Usage (kB):
Uptime: 1955271 Realtime: 1955271

Total PSS by process:
   110306 kB: com.android.systemui (pid 975)
    89900 kB: system (pid 751)
    67919 kB: com.moji.mjweather (pid 11468 / activities)
    60321 kB: com.baidu.searchbox (pid 12022 / activities)
    56155 kB: com.youku.phone (pid 11738 / activities)
    37699 kB: com.android.launcher3 (pid 1240 / activities)
    29053 kB: com.android.packageinstaller (pid 2698)
    28699 kB: com.UCMobile.intl (pid 12170 / activities)
    25686 kB: surfaceflinger (pid 368)
    18771 kB: com.android.phone (pid 1224)
    16932 kB: mm-qcamera-daemon (pid 465)
    15650 kB: zygote (pid 462)
    14414 kB: zygote64 (pid 461)
    13707 kB: com.baidu.navi (pid 2577)
    12076 kB: com.baidu.searchbox:megapp (pid 12250)
    11275 kB: com.android.nfc (pid 1211)
    11065 kB: app_process (pid 12322)
     9989 kB: com.android.inputmethod.latin (pid 1191)
     9183 kB: android.process.acore (pid 1289)
     9044 kB: com.push.Youku_PushService (pid 11785)
     8567 kB: com.youku.phone:accelerater (pid 11848)
     8448 kB: com.youku.phone:SoUpgradeService (pid 11961)
     8387 kB: mediaserver (pid 457)
     7848 kB: com.youku.phone:download (pid 11771)
     7148 kB: android.process.media (pid 2849)
     5822 kB: com.android.defcontainer (pid 1683)
     5571 kB: com.android.gallery3d (pid 1739)
     4975 kB: com.android.musicfx (pid 1705)
     4897 kB: rild (pid 455)
     4288 kB: com.svox.pico (pid 1754)
     4254 kB: com.android.smspush (pid 1357)
     3160 kB: drmserver (pid 456)
     2755 kB: logd (pid 332)
     1264 kB: sdcard (pid 918)
     1145 kB: netd (pid 452)
      988 kB: keystore (pid 459)
      797 kB: vold (pid 334)
      774 kB: gatekeeperd (pid 463)
      712 kB: adbd (pid 402)
      618 kB: installd (pid 458)
      599 kB: /init (pid 1)
      524 kB: healthd (pid 365)
      499 kB: logcat (pid 2036)
      464 kB: dumpsys (pid 12313)
      439 kB: perfprofd (pid 464)
      438 kB: ueventd (pid 309)
      388 kB: debuggerd64 (pid 454)
      385 kB: debuggerd (pid 453)
      263 kB: sh (pid 400)
      251 kB: servicemanager (pid 367)
      108 kB: lmkd (pid 366)
       67 kB: qseecomd (pid 371)
       54 kB: qseecomd (pid 380)

Total PSS by OOM adjustment:
   113723 kB: Native
               25686 kB: surfaceflinger (pid 368)
               16932 kB: mm-qcamera-daemon (pid 465)
               15650 kB: zygote (pid 462)
               14414 kB: zygote64 (pid 461)
               11065 kB: app_process (pid 12322)
                8387 kB: mediaserver (pid 457)
                4897 kB: rild (pid 455)
                3160 kB: drmserver (pid 456)
                2755 kB: logd (pid 332)
                1264 kB: sdcard (pid 918)
                1145 kB: netd (pid 452)
                 988 kB: keystore (pid 459)
                 797 kB: vold (pid 334)
                 774 kB: gatekeeperd (pid 463)
                 712 kB: adbd (pid 402)
                 618 kB: installd (pid 458)
                 599 kB: /init (pid 1)
                 524 kB: healthd (pid 365)
                 499 kB: logcat (pid 2036)
                 464 kB: dumpsys (pid 12313)
                 439 kB: perfprofd (pid 464)
                 438 kB: ueventd (pid 309)
                 388 kB: debuggerd64 (pid 454)
                 385 kB: debuggerd (pid 453)
                 263 kB: sh (pid 400)
                 251 kB: servicemanager (pid 367)
                 108 kB: lmkd (pid 366)
                  67 kB: qseecomd (pid 371)
                  54 kB: qseecomd (pid 380)
    89900 kB: System
               89900 kB: system (pid 751)
   140352 kB: Persistent
              110306 kB: com.android.systemui (pid 975)
               18771 kB: com.android.phone (pid 1224)
               11275 kB: com.android.nfc (pid 1211)
    67919 kB: Foreground
               67919 kB: com.moji.mjweather (pid 11468 / activities)
     4254 kB: Visible
                4254 kB: com.android.smspush (pid 1357)
    38688 kB: Perceptible
               28699 kB: com.UCMobile.intl (pid 12170 / activities)
                9989 kB: com.android.inputmethod.latin (pid 1191)
    19924 kB: A Services
               12076 kB: com.baidu.searchbox:megapp (pid 12250)
                7848 kB: com.youku.phone:download (pid 11771)
    37699 kB: Home
               37699 kB: com.android.launcher3 (pid 1240 / activities)
    77932 kB: B Services
               60321 kB: com.baidu.searchbox (pid 12022 / activities)
                9044 kB: com.push.Youku_PushService (pid 11785)
                8567 kB: com.youku.phone:accelerater (pid 11848)
   144350 kB: Cached
               56155 kB: com.youku.phone (pid 11738 / activities)
               29053 kB: com.android.packageinstaller (pid 2698)
               13707 kB: com.baidu.navi (pid 2577)
                9183 kB: android.process.acore (pid 1289)
                8448 kB: com.youku.phone:SoUpgradeService (pid 11961)
                7148 kB: android.process.media (pid 2849)
                5822 kB: com.android.defcontainer (pid 1683)
                5571 kB: com.android.gallery3d (pid 1739)
                4975 kB: com.android.musicfx (pid 1705)
                4288 kB: com.svox.pico (pid 1754)

Total PSS by category:
   149454 kB: Dalvik
               74639 kB: .Heap
               67760 kB: .LOS
                7798 kB: .LinearAlloc
                5742 kB: .GC
                5495 kB: .Zygote
                2191 kB: .IndirectRef
                1560 kB: .NonMoving
                   0 kB: .JITCache
   131665 kB: Native
   125104 kB: EGL mtrack
    95359 kB: .so mmap
    69385 kB: .dex mmap
    45339 kB: .oat mmap
    38824 kB: .art mmap
    27974 kB: .apk mmap
    15731 kB: Dalvik Other
     9892 kB: Gfx dev
     9471 kB: Unknown
     7748 kB: Stack
     6377 kB: Other mmap
     1568 kB: Ashmem
      529 kB: .ttf mmap
      161 kB: Other dev
      160 kB: .jar mmap
        0 kB: Cursor
        0 kB: GL mtrack
        0 kB: Other mtrack

Total RAM: 1857376 kB (status normal)
 Free RAM: 996210 kB (144350 cached pss + 713148 cached kernel + 138712 free)
 Used RAM: 726911 kB (590391 used pss + 136520 kernel)
 Lost RAM: 134255 kB
     ZRAM: 2156 kB physical used for 9700 kB in swap (520908 kB total swap)
   Tuning: 192 (large 512), oom 322560 kB, restore limit 107520 kB (high-end-gfx)
mar 22 nov 2016, 17.16.44, CET
Applications Memory Usage (kB):
Uptime: 1986954 Realtime: 1986954

Total PSS by process:
   108073 kB: com.android.systemui (pid 975)
    89867 kB: system (pid 751)
    60284 kB: com.baidu.searchbox (pid 12948 / activities)
    60147 kB: com.youku.phone (pid 12662 / activities)
    37713 kB: com.android.launcher3 (pid 1240 / activities)
    36495 kB: com.moji.mjweather (pid 12393 / activities)
    29331 kB: com.android.packageinstaller (pid 2698 / activities)
    28238 kB: com.UCMobile.intl (pid 13095 / activities)
    25610 kB: surfaceflinger (pid 368)
    19771 kB: com.sina.weibo (pid 12540 / activities)
    19049 kB: com.android.phone (pid 1224)
    16932 kB: mm-qcamera-daemon (pid 465)
    15698 kB: zygote (pid 462)
    14414 kB: zygote64 (pid 461)
    14304 kB: com.tencent.mm:push (pid 13020)
    13055 kB: com.baidu.navi (pid 2577)
    11413 kB: com.android.nfc (pid 1211)
    11061 kB: app_process (pid 13240)
    10757 kB: com.baidu.searchbox:megapp (pid 13176)
    10434 kB: com.sina.weibo:remote (pid 12581)
    10171 kB: com.sina.weibo.image (pid 12618)
     9978 kB: com.android.inputmethod.latin (pid 1191)
     9188 kB: com.youku.phone:accelerater (pid 12767)
     9173 kB: android.process.acore (pid 1289)
     8390 kB: com.youku.phone:download (pid 12695)
     8387 kB: mediaserver (pid 457)
     7711 kB: com.youku.phone:SoUpgradeService (pid 12886)
     7478 kB: com.push.Youku_PushService (pid 12709)
     7163 kB: android.process.media (pid 2849)
     5822 kB: com.android.defcontainer (pid 1683)
     5571 kB: com.android.gallery3d (pid 1739)
     4975 kB: com.android.musicfx (pid 1705)
     4897 kB: rild (pid 455)
     4288 kB: com.svox.pico (pid 1754)
     4254 kB: com.android.smspush (pid 1357)
     3159 kB: drmserver (pid 456)
     2807 kB: logd (pid 332)
     1264 kB: sdcard (pid 918)
     1145 kB: netd (pid 452)
      988 kB: keystore (pid 459)
      797 kB: vold (pid 334)
      774 kB: gatekeeperd (pid 463)
      720 kB: adbd (pid 402)
      618 kB: installd (pid 458)
      611 kB: /init (pid 1)
      524 kB: healthd (pid 365)
      499 kB: logcat (pid 2036)
      464 kB: dumpsys (pid 13219)
      439 kB: perfprofd (pid 464)
      438 kB: ueventd (pid 309)
      388 kB: debuggerd64 (pid 454)
      385 kB: debuggerd (pid 453)
      263 kB: sh (pid 400)
      251 kB: servicemanager (pid 367)
      108 kB: lmkd (pid 366)
       67 kB: qseecomd (pid 371)
       54 kB: qseecomd (pid 380)

Total PSS by OOM adjustment:
   113762 kB: Native
               25610 kB: surfaceflinger (pid 368)
               16932 kB: mm-qcamera-daemon (pid 465)
               15698 kB: zygote (pid 462)
               14414 kB: zygote64 (pid 461)
               11061 kB: app_process (pid 13240)
                8387 kB: mediaserver (pid 457)
                4897 kB: rild (pid 455)
                3159 kB: drmserver (pid 456)
                2807 kB: logd (pid 332)
                1264 kB: sdcard (pid 918)
                1145 kB: netd (pid 452)
                 988 kB: keystore (pid 459)
                 797 kB: vold (pid 334)
                 774 kB: gatekeeperd (pid 463)
                 720 kB: adbd (pid 402)
                 618 kB: installd (pid 458)
                 611 kB: /init (pid 1)
                 524 kB: healthd (pid 365)
                 499 kB: logcat (pid 2036)
                 464 kB: dumpsys (pid 13219)
                 439 kB: perfprofd (pid 464)
                 438 kB: ueventd (pid 309)
                 388 kB: debuggerd64 (pid 454)
                 385 kB: debuggerd (pid 453)
                 263 kB: sh (pid 400)
                 251 kB: servicemanager (pid 367)
                 108 kB: lmkd (pid 366)
                  67 kB: qseecomd (pid 371)
                  54 kB: qseecomd (pid 380)
    89867 kB: System
               89867 kB: system (pid 751)
   138535 kB: Persistent
              108073 kB: com.android.systemui (pid 975)
               19049 kB: com.android.phone (pid 1224)
               11413 kB: com.android.nfc (pid 1211)
    36495 kB: Foreground
               36495 kB: com.moji.mjweather (pid 12393 / activities)
     4254 kB: Visible
                4254 kB: com.android.smspush (pid 1357)
    38216 kB: Perceptible
               28238 kB: com.UCMobile.intl (pid 13095 / activities)
                9978 kB: com.android.inputmethod.latin (pid 1191)
    33451 kB: A Services
               14304 kB: com.tencent.mm:push (pid 13020)
               10757 kB: com.baidu.searchbox:megapp (pid 13176)
                8390 kB: com.youku.phone:download (pid 12695)
    37713 kB: Home
               37713 kB: com.android.launcher3 (pid 1240 / activities)
    19771 kB: Previous
               19771 kB: com.sina.weibo (pid 12540 / activities)
    87121 kB: B Services
               60284 kB: com.baidu.searchbox (pid 12948 / activities)
               10171 kB: com.sina.weibo.image (pid 12618)
                9188 kB: com.youku.phone:accelerater (pid 12767)
                7478 kB: com.push.Youku_PushService (pid 12709)
   157670 kB: Cached
               60147 kB: com.youku.phone (pid 12662 / activities)
               29331 kB: com.android.packageinstaller (pid 2698 / activities)
               13055 kB: com.baidu.navi (pid 2577)
               10434 kB: com.sina.weibo:remote (pid 12581)
                9173 kB: android.process.acore (pid 1289)
                7711 kB: com.youku.phone:SoUpgradeService (pid 12886)
                7163 kB: android.process.media (pid 2849)
                5822 kB: com.android.defcontainer (pid 1683)
                5571 kB: com.android.gallery3d (pid 1739)
                4975 kB: com.android.musicfx (pid 1705)
                4288 kB: com.svox.pico (pid 1754)

Total PSS by category:
   166173 kB: Dalvik
               89674 kB: .Heap
               68843 kB: .LOS
                9537 kB: .LinearAlloc
                6276 kB: .GC
                6004 kB: .Zygote
                2489 kB: .IndirectRef
                1652 kB: .NonMoving
                   0 kB: .JITCache
   135020 kB: Native
   107248 kB: EGL mtrack
    96774 kB: .so mmap
    81712 kB: .dex mmap
    46148 kB: .oat mmap
    41836 kB: .art mmap
    28585 kB: .apk mmap
    18302 kB: Dalvik Other
     9927 kB: Unknown
     8360 kB: Stack
     8274 kB: Gfx dev
     6088 kB: Other mmap
     1572 kB: Ashmem
      503 kB: .ttf mmap
      173 kB: Other dev
      160 kB: .jar mmap
        0 kB: Cursor
        0 kB: GL mtrack
        0 kB: Other mtrack

Total RAM: 1857376 kB (status normal)
 Free RAM: 1013146 kB (157670 cached pss + 711752 cached kernel + 143724 free)
 Used RAM: 735385 kB (599185 used pss + 136200 kernel)
 Lost RAM: 108845 kB
     ZRAM: 2160 kB physical used for 9716 kB in swap (520908 kB total swap)
   Tuning: 192 (large 512), oom 322560 kB, restore limit 107520 kB (high-end-gfx)
mar 22 nov 2016, 17.17.16, CET
Applications Memory Usage (kB):
Uptime: 2018937 Realtime: 2018937

Total PSS by process:
   103271 kB: com.android.systemui (pid 975)
    89742 kB: system (pid 751)
    62107 kB: com.baidu.searchbox (pid 13875 / activities)
    60881 kB: com.youku.phone (pid 13591 / activities)
    37636 kB: com.android.launcher3 (pid 1240 / activities)
    36816 kB: com.UCMobile.intl (pid 14022 / activities)
    32580 kB: com.tencent.mm (pid 13422 / activities)
    31718 kB: com.moji.mjweather (pid 13321 / activities)
    29359 kB: com.android.packageinstaller (pid 2698 / activities)
    25610 kB: surfaceflinger (pid 368)
    19510 kB: com.sina.weibo (pid 13469 / activities)
    19289 kB: com.android.phone (pid 1224)
    16976 kB: mm-qcamera-daemon (pid 465)
    14583 kB: zygote (pid 462)
    14372 kB: zygote64 (pid 461)
    14369 kB: com.tencent.mm:push (pid 13947)
    12802 kB: com.baidu.navi (pid 2577)
    11549 kB: com.baidu.searchbox:megapp (pid 14107)
    11204 kB: com.android.nfc (pid 1211)
    10169 kB: com.sina.weibo:remote (pid 13510)
     9969 kB: com.android.inputmethod.latin (pid 1191)
     9846 kB: com.sina.weibo.image (pid 13547)
     9166 kB: android.process.acore (pid 1289)
     9065 kB: com.youku.phone:accelerater (pid 13700)
     8365 kB: mediaserver (pid 457)
     8176 kB: com.youku.phone:download (pid 13624)
     7411 kB: com.youku.phone:SoUpgradeService (pid 13814)
     7234 kB: android.process.media (pid 2849)
     7217 kB: com.push.Youku_PushService (pid 13638)
     5822 kB: com.android.defcontainer (pid 1683)
     5571 kB: com.android.gallery3d (pid 1739)
     4975 kB: com.android.musicfx (pid 1705)
     4897 kB: rild (pid 455)
     4288 kB: com.svox.pico (pid 1754)
     4254 kB: com.android.smspush (pid 1357)
     3145 kB: drmserver (pid 456)
     2843 kB: logd (pid 332)
     1264 kB: sdcard (pid 918)
     1145 kB: netd (pid 452)
      988 kB: keystore (pid 459)
      797 kB: vold (pid 334)
      774 kB: gatekeeperd (pid 463)
      748 kB: adbd (pid 402)
      618 kB: installd (pid 458)
      611 kB: /init (pid 1)
      524 kB: healthd (pid 365)
      499 kB: logcat (pid 2036)
      466 kB: dumpsys (pid 14105)
      439 kB: perfprofd (pid 464)
      438 kB: ueventd (pid 309)
      388 kB: debuggerd64 (pid 454)
      372 kB: debuggerd (pid 453)
      308 kB: wdaemon (pid 13506)
      263 kB: sh (pid 400)
      251 kB: servicemanager (pid 367)
      108 kB: lmkd (pid 366)
       67 kB: qseecomd (pid 371)
       54 kB: qseecomd (pid 380)
        0 kB: app_process (pid 14139)

Total PSS by OOM adjustment:
   113462 kB: Native
               25610 kB: surfaceflinger (pid 368)
               16976 kB: mm-qcamera-daemon (pid 465)
               14583 kB: zygote (pid 462)
               14372 kB: zygote64 (pid 461)
               11549 kB: com.baidu.searchbox:megapp (pid 14107)
                8365 kB: mediaserver (pid 457)
                4897 kB: rild (pid 455)
                3145 kB: drmserver (pid 456)
                2843 kB: logd (pid 332)
                1264 kB: sdcard (pid 918)
                1145 kB: netd (pid 452)
                 988 kB: keystore (pid 459)
                 797 kB: vold (pid 334)
                 774 kB: gatekeeperd (pid 463)
                 748 kB: adbd (pid 402)
                 618 kB: installd (pid 458)
                 611 kB: /init (pid 1)
                 524 kB: healthd (pid 365)
                 499 kB: logcat (pid 2036)
                 466 kB: dumpsys (pid 14105)
                 439 kB: perfprofd (pid 464)
                 438 kB: ueventd (pid 309)
                 388 kB: debuggerd64 (pid 454)
                 372 kB: debuggerd (pid 453)
                 308 kB: wdaemon (pid 13506)
                 263 kB: sh (pid 400)
                 251 kB: servicemanager (pid 367)
                 108 kB: lmkd (pid 366)
                  67 kB: qseecomd (pid 371)
                  54 kB: qseecomd (pid 380)
                   0 kB: app_process (pid 14139)
    89742 kB: System
               89742 kB: system (pid 751)
   133764 kB: Persistent
              103271 kB: com.android.systemui (pid 975)
               19289 kB: com.android.phone (pid 1224)
               11204 kB: com.android.nfc (pid 1211)
    68534 kB: Foreground
               36816 kB: com.UCMobile.intl (pid 14022 / activities)
               31718 kB: com.moji.mjweather (pid 13321 / activities)
     4254 kB: Visible
                4254 kB: com.android.smspush (pid 1357)
     9969 kB: Perceptible
                9969 kB: com.android.inputmethod.latin (pid 1191)
    22545 kB: A Services
               14369 kB: com.tencent.mm:push (pid 13947)
                8176 kB: com.youku.phone:download (pid 13624)
    37636 kB: Home
               37636 kB: com.android.launcher3 (pid 1240 / activities)
    19510 kB: Previous
               19510 kB: com.sina.weibo (pid 13469 / activities)
    26128 kB: B Services
                9846 kB: com.sina.weibo.image (pid 13547)
                9065 kB: com.youku.phone:accelerater (pid 13700)
                7217 kB: com.push.Youku_PushService (pid 13638)
   252365 kB: Cached
               62107 kB: com.baidu.searchbox (pid 13875 / activities)
               60881 kB: com.youku.phone (pid 13591 / activities)
               32580 kB: com.tencent.mm (pid 13422 / activities)
               29359 kB: com.android.packageinstaller (pid 2698 / activities)
               12802 kB: com.baidu.navi (pid 2577)
               10169 kB: com.sina.weibo:remote (pid 13510)
                9166 kB: android.process.acore (pid 1289)
                7411 kB: com.youku.phone:SoUpgradeService (pid 13814)
                7234 kB: android.process.media (pid 2849)
                5822 kB: com.android.defcontainer (pid 1683)
                5571 kB: com.android.gallery3d (pid 1739)
                4975 kB: com.android.musicfx (pid 1705)
                4288 kB: com.svox.pico (pid 1754)

Total PSS by category:
   166469 kB: Dalvik
               85662 kB: .Heap
               73154 kB: .LOS
                9877 kB: .LinearAlloc
                6311 kB: .GC
                6101 kB: .Zygote
                2533 kB: .IndirectRef
                1552 kB: .NonMoving
                   0 kB: .JITCache
   140459 kB: Native
   115324 kB: EGL mtrack
    93284 kB: .so mmap
    91936 kB: .dex mmap
    46381 kB: .oat mmap
    40732 kB: .art mmap
    28964 kB: .apk mmap
    18721 kB: Dalvik Other
     9899 kB: Unknown
     8554 kB: Stack
     8418 kB: Gfx dev
     6332 kB: Other mmap
     1574 kB: Ashmem
      532 kB: .ttf mmap
      170 kB: Other dev
      160 kB: .jar mmap
        0 kB: Cursor
        0 kB: GL mtrack
        0 kB: Other mtrack

Total RAM: 1857376 kB (status normal)
 Free RAM: 1075397 kB (252365 cached pss + 702500 cached kernel + 120532 free)
 Used RAM: 664272 kB (525544 used pss + 138728 kernel)
 Lost RAM: 117707 kB
     ZRAM: 2160 kB physical used for 9728 kB in swap (520908 kB total swap)
   Tuning: 192 (large 512), oom 322560 kB, restore limit 107520 kB (high-end-gfx)
mar 22 nov 2016, 17.17.48, CET
Applications Memory Usage (kB):
Uptime: 2050906 Realtime: 2050906

Total PSS by process:
   103866 kB: com.android.systemui (pid 975)
    90005 kB: system (pid 751)
    61279 kB: com.youku.phone (pid 14518 / activities)
    51607 kB: com.baidu.searchbox (pid 14803 / activities)
    37705 kB: com.android.launcher3 (pid 1240 / activities)
    32716 kB: com.tencent.mm (pid 14348 / activities)
    29294 kB: com.android.packageinstaller (pid 2698 / activities)
    25655 kB: surfaceflinger (pid 368)
    22318 kB: com.moji.mjweather (pid 14247)
    19566 kB: com.android.phone (pid 1224)
    19512 kB: com.sina.weibo (pid 14395 / activities)
    16946 kB: mm-qcamera-daemon (pid 465)
    16926 kB: zygote64 (pid 461)
    14485 kB: com.tencent.mm:push (pid 14875)
    14101 kB: zygote (pid 462)
    13095 kB: com.UCMobile.intl (pid 14952 / activities)
    12895 kB: com.baidu.navi (pid 2577)
    11271 kB: com.android.nfc (pid 1211)
    10282 kB: com.sina.weibo:remote (pid 14437)
    10074 kB: com.baidu.searchbox:megapp (pid 15034)
     9985 kB: com.sina.weibo.image (pid 14474)
     9971 kB: com.android.inputmethod.latin (pid 1191)
     9270 kB: com.youku.phone:accelerater (pid 14634)
     9166 kB: android.process.acore (pid 1289)
     8462 kB: com.youku.phone:download (pid 14551)
     8457 kB: com.push.Youku_PushService (pid 14565)
     8350 kB: mediaserver (pid 457)
     7590 kB: com.youku.phone:SoUpgradeService (pid 14741)
     7237 kB: android.process.media (pid 2849)
     5822 kB: com.android.defcontainer (pid 1683)
     5571 kB: com.android.gallery3d (pid 1739)
     5117 kB: app_process (pid 15029)
     4975 kB: com.android.musicfx (pid 1705)
     4918 kB: rild (pid 455)
     4288 kB: com.svox.pico (pid 1754)
     4254 kB: com.android.smspush (pid 1357)
     3131 kB: drmserver (pid 456)
     2892 kB: logd (pid 332)
     1264 kB: sdcard (pid 918)
     1145 kB: netd (pid 452)
      988 kB: keystore (pid 459)
      799 kB: vold (pid 334)
      774 kB: gatekeeperd (pid 463)
      752 kB: adbd (pid 402)
      618 kB: installd (pid 458)
      611 kB: /init (pid 1)
      524 kB: healthd (pid 365)
      499 kB: logcat (pid 2036)
      460 kB: dumpsys (pid 14977)
      440 kB: perfprofd (pid 464)
      438 kB: ueventd (pid 309)
      388 kB: debuggerd64 (pid 454)
      369 kB: debuggerd (pid 453)
      310 kB: wdaemon (pid 14432)
      263 kB: sh (pid 400)
      251 kB: servicemanager (pid 367)
      109 kB: lmkd (pid 366)
       67 kB: qseecomd (pid 371)
       54 kB: qseecomd (pid 380)

Total PSS by OOM adjustment:
   119233 kB: Native
               25655 kB: surfaceflinger (pid 368)
               16946 kB: mm-qcamera-daemon (pid 465)
               16926 kB: zygote64 (pid 461)
               14101 kB: zygote (pid 462)
               10074 kB: com.baidu.searchbox:megapp (pid 15034)
                8350 kB: mediaserver (pid 457)
                5117 kB: app_process (pid 15029)
                4918 kB: rild (pid 455)
                3131 kB: drmserver (pid 456)
                2892 kB: logd (pid 332)
                1264 kB: sdcard (pid 918)
                1145 kB: netd (pid 452)
                 988 kB: keystore (pid 459)
                 799 kB: vold (pid 334)
                 774 kB: gatekeeperd (pid 463)
                 752 kB: adbd (pid 402)
                 618 kB: installd (pid 458)
                 611 kB: /init (pid 1)
                 524 kB: healthd (pid 365)
                 499 kB: logcat (pid 2036)
                 460 kB: dumpsys (pid 14977)
                 440 kB: perfprofd (pid 464)
                 438 kB: ueventd (pid 309)
                 388 kB: debuggerd64 (pid 454)
                 369 kB: debuggerd (pid 453)
                 310 kB: wdaemon (pid 14432)
                 263 kB: sh (pid 400)
                 251 kB: servicemanager (pid 367)
                 109 kB: lmkd (pid 366)
                  67 kB: qseecomd (pid 371)
                  54 kB: qseecomd (pid 380)
    90005 kB: System
               90005 kB: system (pid 751)
   134703 kB: Persistent
              103866 kB: com.android.systemui (pid 975)
               19566 kB: com.android.phone (pid 1224)
               11271 kB: com.android.nfc (pid 1211)
    13095 kB: Foreground
               13095 kB: com.UCMobile.intl (pid 14952 / activities)
     4254 kB: Visible
                4254 kB: com.android.smspush (pid 1357)
     9971 kB: Perceptible
                9971 kB: com.android.inputmethod.latin (pid 1191)
    22947 kB: A Services
               14485 kB: com.tencent.mm:push (pid 14875)
                8462 kB: com.youku.phone:download (pid 14551)
    37705 kB: Home
               37705 kB: com.android.launcher3 (pid 1240 / activities)
    19512 kB: Previous
               19512 kB: com.sina.weibo (pid 14395 / activities)
    27712 kB: B Services
                9985 kB: com.sina.weibo.image (pid 14474)
                9270 kB: com.youku.phone:accelerater (pid 14634)
                8457 kB: com.push.Youku_PushService (pid 14565)
   265040 kB: Cached
               61279 kB: com.youku.phone (pid 14518 / activities)
               51607 kB: com.baidu.searchbox (pid 14803 / activities)
               32716 kB: com.tencent.mm (pid 14348 / activities)
               29294 kB: com.android.packageinstaller (pid 2698 / activities)
               22318 kB: com.moji.mjweather (pid 14247)
               12895 kB: com.baidu.navi (pid 2577)
               10282 kB: com.sina.weibo:remote (pid 14437)
                9166 kB: android.process.acore (pid 1289)
                7590 kB: com.youku.phone:SoUpgradeService (pid 14741)
                7237 kB: android.process.media (pid 2849)
                5822 kB: com.android.defcontainer (pid 1683)
                5571 kB: com.android.gallery3d (pid 1739)
                4975 kB: com.android.musicfx (pid 1705)
                4288 kB: com.svox.pico (pid 1754)

Total PSS by category:
   152600 kB: Dalvik
               79926 kB: .Heap
               65223 kB: .LOS
                9310 kB: .LinearAlloc
                6334 kB: .GC
                6143 kB: .Zygote
                2406 kB: .IndirectRef
                1308 kB: .NonMoving
                   0 kB: .JITCache
   132708 kB: Native
   107248 kB: EGL mtrack
    99633 kB: .so mmap
    84556 kB: .dex mmap
    45569 kB: .oat mmap
    40504 kB: .art mmap
    28206 kB: .apk mmap
    18050 kB: Dalvik Other
    10051 kB: Unknown
     8348 kB: Stack
     7900 kB: Gfx dev
     6372 kB: Other mmap
     1572 kB: Ashmem
      531 kB: .ttf mmap
      169 kB: Other dev
      160 kB: .jar mmap
        0 kB: Cursor
        0 kB: GL mtrack
        0 kB: Other mtrack

Total RAM: 1857376 kB (status normal)
 Free RAM: 1061232 kB (265040 cached pss + 689148 cached kernel + 107044 free)
 Used RAM: 619181 kB (479137 used pss + 140044 kernel)
 Lost RAM: 176963 kB
     ZRAM: 2160 kB physical used for 9728 kB in swap (520908 kB total swap)
   Tuning: 192 (large 512), oom 322560 kB, restore limit 107520 kB (high-end-gfx)
mar 22 nov 2016, 17.18.19, CET
Applications Memory Usage (kB):
Uptime: 2082632 Realtime: 2082632

Total PSS by process:
   104231 kB: com.android.systemui (pid 975)
    90035 kB: system (pid 751)
    70214 kB: com.baidu.searchbox (pid 15731 / activities)
    64407 kB: com.youku.phone (pid 15445 / activities)
    37573 kB: com.android.launcher3 (pid 1240 / activities)
    32812 kB: com.tencent.mm (pid 15276 / activities)
    30652 kB: com.android.packageinstaller (pid 2698 / activities)
    28121 kB: com.UCMobile.intl (pid 15882)
    25758 kB: surfaceflinger (pid 368)
    23096 kB: com.sina.weibo (pid 15322 / activities)
    22792 kB: com.moji.mjweather (pid 15175)
    19724 kB: com.android.phone (pid 1224)
    18169 kB: zygote64 (pid 461)
    16949 kB: mm-qcamera-daemon (pid 465)
    14397 kB: zygote (pid 462)
    14374 kB: com.tencent.mm:push (pid 15804)
    13082 kB: com.baidu.navi (pid 2577)
    11301 kB: com.android.nfc (pid 1211)
    10399 kB: com.sina.weibo:remote (pid 15364)
    10064 kB: com.sina.weibo.image (pid 15401)
     9938 kB: com.android.inputmethod.latin (pid 1191)
     9344 kB: com.youku.phone:accelerater (pid 15548)
     9239 kB: com.youku.phone:SoUpgradeService (pid 15669)
     9175 kB: android.process.acore (pid 1289)
     8788 kB: com.push.Youku_PushService (pid 15492)
     8540 kB: com.youku.phone:download (pid 15478)
     8354 kB: mediaserver (pid 457)
     7273 kB: android.process.media (pid 2849)
     5822 kB: com.android.defcontainer (pid 1683)
     5571 kB: com.android.gallery3d (pid 1739)
     5023 kB: rild (pid 455)
     4968 kB: com.android.musicfx (pid 1705)
     4288 kB: com.svox.pico (pid 1754)
     4219 kB: com.android.smspush (pid 1357)
     3135 kB: drmserver (pid 456)
     2894 kB: logd (pid 332)
     1264 kB: sdcard (pid 918)
     1153 kB: netd (pid 452)
      996 kB: keystore (pid 459)
      808 kB: vold (pid 334)
      783 kB: gatekeeperd (pid 463)
      720 kB: adbd (pid 402)
      619 kB: installd (pid 458)
      611 kB: /init (pid 1)
      524 kB: healthd (pid 365)
      500 kB: logcat (pid 2036)
      466 kB: dumpsys (pid 15848)
      442 kB: perfprofd (pid 464)
      438 kB: ueventd (pid 309)
      391 kB: debuggerd64 (pid 454)
      372 kB: debuggerd (pid 453)
      306 kB: wdaemon (pid 15359)
      264 kB: sh (pid 400)
      252 kB: servicemanager (pid 367)
      110 kB: lmkd (pid 366)
       69 kB: qseecomd (pid 371)
       54 kB: qseecomd (pid 380)

Total PSS by OOM adjustment:
   133942 kB: Native
               28121 kB: com.UCMobile.intl (pid 15882)
               25758 kB: surfaceflinger (pid 368)
               18169 kB: zygote64 (pid 461)
               16949 kB: mm-qcamera-daemon (pid 465)
               14397 kB: zygote (pid 462)
                8354 kB: mediaserver (pid 457)
                5023 kB: rild (pid 455)
                3135 kB: drmserver (pid 456)
                2894 kB: logd (pid 332)
                1264 kB: sdcard (pid 918)
                1153 kB: netd (pid 452)
                 996 kB: keystore (pid 459)
                 808 kB: vold (pid 334)
                 783 kB: gatekeeperd (pid 463)
                 720 kB: adbd (pid 402)
                 619 kB: installd (pid 458)
                 611 kB: /init (pid 1)
                 524 kB: healthd (pid 365)
                 500 kB: logcat (pid 2036)
                 466 kB: dumpsys (pid 15848)
                 442 kB: perfprofd (pid 464)
                 438 kB: ueventd (pid 309)
                 391 kB: debuggerd64 (pid 454)
                 372 kB: debuggerd (pid 453)
                 306 kB: wdaemon (pid 15359)
                 264 kB: sh (pid 400)
                 252 kB: servicemanager (pid 367)
                 110 kB: lmkd (pid 366)
                  69 kB: qseecomd (pid 371)
                  54 kB: qseecomd (pid 380)
    90035 kB: System
               90035 kB: system (pid 751)
   135256 kB: Persistent
              104231 kB: com.android.systemui (pid 975)
               19724 kB: com.android.phone (pid 1224)
               11301 kB: com.android.nfc (pid 1211)
    70214 kB: Foreground
               70214 kB: com.baidu.searchbox (pid 15731 / activities)
     4219 kB: Visible
                4219 kB: com.android.smspush (pid 1357)
     9938 kB: Perceptible
                9938 kB: com.android.inputmethod.latin (pid 1191)
    31702 kB: A Services
               14374 kB: com.tencent.mm:push (pid 15804)
                8788 kB: com.push.Youku_PushService (pid 15492)
                8540 kB: com.youku.phone:download (pid 15478)
    37573 kB: Home
               37573 kB: com.android.launcher3 (pid 1240 / activities)
    23096 kB: Previous
               23096 kB: com.sina.weibo (pid 15322 / activities)
    19408 kB: B Services
               10064 kB: com.sina.weibo.image (pid 15401)
