mar 22 nov 2016, 11.21.31, CET
Applications Memory Usage (kB):
Uptime: 632183 Realtime: 632183

Total PSS by process:
    92660 kB: system (pid 751)
    91927 kB: com.android.systemui (pid 953)
    52889 kB: com.android.launcher3 (pid 1456 / activities)
    36730 kB: zygote (pid 460)
    34472 kB: com.tencent.mm (pid 2085)
    30837 kB: surfaceflinger (pid 376)
    19719 kB: zygote64 (pid 459)
    17499 kB: mm-qcamera-daemon (pid 463)
    16291 kB: com.android.phone (pid 1240)
    10667 kB: com.android.nfc (pid 1227)
    10572 kB: mediaserver (pid 456)
    10031 kB: com.android.inputmethod.latin (pid 1204)
     9781 kB: android.process.media (pid 970)
     9165 kB: android.process.acore (pid 1190)
     8632 kB: com.android.email (pid 1644)
     8046 kB: com.android.messaging (pid 1665)
     6045 kB: com.android.gallery3d (pid 1469)
     5770 kB: com.android.calendar (pid 1547)
     5556 kB: com.android.providers.calendar (pid 1563)
     5320 kB: com.android.deskclock (pid 1628)
     4981 kB: rild (pid 454)
     4782 kB: com.android.dialer (pid 1531)
     4674 kB: com.android.camera2 (pid 1613)
     4653 kB: com.android.defcontainer (pid 1747)
     4119 kB: com.android.musicfx (pid 1722)
     3682 kB: com.android.managedprovisioning (pid 1579)
     3462 kB: com.android.keychain (pid 1512)
     3337 kB: com.svox.pico (pid 1771)
     3331 kB: com.android.smspush (pid 1346)
     3325 kB: com.android.onetimeinitializer (pid 1595)
     3060 kB: drmserver (pid 455)
     1520 kB: logd (pid 334)
     1212 kB: sdcard (pid 910)
     1067 kB: netd (pid 451)
      993 kB: keystore (pid 458)
      792 kB: vold (pid 336)
      784 kB: adbd (pid 410)
      781 kB: gatekeeperd (pid 461)
      641 kB: sh (pid 408)
      612 kB: installd (pid 457)
      607 kB: /init (pid 1)
      576 kB: top (pid 2072)
      576 kB: top (pid 2074)
      528 kB: healthd (pid 371)
      483 kB: logcat (pid 2055)
      460 kB: dumpsys (pid 2083)
      446 kB: ueventd (pid 309)
      445 kB: debuggerd (pid 452)
      439 kB: perfprofd (pid 462)
      385 kB: debuggerd64 (pid 453)
      246 kB: servicemanager (pid 373)
       88 kB: lmkd (pid 372)
       62 kB: qseecomd (pid 377)
       50 kB: qseecomd (pid 384)

Total PSS by OOM adjustment:
   171663 kB: Native
               36730 kB: zygote (pid 460)
               34472 kB: com.tencent.mm (pid 2085)
               30837 kB: surfaceflinger (pid 376)
               19719 kB: zygote64 (pid 459)
               17499 kB: mm-qcamera-daemon (pid 463)
               10572 kB: mediaserver (pid 456)
                4981 kB: rild (pid 454)
                3060 kB: drmserver (pid 455)
                1520 kB: logd (pid 334)
                1212 kB: sdcard (pid 910)
                1067 kB: netd (pid 451)
                 993 kB: keystore (pid 458)
                 792 kB: vold (pid 336)
                 784 kB: adbd (pid 410)
                 781 kB: gatekeeperd (pid 461)
                 641 kB: sh (pid 408)
                 612 kB: installd (pid 457)
                 607 kB: /init (pid 1)
                 576 kB: top (pid 2072)
                 576 kB: top (pid 2074)
                 528 kB: healthd (pid 371)
                 483 kB: logcat (pid 2055)
                 460 kB: dumpsys (pid 2083)
                 446 kB: ueventd (pid 309)
                 445 kB: debuggerd (pid 452)
                 439 kB: perfprofd (pid 462)
                 385 kB: debuggerd64 (pid 453)
                 246 kB: servicemanager (pid 373)
                  88 kB: lmkd (pid 372)
                  62 kB: qseecomd (pid 377)
                  50 kB: qseecomd (pid 384)
    92660 kB: System
               92660 kB: system (pid 751)
   118885 kB: Persistent
               91927 kB: com.android.systemui (pid 953)
               16291 kB: com.android.phone (pid 1240)
               10667 kB: com.android.nfc (pid 1227)
     3331 kB: Visible
                3331 kB: com.android.smspush (pid 1346)
    10031 kB: Perceptible
               10031 kB: com.android.inputmethod.latin (pid 1204)
    52889 kB: Home
               52889 kB: com.android.launcher3 (pid 1456 / activities)
    90349 kB: Cached
                9781 kB: android.process.media (pid 970)
                9165 kB: android.process.acore (pid 1190)
                8632 kB: com.android.email (pid 1644)
                8046 kB: com.android.messaging (pid 1665)
                6045 kB: com.android.gallery3d (pid 1469)
                5770 kB: com.android.calendar (pid 1547)
                5556 kB: com.android.providers.calendar (pid 1563)
                5320 kB: com.android.deskclock (pid 1628)
                4782 kB: com.android.dialer (pid 1531)
                4674 kB: com.android.camera2 (pid 1613)
                4653 kB: com.android.defcontainer (pid 1747)
                4119 kB: com.android.musicfx (pid 1722)
                3682 kB: com.android.managedprovisioning (pid 1579)
                3462 kB: com.android.keychain (pid 1512)
                3337 kB: com.svox.pico (pid 1771)
                3325 kB: com.android.onetimeinitializer (pid 1595)

Total PSS by category:
    96481 kB: Native
    93936 kB: EGL mtrack
    90699 kB: Dalvik
               44952 kB: .LOS
               39780 kB: .Heap
                5019 kB: .Zygote
                4488 kB: .LinearAlloc
                3544 kB: .GC
                1719 kB: .IndirectRef
                 948 kB: .NonMoving
                   0 kB: .JITCache
    82901 kB: .so mmap
    45868 kB: .oat mmap
    44148 kB: .dex mmap
    35894 kB: .art mmap
    17425 kB: .apk mmap
     9751 kB: Dalvik Other
     6468 kB: Stack
     5501 kB: Unknown
     5446 kB: Other mmap
     3014 kB: Gfx dev
     1852 kB: .ttf mmap
      284 kB: Ashmem
      140 kB: Other dev
        0 kB: Cursor
        0 kB: .jar mmap
        0 kB: GL mtrack
        0 kB: Other mtrack

Total RAM: 1857376 kB (status normal)
 Free RAM: 1163769 kB (90349 cached pss + 858560 cached kernel + 214860 free)
 Used RAM: 580779 kB (449459 used pss + 131320 kernel)
 Lost RAM: 112828 kB
     ZRAM: 1664 kB physical used for 3972 kB in swap (520908 kB total swap)
   Tuning: 192 (large 512), oom 322560 kB, restore limit 107520 kB (high-end-gfx)
mar 22 nov 2016, 11.22.02, CET
Applications Memory Usage (kB):
Uptime: 663412 Realtime: 663412

Total PSS by process:
    95911 kB: com.android.systemui (pid 953)
    91273 kB: system (pid 751)
    53153 kB: com.android.launcher3 (pid 1456 / activities)
    38597 kB: com.moji.mjweather (pid 3029)
    27854 kB: surfaceflinger (pid 376)
    26504 kB: zygote (pid 460)
    22222 kB: com.baidu.navi (pid 2580)
    17672 kB: zygote64 (pid 459)
    17377 kB: mm-qcamera-daemon (pid 463)
    14612 kB: com.android.phone (pid 1240)
    10497 kB: com.android.nfc (pid 1227)
    10295 kB: mediaserver (pid 456)
     9157 kB: com.android.inputmethod.latin (pid 1204)
     8277 kB: android.process.acore (pid 1190)
     8050 kB: com.android.email (pid 1644)
     7205 kB: com.android.messaging (pid 1665)
     6144 kB: android.process.media (pid 2853)
     5419 kB: com.android.calendar (pid 1547)
     5344 kB: com.android.providers.calendar (pid 1563)
     4994 kB: com.android.gallery3d (pid 1469)
     4985 kB: rild (pid 454)
     4862 kB: com.android.defcontainer (pid 1747)
     4601 kB: com.android.deskclock (pid 1628)
     4243 kB: com.android.musicfx (pid 1722)
     4072 kB: com.android.packageinstaller (pid 2724)
     4051 kB: com.android.camera2 (pid 1613)
     3514 kB: com.svox.pico (pid 1771)
     3486 kB: com.android.smspush (pid 1346)
     3014 kB: drmserver (pid 455)
     1833 kB: logd (pid 334)
     1262 kB: sdcard (pid 910)
     1138 kB: netd (pid 451)
      996 kB: keystore (pid 458)
      792 kB: vold (pid 336)
      783 kB: gatekeeperd (pid 461)
      736 kB: adbd (pid 410)
      616 kB: installd (pid 457)
      607 kB: /init (pid 1)
      528 kB: healthd (pid 371)
      498 kB: logcat (pid 2055)
      463 kB: dumpsys (pid 3115)
      446 kB: ueventd (pid 309)
      440 kB: perfprofd (pid 462)
      429 kB: debuggerd (pid 452)
      389 kB: debuggerd64 (pid 453)
      265 kB: servicemanager (pid 373)
      253 kB: sh (pid 408)
       92 kB: lmkd (pid 372)
       65 kB: qseecomd (pid 377)
       52 kB: qseecomd (pid 384)

Total PSS by OOM adjustment:
   120384 kB: Native
               27854 kB: surfaceflinger (pid 376)
               26504 kB: zygote (pid 460)
               17672 kB: zygote64 (pid 459)
               17377 kB: mm-qcamera-daemon (pid 463)
               10295 kB: mediaserver (pid 456)
                4985 kB: rild (pid 454)
                3014 kB: drmserver (pid 455)
                1833 kB: logd (pid 334)
                1262 kB: sdcard (pid 910)
                1138 kB: netd (pid 451)
                 996 kB: keystore (pid 458)
                 792 kB: vold (pid 336)
                 783 kB: gatekeeperd (pid 461)
                 736 kB: adbd (pid 410)
                 616 kB: installd (pid 457)
                 607 kB: /init (pid 1)
                 528 kB: healthd (pid 371)
                 498 kB: logcat (pid 2055)
                 463 kB: dumpsys (pid 3115)
                 446 kB: ueventd (pid 309)
                 440 kB: perfprofd (pid 462)
                 429 kB: debuggerd (pid 452)
                 389 kB: debuggerd64 (pid 453)
                 265 kB: servicemanager (pid 373)
                 253 kB: sh (pid 408)
                  92 kB: lmkd (pid 372)
                  65 kB: qseecomd (pid 377)
                  52 kB: qseecomd (pid 384)
    91273 kB: System
               91273 kB: system (pid 751)
   121020 kB: Persistent
               95911 kB: com.android.systemui (pid 953)
               14612 kB: com.android.phone (pid 1240)
               10497 kB: com.android.nfc (pid 1227)
    53153 kB: Foreground
               53153 kB: com.android.launcher3 (pid 1456 / activities)
     3486 kB: Visible
                3486 kB: com.android.smspush (pid 1346)
     9157 kB: Perceptible
                9157 kB: com.android.inputmethod.latin (pid 1204)
     6144 kB: Previous
                6144 kB: android.process.media (pid 2853)
   125451 kB: Cached
               38597 kB: com.moji.mjweather (pid 3029)
               22222 kB: com.baidu.navi (pid 2580)
                8277 kB: android.process.acore (pid 1190)
                8050 kB: com.android.email (pid 1644)
                7205 kB: com.android.messaging (pid 1665)
                5419 kB: com.android.calendar (pid 1547)
                5344 kB: com.android.providers.calendar (pid 1563)
                4994 kB: com.android.gallery3d (pid 1469)
                4862 kB: com.android.defcontainer (pid 1747)
                4601 kB: com.android.deskclock (pid 1628)
                4243 kB: com.android.musicfx (pid 1722)
                4072 kB: com.android.packageinstaller (pid 2724)
                4051 kB: com.android.camera2 (pid 1613)
                3514 kB: com.svox.pico (pid 1771)

Total PSS by category:
   102576 kB: EGL mtrack
   100170 kB: Native
    84720 kB: Dalvik
               42639 kB: .LOS
               36288 kB: .Heap
                4877 kB: .Zygote
                4652 kB: .LinearAlloc
                3158 kB: .GC
                1758 kB: .IndirectRef
                 916 kB: .NonMoving
                   0 kB: .JITCache
    84212 kB: .so mmap
    40918 kB: .oat mmap
    34247 kB: .art mmap
    30528 kB: .dex mmap
    21401 kB: .apk mmap
     9568 kB: Dalvik Other
     6492 kB: Stack
     6282 kB: Unknown
     4828 kB: Other mmap
     3034 kB: Gfx dev
      412 kB: Ashmem
      382 kB: .ttf mmap
      160 kB: .jar mmap
      138 kB: Other dev
        0 kB: Cursor
        0 kB: GL mtrack
        0 kB: Other mtrack

Total RAM: 1857376 kB (status normal)
 Free RAM: 1198887 kB (125451 cached pss + 807112 cached kernel + 266324 free)
 Used RAM: 530833 kB (404617 used pss + 126216 kernel)
 Lost RAM: 127656 kB
     ZRAM: 1872 kB physical used for 7392 kB in swap (520908 kB total swap)
   Tuning: 192 (large 512), oom 322560 kB, restore limit 107520 kB (high-end-gfx)
mar 22 nov 2016, 11.22.33, CET
Applications Memory Usage (kB):
Uptime: 694726 Realtime: 694726

Total PSS by process:
    96728 kB: com.android.systemui (pid 953)
    89977 kB: system (pid 751)
    47759 kB: com.android.launcher3 (pid 1456 / activities)
    45433 kB: com.moji.mjweather (pid 4001)
    26778 kB: com.android.packageinstaller (pid 2724)
    26555 kB: zygote (pid 460)
    25919 kB: surfaceflinger (pid 376)
    22230 kB: com.baidu.navi (pid 2580)
    17539 kB: zygote64 (pid 459)
    17377 kB: mm-qcamera-daemon (pid 463)
    14843 kB: com.android.phone (pid 1240)
    10500 kB: com.android.nfc (pid 1227)
    10183 kB: mediaserver (pid 456)
     9090 kB: com.android.inputmethod.latin (pid 1204)
     8248 kB: android.process.acore (pid 1190)
     7432 kB: com.android.email (pid 1644)
     6468 kB: com.android.messaging (pid 1665)
     6185 kB: android.process.media (pid 2853)
     5411 kB: com.android.calendar (pid 1547)
     5329 kB: com.android.providers.calendar (pid 1563)
     4995 kB: com.android.gallery3d (pid 1469)
     4983 kB: rild (pid 454)
     4853 kB: com.android.defcontainer (pid 1747)
     4588 kB: com.android.deskclock (pid 1628)
     4237 kB: com.android.musicfx (pid 1722)
     3982 kB: com.android.camera2 (pid 1613)
     3523 kB: com.svox.pico (pid 1771)
     3491 kB: com.android.smspush (pid 1346)
     3014 kB: drmserver (pid 455)
     1972 kB: logd (pid 334)
     1262 kB: sdcard (pid 910)
     1138 kB: netd (pid 451)
      996 kB: keystore (pid 458)
      787 kB: vold (pid 336)
      783 kB: gatekeeperd (pid 461)
      732 kB: adbd (pid 410)
      616 kB: installd (pid 457)
      607 kB: /init (pid 1)
      528 kB: healthd (pid 371)
      502 kB: logcat (pid 2055)
      463 kB: dumpsys (pid 4087)
      446 kB: ueventd (pid 309)
      440 kB: perfprofd (pid 462)
      429 kB: debuggerd (pid 452)
      388 kB: debuggerd64 (pid 453)
      253 kB: sh (pid 408)
      249 kB: servicemanager (pid 373)
       92 kB: lmkd (pid 372)
       64 kB: qseecomd (pid 377)
       52 kB: qseecomd (pid 384)

Total PSS by OOM adjustment:
   118369 kB: Native
               26555 kB: zygote (pid 460)
               25919 kB: surfaceflinger (pid 376)
               17539 kB: zygote64 (pid 459)
               17377 kB: mm-qcamera-daemon (pid 463)
               10183 kB: mediaserver (pid 456)
                4983 kB: rild (pid 454)
                3014 kB: drmserver (pid 455)
                1972 kB: logd (pid 334)
                1262 kB: sdcard (pid 910)
                1138 kB: netd (pid 451)
                 996 kB: keystore (pid 458)
                 787 kB: vold (pid 336)
                 783 kB: gatekeeperd (pid 461)
                 732 kB: adbd (pid 410)
                 616 kB: installd (pid 457)
                 607 kB: /init (pid 1)
                 528 kB: healthd (pid 371)
                 502 kB: logcat (pid 2055)
                 463 kB: dumpsys (pid 4087)
                 446 kB: ueventd (pid 309)
                 440 kB: perfprofd (pid 462)
                 429 kB: debuggerd (pid 452)
                 388 kB: debuggerd64 (pid 453)
                 253 kB: sh (pid 408)
                 249 kB: servicemanager (pid 373)
                  92 kB: lmkd (pid 372)
                  64 kB: qseecomd (pid 377)
                  52 kB: qseecomd (pid 384)
    89977 kB: System
               89977 kB: system (pid 751)
   122071 kB: Persistent
               96728 kB: com.android.systemui (pid 953)
               14843 kB: com.android.phone (pid 1240)
               10500 kB: com.android.nfc (pid 1227)
    47759 kB: Foreground
               47759 kB: com.android.launcher3 (pid 1456 / activities)
     3491 kB: Visible
                3491 kB: com.android.smspush (pid 1346)
     9090 kB: Perceptible
                9090 kB: com.android.inputmethod.latin (pid 1204)
   159692 kB: Cached
               45433 kB: com.moji.mjweather (pid 4001)
               26778 kB: com.android.packageinstaller (pid 2724)
               22230 kB: com.baidu.navi (pid 2580)
                8248 kB: android.process.acore (pid 1190)
                7432 kB: com.android.email (pid 1644)
                6468 kB: com.android.messaging (pid 1665)
                6185 kB: android.process.media (pid 2853)
                5411 kB: com.android.calendar (pid 1547)
                5329 kB: com.android.providers.calendar (pid 1563)
                4995 kB: com.android.gallery3d (pid 1469)
                4853 kB: com.android.defcontainer (pid 1747)
                4588 kB: com.android.deskclock (pid 1628)
                4237 kB: com.android.musicfx (pid 1722)
                3982 kB: com.android.camera2 (pid 1613)
                3523 kB: com.svox.pico (pid 1771)

Total PSS by category:
   115888 kB: EGL mtrack
   102051 kB: Native
    92955 kB: Dalvik
               44496 kB: .Heap
               42503 kB: .LOS
                5028 kB: .Zygote
                4664 kB: .LinearAlloc
                3705 kB: .GC
                1754 kB: .IndirectRef
                 928 kB: .NonMoving
                   0 kB: .JITCache
    83732 kB: .so mmap
    41018 kB: .oat mmap
    34440 kB: .art mmap
    29204 kB: .dex mmap
    18622 kB: .apk mmap
    10123 kB: Dalvik Other
     6572 kB: Stack
     6366 kB: Unknown
     4713 kB: Other mmap
     3598 kB: Gfx dev
      452 kB: .ttf mmap
      416 kB: Ashmem
      160 kB: .jar mmap
      139 kB: Other dev
        0 kB: Cursor
        0 kB: GL mtrack
        0 kB: Other mtrack

Total RAM: 1857376 kB (status normal)
 Free RAM: 1210180 kB (159692 cached pss + 800048 cached kernel + 250440 free)
 Used RAM: 517445 kB (390757 used pss + 126688 kernel)
 Lost RAM: 129751 kB
     ZRAM: 2052 kB physical used for 9068 kB in swap (520908 kB total swap)
   Tuning: 192 (large 512), oom 322560 kB, restore limit 107520 kB (high-end-gfx)
mar 22 nov 2016, 11.23.04, CET
Applications Memory Usage (kB):
Uptime: 725923 Realtime: 725923

Total PSS by process:
    98236 kB: com.android.systemui (pid 953)
    89697 kB: system (pid 751)
    47339 kB: com.android.launcher3 (pid 1456 / activities)
    43290 kB: com.moji.mjweather (pid 4958)
    27283 kB: com.android.packageinstaller (pid 2724)
    26611 kB: zygote (pid 460)
    25623 kB: surfaceflinger (pid 376)
    22257 kB: com.baidu.navi (pid 2580)
    17539 kB: zygote64 (pid 459)
    17377 kB: mm-qcamera-daemon (pid 463)
    15115 kB: com.android.phone (pid 1240)
    10516 kB: com.android.nfc (pid 1227)
    10183 kB: mediaserver (pid 456)
     9090 kB: com.android.inputmethod.latin (pid 1204)
     8248 kB: android.process.acore (pid 1190)
     7432 kB: com.android.email (pid 1644)
     6469 kB: com.android.messaging (pid 1665)
     6222 kB: android.process.media (pid 2853)
     5412 kB: com.android.calendar (pid 1547)
     5330 kB: com.android.providers.calendar (pid 1563)
     4996 kB: com.android.gallery3d (pid 1469)
     4983 kB: rild (pid 454)
     4854 kB: com.android.defcontainer (pid 1747)
     4588 kB: com.android.deskclock (pid 1628)
     4237 kB: com.android.musicfx (pid 1722)
     3982 kB: com.android.camera2 (pid 1613)
     3523 kB: com.svox.pico (pid 1771)
     3491 kB: com.android.smspush (pid 1346)
     3014 kB: drmserver (pid 455)
     2124 kB: logd (pid 334)
     1262 kB: sdcard (pid 910)
     1150 kB: netd (pid 451)
      996 kB: keystore (pid 458)
      783 kB: gatekeeperd (pid 461)
      751 kB: vold (pid 336)
      732 kB: adbd (pid 410)
      616 kB: installd (pid 457)
      579 kB: /init (pid 1)
      524 kB: healthd (pid 371)
      502 kB: logcat (pid 2055)
      463 kB: dumpsys (pid 5034)
      446 kB: ueventd (pid 309)
      440 kB: perfprofd (pid 462)
      429 kB: debuggerd (pid 452)
      388 kB: debuggerd64 (pid 453)
      253 kB: sh (pid 408)
      249 kB: servicemanager (pid 373)
      104 kB: lmkd (pid 372)
       64 kB: qseecomd (pid 377)
       52 kB: qseecomd (pid 384)

Total PSS by OOM adjustment:
   118237 kB: Native
               26611 kB: zygote (pid 460)
               25623 kB: surfaceflinger (pid 376)
               17539 kB: zygote64 (pid 459)
               17377 kB: mm-qcamera-daemon (pid 463)
               10183 kB: mediaserver (pid 456)
                4983 kB: rild (pid 454)
                3014 kB: drmserver (pid 455)
                2124 kB: logd (pid 334)
                1262 kB: sdcard (pid 910)
                1150 kB: netd (pid 451)
                 996 kB: keystore (pid 458)
                 783 kB: gatekeeperd (pid 461)
                 751 kB: vold (pid 336)
                 732 kB: adbd (pid 410)
                 616 kB: installd (pid 457)
                 579 kB: /init (pid 1)
                 524 kB: healthd (pid 371)
                 502 kB: logcat (pid 2055)
                 463 kB: dumpsys (pid 5034)
                 446 kB: ueventd (pid 309)
                 440 kB: perfprofd (pid 462)
                 429 kB: debuggerd (pid 452)
                 388 kB: debuggerd64 (pid 453)
                 253 kB: sh (pid 408)
                 249 kB: servicemanager (pid 373)
                 104 kB: lmkd (pid 372)
                  64 kB: qseecomd (pid 377)
                  52 kB: qseecomd (pid 384)
    89697 kB: System
               89697 kB: system (pid 751)
   123867 kB: Persistent
               98236 kB: com.android.systemui (pid 953)
               15115 kB: com.android.phone (pid 1240)
               10516 kB: com.android.nfc (pid 1227)
    47339 kB: Foreground
               47339 kB: com.android.launcher3 (pid 1456 / activities)
     3491 kB: Visible
                3491 kB: com.android.smspush (pid 1346)
     9090 kB: Perceptible
                9090 kB: com.android.inputmethod.latin (pid 1204)
   158123 kB: Cached
               43290 kB: com.moji.mjweather (pid 4958)
               27283 kB: com.android.packageinstaller (pid 2724)
               22257 kB: com.baidu.navi (pid 2580)
                8248 kB: android.process.acore (pid 1190)
                7432 kB: com.android.email (pid 1644)
                6469 kB: com.android.messaging (pid 1665)
                6222 kB: android.process.media (pid 2853)
                5412 kB: com.android.calendar (pid 1547)
                5330 kB: com.android.providers.calendar (pid 1563)
                4996 kB: com.android.gallery3d (pid 1469)
                4854 kB: com.android.defcontainer (pid 1747)
                4588 kB: com.android.deskclock (pid 1628)
                4237 kB: com.android.musicfx (pid 1722)
                3982 kB: com.android.camera2 (pid 1613)
                3523 kB: com.svox.pico (pid 1771)

Total PSS by category:
   115888 kB: EGL mtrack
   102033 kB: Native
    93579 kB: Dalvik
               45172 kB: .Heap
               42463 kB: .LOS
                5016 kB: .Zygote
                4640 kB: .LinearAlloc
                3737 kB: .GC
                1746 kB: .IndirectRef
                 928 kB: .NonMoving
                   0 kB: .JITCache
    83480 kB: .so mmap
    40501 kB: .oat mmap
    34424 kB: .art mmap
    28848 kB: .dex mmap
    18622 kB: .apk mmap
    10123 kB: Dalvik Other
     6492 kB: Stack
     6346 kB: Unknown
     4717 kB: Other mmap
     3624 kB: Gfx dev
      452 kB: .ttf mmap
      416 kB: Ashmem
      160 kB: .jar mmap
      139 kB: Other dev
        0 kB: Cursor
        0 kB: GL mtrack
        0 kB: Other mtrack

Total RAM: 1857376 kB (status normal)
 Free RAM: 1210287 kB (158123 cached pss + 799388 cached kernel + 252776 free)
 Used RAM: 518385 kB (391721 used pss + 126664 kernel)
 Lost RAM: 128704 kB
     ZRAM: 2188 kB physical used for 9468 kB in swap (520908 kB total swap)
   Tuning: 192 (large 512), oom 322560 kB, restore limit 107520 kB (high-end-gfx)
mar 22 nov 2016, 11.23.36, CET
Applications Memory Usage (kB):
Uptime: 757179 Realtime: 757179

Total PSS by process:
    99731 kB: com.android.systemui (pid 953)
    89272 kB: system (pid 751)
    83915 kB: com.moji.mjweather (pid 4958 / activities)
    38455 kB: com.android.launcher3 (pid 1456 / activities)
    27563 kB: com.android.packageinstaller (pid 2724)
    25930 kB: zygote (pid 460)
    25222 kB: surfaceflinger (pid 376)
    22256 kB: com.baidu.navi (pid 2580)
    17177 kB: mm-qcamera-daemon (pid 463)
    15366 kB: com.android.phone (pid 1240)
    14214 kB: zygote64 (pid 459)
    10665 kB: app_process (pid 5901)
    10501 kB: com.android.nfc (pid 1227)
    10171 kB: mediaserver (pid 456)
     9087 kB: com.android.inputmethod.latin (pid 1204)
     8197 kB: android.process.acore (pid 1190)
     7432 kB: com.android.email (pid 1644)
     6469 kB: com.android.messaging (pid 1665)
     6198 kB: android.process.media (pid 2853)
     5413 kB: com.android.calendar (pid 1547)
     5301 kB: com.android.providers.calendar (pid 1563)
     4964 kB: com.android.gallery3d (pid 1469)
     4871 kB: rild (pid 454)
     4824 kB: com.android.defcontainer (pid 1747)
     4588 kB: com.android.deskclock (pid 1628)
     4209 kB: com.android.musicfx (pid 1722)
     3982 kB: com.android.camera2 (pid 1613)
     3499 kB: com.svox.pico (pid 1771)
     3491 kB: com.android.smspush (pid 1346)
     3009 kB: drmserver (pid 455)
     2218 kB: logd (pid 334)
     1260 kB: sdcard (pid 910)
     1143 kB: netd (pid 451)
      987 kB: keystore (pid 458)
      774 kB: gatekeeperd (pid 461)
      738 kB: vold (pid 336)
      736 kB: adbd (pid 410)
      615 kB: installd (pid 457)
      579 kB: /init (pid 1)
      524 kB: healthd (pid 371)
      501 kB: logcat (pid 2055)
      461 kB: dumpsys (pid 5892)
      446 kB: ueventd (pid 309)
      437 kB: perfprofd (pid 462)
      427 kB: debuggerd (pid 452)
      387 kB: debuggerd64 (pid 453)
      253 kB: sh (pid 408)
      249 kB: servicemanager (pid 373)
      103 kB: lmkd (pid 372)
       63 kB: qseecomd (pid 377)
       52 kB: qseecomd (pid 384)

Total PSS by OOM adjustment:
   124212 kB: Native
               25930 kB: zygote (pid 460)
               25222 kB: surfaceflinger (pid 376)
               17177 kB: mm-qcamera-daemon (pid 463)
               14214 kB: zygote64 (pid 459)
               10665 kB: app_process (pid 5901)
               10171 kB: mediaserver (pid 456)
                4871 kB: rild (pid 454)
                3009 kB: drmserver (pid 455)
                2218 kB: logd (pid 334)
                1260 kB: sdcard (pid 910)
                1143 kB: netd (pid 451)
                 987 kB: keystore (pid 458)
                 774 kB: gatekeeperd (pid 461)
                 738 kB: vold (pid 336)
                 736 kB: adbd (pid 410)
                 615 kB: installd (pid 457)
                 579 kB: /init (pid 1)
                 524 kB: healthd (pid 371)
                 501 kB: logcat (pid 2055)
                 461 kB: dumpsys (pid 5892)
                 446 kB: ueventd (pid 309)
                 437 kB: perfprofd (pid 462)
                 427 kB: debuggerd (pid 452)
                 387 kB: debuggerd64 (pid 453)
                 253 kB: sh (pid 408)
                 249 kB: servicemanager (pid 373)
                 103 kB: lmkd (pid 372)
                  63 kB: qseecomd (pid 377)
                  52 kB: qseecomd (pid 384)
    89272 kB: System
               89272 kB: system (pid 751)
   125598 kB: Persistent
               99731 kB: com.android.systemui (pid 953)
               15366 kB: com.android.phone (pid 1240)
               10501 kB: com.android.nfc (pid 1227)
    83915 kB: Foreground
               83915 kB: com.moji.mjweather (pid 4958 / activities)
     3491 kB: Visible
                3491 kB: com.android.smspush (pid 1346)
     9087 kB: Perceptible
                9087 kB: com.android.inputmethod.latin (pid 1204)
    38455 kB: Home
               38455 kB: com.android.launcher3 (pid 1456 / activities)
   114895 kB: Cached
               27563 kB: com.android.packageinstaller (pid 2724)
               22256 kB: com.baidu.navi (pid 2580)
                8197 kB: android.process.acore (pid 1190)
                7432 kB: com.android.email (pid 1644)
                6469 kB: com.android.messaging (pid 1665)
                6198 kB: android.process.media (pid 2853)
                5413 kB: com.android.calendar (pid 1547)
                5301 kB: com.android.providers.calendar (pid 1563)
                4964 kB: com.android.gallery3d (pid 1469)
                4824 kB: com.android.defcontainer (pid 1747)
                4588 kB: com.android.deskclock (pid 1628)
                4209 kB: com.android.musicfx (pid 1722)
                3982 kB: com.android.camera2 (pid 1613)
                3499 kB: com.svox.pico (pid 1771)

Total PSS by category:
   124528 kB: EGL mtrack
   108646 kB: Native
   104707 kB: Dalvik
               54483 kB: .LOS
               44144 kB: .Heap
                4988 kB: .Zygote
                4780 kB: .LinearAlloc
                3881 kB: .GC
                1730 kB: .IndirectRef
                1092 kB: .NonMoving
                   0 kB: .JITCache
    88089 kB: .so mmap
    41620 kB: .oat mmap
    35240 kB: .art mmap
    31012 kB: .dex mmap
    18780 kB: .apk mmap
    10391 kB: Dalvik Other
     6700 kB: Stack
     6691 kB: Unknown
     5848 kB: Gfx dev
     5440 kB: Other mmap
      518 kB: .ttf mmap
      420 kB: Ashmem
      160 kB: .jar mmap
      135 kB: Other dev
        0 kB: Cursor
        0 kB: GL mtrack
        0 kB: Other mtrack

Total RAM: 1857376 kB (status normal)
 Free RAM: 1130079 kB (114895 cached pss + 779948 cached kernel + 235236 free)
 Used RAM: 601950 kB (474030 used pss + 127920 kernel)
 Lost RAM: 125347 kB
     ZRAM: 2220 kB physical used for 9780 kB in swap (520908 kB total swap)
   Tuning: 192 (large 512), oom 322560 kB, restore limit 107520 kB (high-end-gfx)
mar 22 nov 2016, 11.24.07, CET
Applications Memory Usage (kB):
Uptime: 788667 Realtime: 788667

Total PSS by process:
   101195 kB: com.android.systemui (pid 953)
    89009 kB: system (pid 751)
    81691 kB: com.moji.mjweather (pid 5910 / activities)
    38459 kB: com.android.launcher3 (pid 1456 / activities)
    36712 kB: com.UCMobile.intl (pid 6612 / activities)
    27769 kB: com.android.packageinstaller (pid 2724)
    25141 kB: surfaceflinger (pid 376)
    22792 kB: zygote (pid 460)
    19631 kB: com.baidu.navi (pid 2580)
    17116 kB: mm-qcamera-daemon (pid 463)
    15705 kB: zygote64 (pid 459)
    15610 kB: com.android.phone (pid 1240)
    10509 kB: com.android.nfc (pid 1227)
    10123 kB: mediaserver (pid 456)
     9026 kB: com.android.inputmethod.latin (pid 1204)
     8182 kB: android.process.acore (pid 1190)
     7384 kB: com.android.email (pid 1644)
     6420 kB: com.android.messaging (pid 1665)
     6246 kB: android.process.media (pid 2853)
     5376 kB: com.android.calendar (pid 1547)
     5289 kB: com.android.providers.calendar (pid 1563)
     5257 kB: app_process (pid 6822)
     4963 kB: com.android.gallery3d (pid 1469)
     4871 kB: rild (pid 454)
     4823 kB: com.android.defcontainer (pid 1747)
     4554 kB: com.android.deskclock (pid 1628)
     4208 kB: com.android.musicfx (pid 1722)
     3981 kB: com.android.camera2 (pid 1613)
     3498 kB: com.svox.pico (pid 1771)
     3491 kB: com.android.smspush (pid 1346)
     2984 kB: drmserver (pid 455)
     2337 kB: logd (pid 334)
     1261 kB: sdcard (pid 910)
     1143 kB: netd (pid 451)
      987 kB: keystore (pid 458)
      775 kB: gatekeeperd (pid 461)
      738 kB: vold (pid 336)
      728 kB: adbd (pid 410)
      615 kB: installd (pid 457)
      579 kB: /init (pid 1)
      524 kB: healthd (pid 371)
      502 kB: logcat (pid 2055)
      461 kB: dumpsys (pid 6813)
      446 kB: ueventd (pid 309)
      438 kB: perfprofd (pid 462)
      417 kB: debuggerd (pid 452)
      387 kB: debuggerd64 (pid 453)
      253 kB: sh (pid 408)
      249 kB: servicemanager (pid 373)
      103 kB: lmkd (pid 372)
       63 kB: qseecomd (pid 377)
       52 kB: qseecomd (pid 384)

Total PSS by OOM adjustment:
   117047 kB: Native
               25141 kB: surfaceflinger (pid 376)
               22792 kB: zygote (pid 460)
               17116 kB: mm-qcamera-daemon (pid 463)
               15705 kB: zygote64 (pid 459)
               10123 kB: mediaserver (pid 456)
                5257 kB: app_process (pid 6822)
                4871 kB: rild (pid 454)
                2984 kB: drmserver (pid 455)
                2337 kB: logd (pid 334)
                1261 kB: sdcard (pid 910)
                1143 kB: netd (pid 451)
                 987 kB: keystore (pid 458)
                 775 kB: gatekeeperd (pid 461)
                 738 kB: vold (pid 336)
                 728 kB: adbd (pid 410)
                 615 kB: installd (pid 457)
                 579 kB: /init (pid 1)
                 524 kB: healthd (pid 371)
                 502 kB: logcat (pid 2055)
                 461 kB: dumpsys (pid 6813)
                 446 kB: ueventd (pid 309)
                 438 kB: perfprofd (pid 462)
                 417 kB: debuggerd (pid 452)
                 387 kB: debuggerd64 (pid 453)
                 253 kB: sh (pid 408)
                 249 kB: servicemanager (pid 373)
                 103 kB: lmkd (pid 372)
                  63 kB: qseecomd (pid 377)
                  52 kB: qseecomd (pid 384)
    89009 kB: System
               89009 kB: system (pid 751)
   127314 kB: Persistent
              101195 kB: com.android.systemui (pid 953)
               15610 kB: com.android.phone (pid 1240)
               10509 kB: com.android.nfc (pid 1227)
    81691 kB: Foreground
               81691 kB: com.moji.mjweather (pid 5910 / activities)
     3491 kB: Visible
                3491 kB: com.android.smspush (pid 1346)
    45738 kB: Perceptible
               36712 kB: com.UCMobile.intl (pid 6612 / activities)
                9026 kB: com.android.inputmethod.latin (pid 1204)
    38459 kB: Home
               38459 kB: com.android.launcher3 (pid 1456 / activities)
   112324 kB: Cached
               27769 kB: com.android.packageinstaller (pid 2724)
               19631 kB: com.baidu.navi (pid 2580)
                8182 kB: android.process.acore (pid 1190)
                7384 kB: com.android.email (pid 1644)
                6420 kB: com.android.messaging (pid 1665)
                6246 kB: android.process.media (pid 2853)
                5376 kB: com.android.calendar (pid 1547)
                5289 kB: com.android.providers.calendar (pid 1563)
                4963 kB: com.android.gallery3d (pid 1469)
                4823 kB: com.android.defcontainer (pid 1747)
                4554 kB: com.android.deskclock (pid 1628)
                4208 kB: com.android.musicfx (pid 1722)
                3981 kB: com.android.camera2 (pid 1613)
                3498 kB: com.svox.pico (pid 1771)

Total PSS by category:
   124528 kB: EGL mtrack
   113453 kB: Dalvik
               57679 kB: .LOS
               49252 kB: .Heap
                5348 kB: .LinearAlloc
                5190 kB: .Zygote
                4259 kB: .GC
                1819 kB: .IndirectRef
                1332 kB: .NonMoving
                   0 kB: .JITCache
   112970 kB: Native
    89255 kB: .so mmap
    43360 kB: .oat mmap
    39152 kB: .dex mmap
    35238 kB: .art mmap
    18946 kB: .apk mmap
    11426 kB: Dalvik Other
     6936 kB: Stack
     6712 kB: Unknown
     6418 kB: Gfx dev
     5440 kB: Other mmap
      516 kB: .ttf mmap
      424 kB: Ashmem
      160 kB: .jar mmap
      139 kB: Other dev
        0 kB: Cursor
        0 kB: GL mtrack
        0 kB: Other mtrack

Total RAM: 1857376 kB (status normal)
 Free RAM: 1097592 kB (112324 cached pss + 761772 cached kernel + 223496 free)
 Used RAM: 632033 kB (502749 used pss + 129284 kernel)
 Lost RAM: 127751 kB
     ZRAM: 2244 kB physical used for 9896 kB in swap (520908 kB total swap)
   Tuning: 192 (large 512), oom 322560 kB, restore limit 107520 kB (high-end-gfx)
mar 22 nov 2016, 11.24.39, CET
Applications Memory Usage (kB):
Uptime: 820112 Realtime: 820112

Total PSS by process:
   102986 kB: com.android.systemui (pid 953)
    88724 kB: system (pid 751)
    76428 kB: com.moji.mjweather (pid 6840 / activities)
    58660 kB: com.baidu.searchbox (pid 7392 / activities)
    38380 kB: com.android.launcher3 (pid 1456 / activities)
    32053 kB: com.UCMobile.intl (pid 7538 / activities)
    27759 kB: com.android.packageinstaller (pid 2724)
    25147 kB: surfaceflinger (pid 376)
    22895 kB: zygote (pid 460)
    17116 kB: mm-qcamera-daemon (pid 463)
    16494 kB: zygote64 (pid 459)
    16230 kB: com.baidu.navi (pid 2580)
    15882 kB: com.android.phone (pid 1240)
    12420 kB: com.baidu.searchbox:megapp (pid 7620)
    10516 kB: com.android.nfc (pid 1227)
    10123 kB: mediaserver (pid 456)
     9027 kB: com.android.inputmethod.latin (pid 1204)
     8226 kB: android.process.acore (pid 1190)
     7384 kB: com.android.email (pid 1644)
     6420 kB: com.android.messaging (pid 1665)
     6250 kB: android.process.media (pid 2853)
     5376 kB: com.android.calendar (pid 1547)
     5282 kB: com.android.providers.calendar (pid 1563)
     4994 kB: com.android.gallery3d (pid 1469)
     4899 kB: rild (pid 454)
     4850 kB: com.android.defcontainer (pid 1747)
     4548 kB: com.android.deskclock (pid 1628)
     4215 kB: com.android.musicfx (pid 1722)
     3954 kB: com.android.camera2 (pid 1613)
     3756 kB: app_process (pid 7740)
     3511 kB: com.svox.pico (pid 1771)
     3470 kB: com.android.smspush (pid 1346)
     2984 kB: drmserver (pid 455)
     2461 kB: logd (pid 334)
     1261 kB: sdcard (pid 910)
     1143 kB: netd (pid 451)
      987 kB: keystore (pid 458)
      775 kB: gatekeeperd (pid 461)
      742 kB: vold (pid 336)
      724 kB: adbd (pid 410)
      615 kB: installd (pid 457)
      579 kB: /init (pid 1)
      524 kB: healthd (pid 371)
      502 kB: logcat (pid 2055)
      457 kB: dumpsys (pid 7731)
      446 kB: ueventd (pid 309)
      440 kB: perfprofd (pid 462)
      417 kB: debuggerd (pid 452)
      387 kB: debuggerd64 (pid 453)
      253 kB: sh (pid 408)
      249 kB: servicemanager (pid 373)
      103 kB: lmkd (pid 372)
       63 kB: qseecomd (pid 377)
       52 kB: qseecomd (pid 384)

Total PSS by OOM adjustment:
   116594 kB: Native
               25147 kB: surfaceflinger (pid 376)
               22895 kB: zygote (pid 460)
               17116 kB: mm-qcamera-daemon (pid 463)
               16494 kB: zygote64 (pid 459)
               10123 kB: mediaserver (pid 456)
                4899 kB: rild (pid 454)
                3756 kB: app_process (pid 7740)
                2984 kB: drmserver (pid 455)
                2461 kB: logd (pid 334)
                1261 kB: sdcard (pid 910)
                1143 kB: netd (pid 451)
                 987 kB: keystore (pid 458)
                 775 kB: gatekeeperd (pid 461)
                 742 kB: vold (pid 336)
                 724 kB: adbd (pid 410)
                 615 kB: installd (pid 457)
                 579 kB: /init (pid 1)
                 524 kB: healthd (pid 371)
                 502 kB: logcat (pid 2055)
                 457 kB: dumpsys (pid 7731)
                 446 kB: ueventd (pid 309)
                 440 kB: perfprofd (pid 462)
                 417 kB: debuggerd (pid 452)
                 387 kB: debuggerd64 (pid 453)
                 253 kB: sh (pid 408)
                 249 kB: servicemanager (pid 373)
                 103 kB: lmkd (pid 372)
                  63 kB: qseecomd (pid 377)
                  52 kB: qseecomd (pid 384)
    88724 kB: System
               88724 kB: system (pid 751)
   129384 kB: Persistent
              102986 kB: com.android.systemui (pid 953)
               15882 kB: com.android.phone (pid 1240)
               10516 kB: com.android.nfc (pid 1227)
    76428 kB: Foreground
               76428 kB: com.moji.mjweather (pid 6840 / activities)
     3470 kB: Visible
                3470 kB: com.android.smspush (pid 1346)
    41080 kB: Perceptible
               32053 kB: com.UCMobile.intl (pid 7538 / activities)
                9027 kB: com.android.inputmethod.latin (pid 1204)
    12420 kB: A Services
               12420 kB: com.baidu.searchbox:megapp (pid 7620)
    38380 kB: Home
               38380 kB: com.android.launcher3 (pid 1456 / activities)
    58660 kB: B Services
               58660 kB: com.baidu.searchbox (pid 7392 / activities)
   108999 kB: Cached
               27759 kB: com.android.packageinstaller (pid 2724)
               16230 kB: com.baidu.navi (pid 2580)
                8226 kB: android.process.acore (pid 1190)
                7384 kB: com.android.email (pid 1644)
                6420 kB: com.android.messaging (pid 1665)
                6250 kB: android.process.media (pid 2853)
                5376 kB: com.android.calendar (pid 1547)
                5282 kB: com.android.providers.calendar (pid 1563)
                4994 kB: com.android.gallery3d (pid 1469)
                4850 kB: com.android.defcontainer (pid 1747)
                4548 kB: com.android.deskclock (pid 1628)
                4215 kB: com.android.musicfx (pid 1722)
                3954 kB: com.android.camera2 (pid 1613)
                3511 kB: com.svox.pico (pid 1771)

Total PSS by category:
   126536 kB: Dalvik
               62607 kB: .LOS
               56876 kB: .Heap
                6656 kB: .LinearAlloc
                5565 kB: .Zygote
                4667 kB: .GC
                2024 kB: .IndirectRef
                1488 kB: .NonMoving
                   0 kB: .JITCache
   124528 kB: EGL mtrack
   122543 kB: Native
    95293 kB: .so mmap
    57692 kB: .dex mmap
    45558 kB: .oat mmap
    37656 kB: .art mmap
    20361 kB: .apk mmap
    13347 kB: Dalvik Other
     8174 kB: Gfx dev
     7480 kB: Stack
     7012 kB: Unknown
     5717 kB: Other mmap
     1418 kB: Ashmem
      520 kB: .ttf mmap
      160 kB: .jar mmap
      144 kB: Other dev
        0 kB: Cursor
        0 kB: GL mtrack
        0 kB: Other mtrack

Total RAM: 1857376 kB (status normal)
 Free RAM: 1091927 kB (108999 cached pss + 761292 cached kernel + 221636 free)
 Used RAM: 694552 kB (565140 used pss + 129412 kernel)
 Lost RAM: 70897 kB
     ZRAM: 2244 kB physical used for 9968 kB in swap (520908 kB total swap)
   Tuning: 192 (large 512), oom 322560 kB, restore limit 107520 kB (high-end-gfx)
mar 22 nov 2016, 11.25.10, CET
Applications Memory Usage (kB):
Uptime: 851716 Realtime: 851716

Total PSS by process:
   104156 kB: com.android.systemui (pid 953)
    87466 kB: system (pid 751)
    77001 kB: com.moji.mjweather (pid 7767 / activities)
    58672 kB: com.baidu.searchbox (pid 8317 / activities)
    38420 kB: com.android.launcher3 (pid 1456 / activities)
    32626 kB: com.UCMobile.intl (pid 8468 / activities)
    27726 kB: com.android.packageinstaller (pid 2724)
    24944 kB: surfaceflinger (pid 376)
    18890 kB: zygote (pid 460)
    17053 kB: mm-qcamera-daemon (pid 463)
    16245 kB: com.baidu.navi (pid 2580)
    16215 kB: com.android.phone (pid 1240)
    14448 kB: com.baidu.searchbox:megapp (pid 8548)
    13517 kB: zygote64 (pid 459)
    10424 kB: com.android.nfc (pid 1227)
    10024 kB: mediaserver (pid 456)
     9058 kB: com.android.inputmethod.latin (pid 1204)
     8225 kB: android.process.acore (pid 1190)
     7414 kB: com.android.email (pid 1644)
     6448 kB: com.android.messaging (pid 1665)
     6270 kB: android.process.media (pid 2853)
     5408 kB: com.android.calendar (pid 1547)
     5312 kB: com.android.providers.calendar (pid 1563)
     4994 kB: com.android.gallery3d (pid 1469)
     4853 kB: com.android.defcontainer (pid 1747)
     4828 kB: rild (pid 454)
     4572 kB: com.android.deskclock (pid 1628)
     4236 kB: com.android.musicfx (pid 1722)
     3981 kB: com.android.camera2 (pid 1613)
     3522 kB: com.svox.pico (pid 1771)
     3491 kB: com.android.smspush (pid 1346)
     2936 kB: drmserver (pid 455)
     2481 kB: logd (pid 334)
     1262 kB: sdcard (pid 910)
     1135 kB: netd (pid 451)
      882 kB: keystore (pid 458)
      750 kB: gatekeeperd (pid 461)
      724 kB: adbd (pid 410)
      615 kB: installd (pid 457)
      579 kB: /init (pid 1)
      524 kB: healthd (pid 371)
      502 kB: logcat (pid 2055)
      478 kB: vold (pid 336)
      463 kB: dumpsys (pid 8646)
      446 kB: ueventd (pid 309)
      440 kB: perfprofd (pid 462)
      404 kB: debuggerd (pid 452)
      382 kB: debuggerd64 (pid 453)
      253 kB: sh (pid 408)
      245 kB: servicemanager (pid 373)
      102 kB: lmkd (pid 372)
       42 kB: qseecomd (pid 377)
       23 kB: qseecomd (pid 384)
        0 kB: app_process (pid 8648)

Total PSS by OOM adjustment:
   104924 kB: Native
               24944 kB: surfaceflinger (pid 376)
               18890 kB: zygote (pid 460)
               17053 kB: mm-qcamera-daemon (pid 463)
               13517 kB: zygote64 (pid 459)
               10024 kB: mediaserver (pid 456)
                4828 kB: rild (pid 454)
                2936 kB: drmserver (pid 455)
                2481 kB: logd (pid 334)
                1262 kB: sdcard (pid 910)
                1135 kB: netd (pid 451)
                 882 kB: keystore (pid 458)
                 750 kB: gatekeeperd (pid 461)
                 724 kB: adbd (pid 410)
                 615 kB: installd (pid 457)
                 579 kB: /init (pid 1)
                 524 kB: healthd (pid 371)
                 502 kB: logcat (pid 2055)
                 478 kB: vold (pid 336)
                 463 kB: dumpsys (pid 8646)
                 446 kB: ueventd (pid 309)
                 440 kB: perfprofd (pid 462)
                 404 kB: debuggerd (pid 452)
                 382 kB: debuggerd64 (pid 453)
                 253 kB: sh (pid 408)
                 245 kB: servicemanager (pid 373)
                 102 kB: lmkd (pid 372)
                  42 kB: qseecomd (pid 377)
                  23 kB: qseecomd (pid 384)
                   0 kB: app_process (pid 8648)
    87466 kB: System
               87466 kB: system (pid 751)
   130795 kB: Persistent
              104156 kB: com.android.systemui (pid 953)
               16215 kB: com.android.phone (pid 1240)
               10424 kB: com.android.nfc (pid 1227)
    77001 kB: Foreground
               77001 kB: com.moji.mjweather (pid 7767 / activities)
     3491 kB: Visible
                3491 kB: com.android.smspush (pid 1346)
    41684 kB: Perceptible
               32626 kB: com.UCMobile.intl (pid 8468 / activities)
                9058 kB: com.android.inputmethod.latin (pid 1204)
    14448 kB: A Services
               14448 kB: com.baidu.searchbox:megapp (pid 8548)
    38420 kB: Home
               38420 kB: com.android.launcher3 (pid 1456 / activities)
    58672 kB: B Services
               58672 kB: com.baidu.searchbox (pid 8317 / activities)
   109206 kB: Cached
               27726 kB: com.android.packageinstaller (pid 2724)
               16245 kB: com.baidu.navi (pid 2580)
                8225 kB: android.process.acore (pid 1190)
                7414 kB: com.android.email (pid 1644)
                6448 kB: com.android.messaging (pid 1665)
                6270 kB: android.process.media (pid 2853)
                5408 kB: com.android.calendar (pid 1547)
                5312 kB: com.android.providers.calendar (pid 1563)
                4994 kB: com.android.gallery3d (pid 1469)
                4853 kB: com.android.defcontainer (pid 1747)
                4572 kB: com.android.deskclock (pid 1628)
                4236 kB: com.android.musicfx (pid 1722)
                3981 kB: com.android.camera2 (pid 1613)
                3522 kB: com.svox.pico (pid 1771)

Total PSS by category:
   129357 kB: Dalvik
               61909 kB: .LOS
               60490 kB: .Heap
                6653 kB: .LinearAlloc
                5470 kB: .Zygote
                5021 kB: .GC
                2023 kB: .IndirectRef
                1488 kB: .NonMoving
                   0 kB: .JITCache
   125104 kB: EGL mtrack
   121664 kB: Native
    87239 kB: .so mmap
    57688 kB: .dex mmap
    44268 kB: .oat mmap
    36982 kB: .art mmap
    19934 kB: .apk mmap
    13697 kB: Dalvik Other
     8212 kB: Gfx dev
     7476 kB: Stack
     6834 kB: Unknown
     5408 kB: Other mmap
     1420 kB: Ashmem
      520 kB: .ttf mmap
      160 kB: .jar mmap
      144 kB: Other dev
        0 kB: Cursor
        0 kB: GL mtrack
        0 kB: Other mtrack

Total RAM: 1857376 kB (status normal)
 Free RAM: 1034822 kB (109206 cached pss + 732992 cached kernel + 192624 free)
 Used RAM: 690261 kB (556901 used pss + 133360 kernel)
 Lost RAM: 132293 kB
     ZRAM: 2252 kB physical used for 10004 kB in swap (520908 kB total swap)
   Tuning: 192 (large 512), oom 322560 kB, restore limit 107520 kB (high-end-gfx)
mar 22 nov 2016, 11.25.42, CET
Applications Memory Usage (kB):
Uptime: 883391 Realtime: 883391

Total PSS by process:
   105761 kB: com.android.systemui (pid 953)
    87917 kB: system (pid 751)
    76994 kB: com.moji.mjweather (pid 8692 / activities)
    67323 kB: com.baidu.searchbox (pid 9246 / activities)
    38348 kB: com.android.launcher3 (pid 1456 / activities)
    32753 kB: com.UCMobile.intl (pid 9392 / activities)
    27976 kB: com.android.packageinstaller (pid 2724)
    24928 kB: surfaceflinger (pid 376)
    18534 kB: zygote (pid 460)
    17053 kB: mm-qcamera-daemon (pid 463)
    16485 kB: com.android.phone (pid 1240)
    16143 kB: com.baidu.navi (pid 2580)
    14501 kB: com.baidu.searchbox:megapp (pid 9474)
    13517 kB: zygote64 (pid 459)
    10461 kB: com.android.nfc (pid 1227)
    10025 kB: mediaserver (pid 456)
     9058 kB: com.android.inputmethod.latin (pid 1204)
     8225 kB: android.process.acore (pid 1190)
     7414 kB: com.android.email (pid 1644)
     6448 kB: com.android.messaging (pid 1665)
     6256 kB: android.process.media (pid 2853)
     5408 kB: com.android.calendar (pid 1547)
     5312 kB: com.android.providers.calendar (pid 1563)
     4994 kB: com.android.gallery3d (pid 1469)
     4853 kB: com.android.defcontainer (pid 1747)
     4828 kB: rild (pid 454)
     4572 kB: com.android.deskclock (pid 1628)
     4236 kB: com.android.musicfx (pid 1722)
     3981 kB: com.android.camera2 (pid 1613)
     3522 kB: com.svox.pico (pid 1771)
     3491 kB: com.android.smspush (pid 1346)
     2937 kB: drmserver (pid 455)
     2529 kB: logd (pid 334)
     1262 kB: sdcard (pid 910)
     1135 kB: netd (pid 451)
      882 kB: keystore (pid 458)
      750 kB: gatekeeperd (pid 461)
      724 kB: adbd (pid 410)
      615 kB: installd (pid 457)
      579 kB: /init (pid 1)
      524 kB: healthd (pid 371)
      502 kB: logcat (pid 2055)
      478 kB: vold (pid 336)
      459 kB: dumpsys (pid 9562)
      446 kB: ueventd (pid 309)
      440 kB: perfprofd (pid 462)
      404 kB: debuggerd (pid 452)
      382 kB: debuggerd64 (pid 453)
      253 kB: sh (pid 408)
      245 kB: servicemanager (pid 373)
      102 kB: lmkd (pid 372)
       42 kB: qseecomd (pid 377)
       23 kB: qseecomd (pid 384)
        0 kB: app_process (pid 9564)

Total PSS by OOM adjustment:
   104598 kB: Native
               24928 kB: surfaceflinger (pid 376)
               18534 kB: zygote (pid 460)
               17053 kB: mm-qcamera-daemon (pid 463)
               13517 kB: zygote64 (pid 459)
               10025 kB: mediaserver (pid 456)
                4828 kB: rild (pid 454)
                2937 kB: drmserver (pid 455)
                2529 kB: logd (pid 334)
                1262 kB: sdcard (pid 910)
                1135 kB: netd (pid 451)
                 882 kB: keystore (pid 458)
                 750 kB: gatekeeperd (pid 461)
                 724 kB: adbd (pid 410)
                 615 kB: installd (pid 457)
                 579 kB: /init (pid 1)
                 524 kB: healthd (pid 371)
                 502 kB: logcat (pid 2055)
                 478 kB: vold (pid 336)
                 459 kB: dumpsys (pid 9562)
                 446 kB: ueventd (pid 309)
                 440 kB: perfprofd (pid 462)
                 404 kB: debuggerd (pid 452)
                 382 kB: debuggerd64 (pid 453)
                 253 kB: sh (pid 408)
                 245 kB: servicemanager (pid 373)
                 102 kB: lmkd (pid 372)
                  42 kB: qseecomd (pid 377)
                  23 kB: qseecomd (pid 384)
                   0 kB: app_process (pid 9564)
    87917 kB: System
               87917 kB: system (pid 751)
   132707 kB: Persistent
              105761 kB: com.android.systemui (pid 953)
               16485 kB: com.android.phone (pid 1240)
               10461 kB: com.android.nfc (pid 1227)
    76994 kB: Foreground
               76994 kB: com.moji.mjweather (pid 8692 / activities)
     3491 kB: Visible
                3491 kB: com.android.smspush (pid 1346)
    41811 kB: Perceptible
               32753 kB: com.UCMobile.intl (pid 9392 / activities)
                9058 kB: com.android.inputmethod.latin (pid 1204)
    14501 kB: A Services
               14501 kB: com.baidu.searchbox:megapp (pid 9474)
    38348 kB: Home
               38348 kB: com.android.launcher3 (pid 1456 / activities)
    67323 kB: B Services
               67323 kB: com.baidu.searchbox (pid 9246 / activities)
   109340 kB: Cached
               27976 kB: com.android.packageinstaller (pid 2724)
               16143 kB: com.baidu.navi (pid 2580)
                8225 kB: android.process.acore (pid 1190)
                7414 kB: com.android.email (pid 1644)
                6448 kB: com.android.messaging (pid 1665)
                6256 kB: android.process.media (pid 2853)
                5408 kB: com.android.calendar (pid 1547)
                5312 kB: com.android.providers.calendar (pid 1563)
                4994 kB: com.android.gallery3d (pid 1469)
                4853 kB: com.android.defcontainer (pid 1747)
                4572 kB: com.android.deskclock (pid 1628)
                4236 kB: com.android.musicfx (pid 1722)
                3981 kB: com.android.camera2 (pid 1613)
                3522 kB: com.svox.pico (pid 1771)

Total PSS by category:
   137587 kB: Dalvik
               68212 kB: .Heap
               62425 kB: .LOS
                6653 kB: .LinearAlloc
                5485 kB: .GC
                5462 kB: .Zygote
                2059 kB: .IndirectRef
                1488 kB: .NonMoving
                   0 kB: .JITCache
   125104 kB: EGL mtrack
   123255 kB: Native
    87250 kB: .so mmap
    57728 kB: .dex mmap
    44313 kB: .oat mmap
    36974 kB: .art mmap
    20434 kB: .apk mmap
    14197 kB: Dalvik Other
     8238 kB: Gfx dev
     7468 kB: Stack
     6827 kB: Unknown
     5407 kB: Other mmap
     1420 kB: Ashmem
      520 kB: .ttf mmap
      160 kB: .jar mmap
      148 kB: Other dev
        0 kB: Cursor
        0 kB: GL mtrack
        0 kB: Other mtrack

Total RAM: 1857376 kB (status normal)
 Free RAM: 1031076 kB (109340 cached pss + 730496 cached kernel + 191240 free)
 Used RAM: 701082 kB (567690 used pss + 133392 kernel)
 Lost RAM: 125218 kB
     ZRAM: 2256 kB physical used for 10040 kB in swap (520908 kB total swap)
   Tuning: 192 (large 512), oom 322560 kB, restore limit 107520 kB (high-end-gfx)
mar 22 nov 2016, 11.26.13, CET
Applications Memory Usage (kB):
Uptime: 914982 Realtime: 914982

Total PSS by process:
   107177 kB: com.android.systemui (pid 953)
    87947 kB: system (pid 751)
    69168 kB: com.moji.mjweather (pid 9618 / activities)
    63741 kB: com.baidu.searchbox (pid 10174 / activities)
    56389 kB: com.youku.phone (pid 9885 / activities)
    38295 kB: com.android.launcher3 (pid 1456 / activities)
    29733 kB: com.UCMobile.intl (pid 10322 / activities)
    27891 kB: com.android.packageinstaller (pid 2724)
    25009 kB: surfaceflinger (pid 376)
    18474 kB: zygote (pid 460)
    17053 kB: mm-qcamera-daemon (pid 463)
    16845 kB: zygote64 (pid 459)
    16703 kB: com.android.phone (pid 1240)
    13616 kB: com.baidu.navi (pid 2580)
    11987 kB: com.baidu.searchbox:megapp (pid 10404)
    10434 kB: com.android.nfc (pid 1227)
    10027 kB: mediaserver (pid 456)
     9036 kB: com.android.inputmethod.latin (pid 1204)
     8532 kB: com.youku.phone:accelerater (pid 9989)
     8376 kB: com.youku.phone:SoUpgradeService (pid 10113)
     8209 kB: android.process.acore (pid 1190)
     8200 kB: com.push.Youku_PushService (pid 9932)
     7800 kB: com.youku.phone:download (pid 9918)
     7399 kB: com.android.email (pid 1644)
     6433 kB: com.android.messaging (pid 1665)
     6297 kB: android.process.media (pid 2853)
     5408 kB: com.android.calendar (pid 1547)
     5298 kB: com.android.providers.calendar (pid 1563)
     4994 kB: com.android.gallery3d (pid 1469)
     4952 kB: rild (pid 454)
     4853 kB: com.android.defcontainer (pid 1747)
     4544 kB: com.android.deskclock (pid 1628)
     4236 kB: com.android.musicfx (pid 1722)
     3956 kB: com.android.camera2 (pid 1613)
     3522 kB: com.svox.pico (pid 1771)
     3470 kB: com.android.smspush (pid 1346)
     2937 kB: drmserver (pid 455)
     2561 kB: logd (pid 334)
     1261 kB: sdcard (pid 910)
     1142 kB: netd (pid 451)
      888 kB: keystore (pid 458)
      747 kB: gatekeeperd (pid 461)
      740 kB: adbd (pid 410)
      616 kB: installd (pid 457)
      579 kB: /init (pid 1)
      524 kB: healthd (pid 371)
      502 kB: logcat (pid 2055)
      487 kB: vold (pid 336)
      457 kB: dumpsys (pid 10475)
      446 kB: ueventd (pid 309)
      440 kB: perfprofd (pid 462)
      404 kB: debuggerd (pid 452)
      384 kB: debuggerd64 (pid 453)
      253 kB: sh (pid 408)
      245 kB: servicemanager (pid 373)
      104 kB: lmkd (pid 372)
       43 kB: qseecomd (pid 377)
       23 kB: qseecomd (pid 384)
        0 kB: app_process (pid 10483)

Total PSS by OOM adjustment:
   108143 kB: Native
               25009 kB: surfaceflinger (pid 376)
               18474 kB: zygote (pid 460)
               17053 kB: mm-qcamera-daemon (pid 463)
               16845 kB: zygote64 (pid 459)
               10027 kB: mediaserver (pid 456)
                4952 kB: rild (pid 454)
                2937 kB: drmserver (pid 455)
                2561 kB: logd (pid 334)
                1261 kB: sdcard (pid 910)
                1142 kB: netd (pid 451)
                 888 kB: keystore (pid 458)
                 747 kB: gatekeeperd (pid 461)
                 740 kB: adbd (pid 410)
                 616 kB: installd (pid 457)
                 579 kB: /init (pid 1)
                 524 kB: healthd (pid 371)
                 502 kB: logcat (pid 2055)
                 487 kB: vold (pid 336)
                 457 kB: dumpsys (pid 10475)
                 446 kB: ueventd (pid 309)
                 440 kB: perfprofd (pid 462)
                 404 kB: debuggerd (pid 452)
                 384 kB: debuggerd64 (pid 453)
                 253 kB: sh (pid 408)
                 245 kB: servicemanager (pid 373)
                 104 kB: lmkd (pid 372)
                  43 kB: qseecomd (pid 377)
                  23 kB: qseecomd (pid 384)
                   0 kB: app_process (pid 10483)
    87947 kB: System
               87947 kB: system (pid 751)
   134314 kB: Persistent
              107177 kB: com.android.systemui (pid 953)
               16703 kB: com.android.phone (pid 1240)
               10434 kB: com.android.nfc (pid 1227)
    69168 kB: Foreground
               69168 kB: com.moji.mjweather (pid 9618 / activities)
     3470 kB: Visible
                3470 kB: com.android.smspush (pid 1346)
    38769 kB: Perceptible
               29733 kB: com.UCMobile.intl (pid 10322 / activities)
                9036 kB: com.android.inputmethod.latin (pid 1204)
    19787 kB: A Services
               11987 kB: com.baidu.searchbox:megapp (pid 10404)
                7800 kB: com.youku.phone:download (pid 9918)
    38295 kB: Home
               38295 kB: com.android.launcher3 (pid 1456 / activities)
    80473 kB: B Services
               63741 kB: com.baidu.searchbox (pid 10174 / activities)
                8532 kB: com.youku.phone:accelerater (pid 9989)
                8200 kB: com.push.Youku_PushService (pid 9932)
   171421 kB: Cached
               56389 kB: com.youku.phone (pid 9885 / activities)
               27891 kB: com.android.packageinstaller (pid 2724)
               13616 kB: com.baidu.navi (pid 2580)
                8376 kB: com.youku.phone:SoUpgradeService (pid 10113)
                8209 kB: android.process.acore (pid 1190)
                7399 kB: com.android.email (pid 1644)
                6433 kB: com.android.messaging (pid 1665)
                6297 kB: android.process.media (pid 2853)
                5408 kB: com.android.calendar (pid 1547)
                5298 kB: com.android.providers.calendar (pid 1563)
                4994 kB: com.android.gallery3d (pid 1469)
                4853 kB: com.android.defcontainer (pid 1747)
                4544 kB: com.android.deskclock (pid 1628)
                4236 kB: com.android.musicfx (pid 1722)
                3956 kB: com.android.camera2 (pid 1613)
                3522 kB: com.svox.pico (pid 1771)

Total PSS by category:
   155042 kB: Dalvik
               75496 kB: .Heap
               71748 kB: .LOS
                8137 kB: .LinearAlloc
                6134 kB: .Zygote
                6024 kB: .GC
                2543 kB: .IndirectRef
                1664 kB: .NonMoving
                   0 kB: .JITCache
   138837 kB: Native
   125104 kB: EGL mtrack
    92481 kB: .so mmap
    70689 kB: .dex mmap
    45850 kB: .oat mmap
    40632 kB: .art mmap
    30486 kB: .apk mmap
    16704 kB: Dalvik Other
     9658 kB: Unknown
     9062 kB: Gfx dev
     8572 kB: Stack
     6244 kB: Other mmap
     1566 kB: Ashmem
      523 kB: .ttf mmap
      177 kB: Other dev
      160 kB: .jar mmap
        0 kB: Cursor
        0 kB: GL mtrack
        0 kB: Other mtrack

Total RAM: 1857376 kB (status normal)
 Free RAM: 1081597 kB (171421 cached pss + 728628 cached kernel + 181548 free)
 Used RAM: 714290 kB (580366 used pss + 133924 kernel)
 Lost RAM: 61489 kB
     ZRAM: 2260 kB physical used for 10076 kB in swap (520908 kB total swap)
   Tuning: 192 (large 512), oom 322560 kB, restore limit 107520 kB (high-end-gfx)
mar 22 nov 2016, 11.26.45, CET
Applications Memory Usage (kB):
Uptime: 946892 Realtime: 946892

Total PSS by process:
   108155 kB: com.android.systemui (pid 953)
    87480 kB: system (pid 751)
    69197 kB: com.moji.mjweather (pid 10546 / activities)
    60473 kB: com.baidu.searchbox (pid 11102 / activities)
    55968 kB: com.youku.phone (pid 10817 / activities)
    38292 kB: com.android.launcher3 (pid 1456 / activities)
    29523 kB: com.UCMobile.intl (pid 11248 / activities)
    27841 kB: com.android.packageinstaller (pid 2724)
    25005 kB: surfaceflinger (pid 376)
    16938 kB: com.android.phone (pid 1240)
    16924 kB: mm-qcamera-daemon (pid 463)
    16803 kB: zygote64 (pid 459)
    15469 kB: zygote (pid 460)
    13727 kB: com.baidu.navi (pid 2580)
    12023 kB: com.baidu.searchbox:megapp (pid 11329)
    10440 kB: com.android.nfc (pid 1227)
     9965 kB: mediaserver (pid 456)
     9019 kB: com.android.inputmethod.latin (pid 1204)
     8575 kB: com.youku.phone:accelerater (pid 10920)
     8417 kB: com.youku.phone:SoUpgradeService (pid 11046)
     8212 kB: com.push.Youku_PushService (pid 10864)
     8209 kB: android.process.acore (pid 1190)
     7843 kB: com.youku.phone:download (pid 10850)
     7397 kB: com.android.email (pid 1644)
     6432 kB: com.android.messaging (pid 1665)
     6325 kB: android.process.media (pid 2853)
     5408 kB: com.android.calendar (pid 1547)
     5298 kB: com.android.providers.calendar (pid 1563)
     4994 kB: com.android.gallery3d (pid 1469)
     4952 kB: rild (pid 454)
     4853 kB: com.android.defcontainer (pid 1747)
     4532 kB: com.android.deskclock (pid 1628)
     4236 kB: com.android.musicfx (pid 1722)
     3953 kB: com.android.camera2 (pid 1613)
     3522 kB: com.svox.pico (pid 1771)
     3470 kB: com.android.smspush (pid 1346)
     2899 kB: drmserver (pid 455)
     2591 kB: logd (pid 334)
     1261 kB: sdcard (pid 910)
     1141 kB: netd (pid 451)
      888 kB: keystore (pid 458)
      747 kB: gatekeeperd (pid 461)
      728 kB: adbd (pid 410)
      616 kB: installd (pid 457)
      579 kB: /init (pid 1)
      524 kB: healthd (pid 371)
      502 kB: logcat (pid 2055)
      488 kB: vold (pid 336)
      461 kB: dumpsys (pid 11399)
      446 kB: ueventd (pid 309)
      440 kB: perfprofd (pid 462)
      385 kB: debuggerd (pid 452)
      384 kB: debuggerd64 (pid 453)
      245 kB: servicemanager (pid 373)
      241 kB: sh (pid 408)
      104 kB: lmkd (pid 372)
       43 kB: qseecomd (pid 377)
       23 kB: qseecomd (pid 384)
        0 kB: app_process (pid 11401)

Total PSS by OOM adjustment:
   104854 kB: Native
               25005 kB: surfaceflinger (pid 376)
               16924 kB: mm-qcamera-daemon (pid 463)
               16803 kB: zygote64 (pid 459)
               15469 kB: zygote (pid 460)
                9965 kB: mediaserver (pid 456)
                4952 kB: rild (pid 454)
                2899 kB: drmserver (pid 455)
                2591 kB: logd (pid 334)
                1261 kB: sdcard (pid 910)
                1141 kB: netd (pid 451)
                 888 kB: keystore (pid 458)
                 747 kB: gatekeeperd (pid 461)
                 728 kB: adbd (pid 410)
                 616 kB: installd (pid 457)
                 579 kB: /init (pid 1)
                 524 kB: healthd (pid 371)
                 502 kB: logcat (pid 2055)
                 488 kB: vold (pid 336)
                 461 kB: dumpsys (pid 11399)
                 446 kB: ueventd (pid 309)
                 440 kB: perfprofd (pid 462)
                 385 kB: debuggerd (pid 452)
                 384 kB: debuggerd64 (pid 453)
                 245 kB: servicemanager (pid 373)
                 241 kB: sh (pid 408)
                 104 kB: lmkd (pid 372)
                  43 kB: qseecomd (pid 377)
                  23 kB: qseecomd (pid 384)
                   0 kB: app_process (pid 11401)
    87480 kB: System
               87480 kB: system (pid 751)
   135533 kB: Persistent
              108155 kB: com.android.systemui (pid 953)
               16938 kB: com.android.phone (pid 1240)
               10440 kB: com.android.nfc (pid 1227)
    69197 kB: Foreground
               69197 kB: com.moji.mjweather (pid 10546 / activities)
     3470 kB: Visible
                3470 kB: com.android.smspush (pid 1346)
    38542 kB: Perceptible
               29523 kB: com.UCMobile.intl (pid 11248 / activities)
                9019 kB: com.android.inputmethod.latin (pid 1204)
    19866 kB: A Services
               12023 kB: com.baidu.searchbox:megapp (pid 11329)
                7843 kB: com.youku.phone:download (pid 10850)
    38292 kB: Home
               38292 kB: com.android.launcher3 (pid 1456 / activities)
    77260 kB: B Services
               60473 kB: com.baidu.searchbox (pid 11102 / activities)
                8575 kB: com.youku.phone:accelerater (pid 10920)
                8212 kB: com.push.Youku_PushService (pid 10864)
   171112 kB: Cached
               55968 kB: com.youku.phone (pid 10817 / activities)
               27841 kB: com.android.packageinstaller (pid 2724)
               13727 kB: com.baidu.navi (pid 2580)
                8417 kB: com.youku.phone:SoUpgradeService (pid 11046)
                8209 kB: android.process.acore (pid 1190)
                7397 kB: com.android.email (pid 1644)
                6432 kB: com.android.messaging (pid 1665)
                6325 kB: android.process.media (pid 2853)
                5408 kB: com.android.calendar (pid 1547)
                5298 kB: com.android.providers.calendar (pid 1563)
                4994 kB: com.android.gallery3d (pid 1469)
                4853 kB: com.android.defcontainer (pid 1747)
                4532 kB: com.android.deskclock (pid 1628)
                4236 kB: com.android.musicfx (pid 1722)
                3953 kB: com.android.camera2 (pid 1613)
                3522 kB: com.svox.pico (pid 1771)

Total PSS by category:
   153724 kB: Dalvik
               75288 kB: .Heap
               70762 kB: .LOS
                8135 kB: .LinearAlloc
                6058 kB: .Zygote
                6010 kB: .GC
                2543 kB: .IndirectRef
                1616 kB: .NonMoving
                   0 kB: .JITCache
   137920 kB: Native
   125104 kB: EGL mtrack
    91565 kB: .so mmap
    70757 kB: .dex mmap
    45078 kB: .oat mmap
    39890 kB: .art mmap
    28993 kB: .apk mmap
    16688 kB: Dalvik Other
     9624 kB: Unknown
     9090 kB: Gfx dev
     8584 kB: Stack
     6172 kB: Other mmap
     1568 kB: Ashmem
      513 kB: .ttf mmap
      176 kB: Other dev
      160 kB: .jar mmap
        0 kB: Cursor
        0 kB: GL mtrack
        0 kB: Other mtrack

Total RAM: 1857376 kB (status normal)
 Free RAM: 1009160 kB (171112 cached pss + 705916 cached kernel + 132132 free)
 Used RAM: 714734 kB (574494 used pss + 140240 kernel)
 Lost RAM: 133482 kB
     ZRAM: 2268 kB physical used for 10092 kB in swap (520908 kB total swap)
   Tuning: 192 (large 512), oom 322560 kB, restore limit 107520 kB (high-end-gfx)
mar 22 nov 2016, 11.27.17, CET
Applications Memory Usage (kB):
Uptime: 978832 Realtime: 978832

Total PSS by process:
   106606 kB: com.android.systemui (pid 953)
    88390 kB: system (pid 751)
    59714 kB: com.youku.phone (pid 11743 / activities)
    59347 kB: com.baidu.searchbox (pid 12028 / activities)
    43715 kB: com.moji.mjweather (pid 11473 / activities)
    38312 kB: com.android.launcher3 (pid 1456 / activities)
    28651 kB: com.UCMobile.intl (pid 12175 / activities)
    28215 kB: com.android.packageinstaller (pid 2724 / activities)
    24900 kB: surfaceflinger (pid 376)
    19849 kB: com.sina.weibo (pid 11621 / activities)
    17286 kB: com.android.phone (pid 1240)
    16924 kB: mm-qcamera-daemon (pid 463)
    15579 kB: zygote64 (pid 459)
    15493 kB: zygote (pid 460)
    13065 kB: com.baidu.navi (pid 2580)
    11042 kB: com.baidu.searchbox:megapp (pid 12257)
    10651 kB: com.android.nfc (pid 1227)
    10479 kB: com.sina.weibo:remote (pid 11662)
    10177 kB: com.sina.weibo.image (pid 11699)
     9957 kB: mediaserver (pid 456)
     8993 kB: com.android.inputmethod.latin (pid 1204)
     8314 kB: com.youku.phone:download (pid 11776)
     8184 kB: android.process.acore (pid 1190)
     7833 kB: com.youku.phone:accelerater (pid 11848)
     7646 kB: com.youku.phone:SoUpgradeService (pid 11966)
     7469 kB: com.push.Youku_PushService (pid 11790)
     7363 kB: com.android.email (pid 1644)
     6396 kB: com.android.messaging (pid 1665)
     6330 kB: android.process.media (pid 2853)
     5376 kB: com.android.calendar (pid 1547)
     5267 kB: com.android.providers.calendar (pid 1563)
     5199 kB: app_process (pid 12329)
     4981 kB: com.android.gallery3d (pid 1469)
     4852 kB: rild (pid 454)
     4825 kB: com.android.defcontainer (pid 1747)
     4527 kB: com.android.deskclock (pid 1628)
     4208 kB: com.android.musicfx (pid 1722)
     3953 kB: com.android.camera2 (pid 1613)
     3498 kB: com.svox.pico (pid 1771)
     3491 kB: com.android.smspush (pid 1346)
     2899 kB: drmserver (pid 455)
     2617 kB: logd (pid 334)
     1261 kB: sdcard (pid 910)
     1135 kB: netd (pid 451)
      882 kB: keystore (pid 458)
      742 kB: gatekeeperd (pid 461)
      728 kB: adbd (pid 410)
      615 kB: installd (pid 457)
      579 kB: /init (pid 1)
      524 kB: healthd (pid 371)
      502 kB: logcat (pid 2055)
      479 kB: vold (pid 336)
      457 kB: dumpsys (pid 12311)
      446 kB: ueventd (pid 309)
      438 kB: perfprofd (pid 462)
      385 kB: debuggerd (pid 452)
      383 kB: debuggerd64 (pid 453)
      253 kB: sh (pid 408)
      245 kB: servicemanager (pid 373)
      103 kB: lmkd (pid 372)
       42 kB: qseecomd (pid 377)
       23 kB: qseecomd (pid 384)

Total PSS by OOM adjustment:
   108642 kB: Native
               24900 kB: surfaceflinger (pid 376)
               16924 kB: mm-qcamera-daemon (pid 463)
               15579 kB: zygote64 (pid 459)
               15493 kB: zygote (pid 460)
                9957 kB: mediaserver (pid 456)
                5199 kB: app_process (pid 12329)
                4852 kB: rild (pid 454)
                2899 kB: drmserver (pid 455)
                2617 kB: logd (pid 334)
                1261 kB: sdcard (pid 910)
                1135 kB: netd (pid 451)
                 882 kB: keystore (pid 458)
                 742 kB: gatekeeperd (pid 461)
                 728 kB: adbd (pid 410)
                 615 kB: installd (pid 457)
                 579 kB: /init (pid 1)
                 524 kB: healthd (pid 371)
                 502 kB: logcat (pid 2055)
                 479 kB: vold (pid 336)
                 457 kB: dumpsys (pid 12311)
                 446 kB: ueventd (pid 309)
                 438 kB: perfprofd (pid 462)
                 385 kB: debuggerd (pid 452)
                 383 kB: debuggerd64 (pid 453)
                 253 kB: sh (pid 408)
                 245 kB: servicemanager (pid 373)
                 103 kB: lmkd (pid 372)
                  42 kB: qseecomd (pid 377)
                  23 kB: qseecomd (pid 384)
    88390 kB: System
               88390 kB: system (pid 751)
   134543 kB: Persistent
              106606 kB: com.android.systemui (pid 953)
               17286 kB: com.android.phone (pid 1240)
               10651 kB: com.android.nfc (pid 1227)
    43715 kB: Foreground
               43715 kB: com.moji.mjweather (pid 11473 / activities)
     3491 kB: Visible
                3491 kB: com.android.smspush (pid 1346)
    37644 kB: Perceptible
               28651 kB: com.UCMobile.intl (pid 12175 / activities)
                8993 kB: com.android.inputmethod.latin (pid 1204)
    19356 kB: A Services
               11042 kB: com.baidu.searchbox:megapp (pid 12257)
                8314 kB: com.youku.phone:download (pid 11776)
    38312 kB: Home
               38312 kB: com.android.launcher3 (pid 1456 / activities)
    19849 kB: Previous
               19849 kB: com.sina.weibo (pid 11621 / activities)
    84826 kB: B Services
               59347 kB: com.baidu.searchbox (pid 12028 / activities)
               10177 kB: com.sina.weibo.image (pid 11699)
                7833 kB: com.youku.phone:accelerater (pid 11848)
                7469 kB: com.push.Youku_PushService (pid 11790)
   184027 kB: Cached
               59714 kB: com.youku.phone (pid 11743 / activities)
               28215 kB: com.android.packageinstaller (pid 2724 / activities)
               13065 kB: com.baidu.navi (pid 2580)
               10479 kB: com.sina.weibo:remote (pid 11662)
                8184 kB: android.process.acore (pid 1190)
                7646 kB: com.youku.phone:SoUpgradeService (pid 11966)
                7363 kB: com.android.email (pid 1644)
                6396 kB: com.android.messaging (pid 1665)
                6330 kB: android.process.media (pid 2853)
                5376 kB: com.android.calendar (pid 1547)
                5267 kB: com.android.providers.calendar (pid 1563)
                4981 kB: com.android.gallery3d (pid 1469)
                4825 kB: com.android.defcontainer (pid 1747)
                4527 kB: com.android.deskclock (pid 1628)
                4208 kB: com.android.musicfx (pid 1722)
                3953 kB: com.android.camera2 (pid 1613)
                3498 kB: com.svox.pico (pid 1771)

Total PSS by category:
   167865 kB: Dalvik
               86505 kB: .Heap
               73338 kB: .LOS
                9794 kB: .LinearAlloc
                6314 kB: .Zygote
                6040 kB: .GC
                2771 kB: .IndirectRef
                1708 kB: .NonMoving
                   0 kB: .JITCache
   140598 kB: Native
   107248 kB: EGL mtrack
    95125 kB: .so mmap
    80573 kB: .dex mmap
    45804 kB: .oat mmap
    41869 kB: .art mmap
    30105 kB: .apk mmap
    18605 kB: Dalvik Other
    10084 kB: Unknown
     9024 kB: Stack
     7482 kB: Gfx dev
     5974 kB: Other mmap
     1570 kB: Ashmem
      517 kB: .ttf mmap
      188 kB: Other dev
      160 kB: .jar mmap
        4 kB: Cursor
        0 kB: GL mtrack
        0 kB: Other mtrack

Total RAM: 1857376 kB (status normal)
 Free RAM: 1021815 kB (184027 cached pss + 703692 cached kernel + 134096 free)
 Used RAM: 719452 kB (578768 used pss + 140684 kernel)
 Lost RAM: 116109 kB
     ZRAM: 2272 kB physical used for 10124 kB in swap (520908 kB total swap)
   Tuning: 192 (large 512), oom 322560 kB, restore limit 107520 kB (high-end-gfx)
mar 22 nov 2016, 11.27.49, CET
Applications Memory Usage (kB):
Uptime: 1010967 Realtime: 1010967

Total PSS by process:
   101791 kB: com.android.systemui (pid 953)
    87762 kB: system (pid 751)
    62711 kB: com.youku.phone (pid 12671 / activities)
    60403 kB: com.baidu.searchbox (pid 12957 / activities)
    40333 kB: com.moji.mjweather (pid 12401 / activities)
    38343 kB: com.android.launcher3 (pid 1456 / activities)
    36494 kB: com.UCMobile.intl (pid 13102 / activities)
    32573 kB: com.tencent.mm (pid 12502 / activities)
    28212 kB: com.android.packageinstaller (pid 2724 / activities)
    24508 kB: surfaceflinger (pid 376)
    19409 kB: com.sina.weibo (pid 12549 / activities)
    17539 kB: com.android.phone (pid 1240)
    16898 kB: mm-qcamera-daemon (pid 463)
    14569 kB: zygote (pid 460)
    14304 kB: com.tencent.mm:push (pid 13029)
    13559 kB: zygote64 (pid 459)
    12796 kB: com.baidu.navi (pid 2580)
    10992 kB: app_process (pid 13240)
    10821 kB: com.baidu.searchbox:megapp (pid 13185)
    10670 kB: com.android.nfc (pid 1227)
    10190 kB: com.sina.weibo:remote (pid 12589)
     9930 kB: mediaserver (pid 456)
     9911 kB: com.sina.weibo.image (pid 12627)
     9032 kB: com.android.inputmethod.latin (pid 1204)
     8902 kB: com.youku.phone:accelerater (pid 12781)
     8243 kB: com.push.Youku_PushService (pid 12718)
     8165 kB: com.youku.phone:download (pid 12704)
     8152 kB: android.process.acore (pid 1190)
     7442 kB: com.youku.phone:SoUpgradeService (pid 12896)
     7395 kB: com.android.email (pid 1644)
     6427 kB: com.android.messaging (pid 1665)
     6349 kB: android.process.media (pid 2853)
     5382 kB: com.android.calendar (pid 1547)
     5261 kB: com.android.providers.calendar (pid 1563)
     4963 kB: com.android.gallery3d (pid 1469)
     4841 kB: rild (pid 454)
     4823 kB: com.android.defcontainer (pid 1747)
     4553 kB: com.android.deskclock (pid 1628)
     4208 kB: com.android.musicfx (pid 1722)
     3980 kB: com.android.camera2 (pid 1613)
     3498 kB: com.svox.pico (pid 1771)
     3491 kB: com.android.smspush (pid 1346)
     2882 kB: drmserver (pid 455)
     2669 kB: logd (pid 334)
     1260 kB: sdcard (pid 910)
     1135 kB: netd (pid 451)
      882 kB: keystore (pid 458)
      741 kB: gatekeeperd (pid 461)
      736 kB: adbd (pid 410)
      615 kB: installd (pid 457)
      591 kB: /init (pid 1)
      524 kB: healthd (pid 371)
      501 kB: logcat (pid 2055)
      483 kB: vold (pid 336)
      461 kB: dumpsys (pid 13206)
      446 kB: ueventd (pid 309)
      437 kB: perfprofd (pid 462)
      383 kB: debuggerd64 (pid 453)
      371 kB: debuggerd (pid 452)
      311 kB: wdaemon (pid 12585)
      253 kB: sh (pid 408)
      245 kB: servicemanager (pid 373)
      103 kB: lmkd (pid 372)
       42 kB: qseecomd (pid 377)
       23 kB: qseecomd (pid 384)

Total PSS by OOM adjustment:
   111391 kB: Native
               24508 kB: surfaceflinger (pid 376)
               16898 kB: mm-qcamera-daemon (pid 463)
               14569 kB: zygote (pid 460)
               13559 kB: zygote64 (pid 459)
               10992 kB: app_process (pid 13240)
                9930 kB: mediaserver (pid 456)
                4841 kB: rild (pid 454)
                2882 kB: drmserver (pid 455)
                2669 kB: logd (pid 334)
                1260 kB: sdcard (pid 910)
                1135 kB: netd (pid 451)
                 882 kB: keystore (pid 458)
                 741 kB: gatekeeperd (pid 461)
                 736 kB: adbd (pid 410)
                 615 kB: installd (pid 457)
                 591 kB: /init (pid 1)
                 524 kB: healthd (pid 371)
                 501 kB: logcat (pid 2055)
                 483 kB: vold (pid 336)
                 461 kB: dumpsys (pid 13206)
                 446 kB: ueventd (pid 309)
                 437 kB: perfprofd (pid 462)
                 383 kB: debuggerd64 (pid 453)
                 371 kB: debuggerd (pid 452)
                 311 kB: wdaemon (pid 12585)
                 253 kB: sh (pid 408)
                 245 kB: servicemanager (pid 373)
                 103 kB: lmkd (pid 372)
                  42 kB: qseecomd (pid 377)
                  23 kB: qseecomd (pid 384)
    87762 kB: System
               87762 kB: system (pid 751)
   130000 kB: Persistent
              101791 kB: com.android.systemui (pid 953)
               17539 kB: com.android.phone (pid 1240)
               10670 kB: com.android.nfc (pid 1227)
    76827 kB: Foreground
               40333 kB: com.moji.mjweather (pid 12401 / activities)
               36494 kB: com.UCMobile.intl (pid 13102 / activities)
     3491 kB: Visible
                3491 kB: com.android.smspush (pid 1346)
     9032 kB: Perceptible
                9032 kB: com.android.inputmethod.latin (pid 1204)
    25125 kB: A Services
               14304 kB: com.tencent.mm:push (pid 13029)
               10821 kB: com.baidu.searchbox:megapp (pid 13185)
    38343 kB: Home
               38343 kB: com.android.launcher3 (pid 1456 / activities)
    19409 kB: Previous
               19409 kB: com.sina.weibo (pid 12549 / activities)
    95624 kB: B Services
               60403 kB: com.baidu.searchbox (pid 12957 / activities)
                9911 kB: com.sina.weibo.image (pid 12627)
                8902 kB: com.youku.phone:accelerater (pid 12781)
                8243 kB: com.push.Youku_PushService (pid 12718)
                8165 kB: com.youku.phone:download (pid 12704)
   218915 kB: Cached
               62711 kB: com.youku.phone (pid 12671 / activities)
               32573 kB: com.tencent.mm (pid 12502 / activities)
               28212 kB: com.android.packageinstaller (pid 2724 / activities)
               12796 kB: com.baidu.navi (pid 2580)
               10190 kB: com.sina.weibo:remote (pid 12589)
                8152 kB: android.process.acore (pid 1190)
                7442 kB: com.youku.phone:SoUpgradeService (pid 12896)
                7395 kB: com.android.email (pid 1644)
                6427 kB: com.android.messaging (pid 1665)
                6349 kB: android.process.media (pid 2853)
                5382 kB: com.android.calendar (pid 1547)
                5261 kB: com.android.providers.calendar (pid 1563)
                4963 kB: com.android.gallery3d (pid 1469)
                4823 kB: com.android.defcontainer (pid 1747)
                4553 kB: com.android.deskclock (pid 1628)
                4208 kB: com.android.musicfx (pid 1722)
                3980 kB: com.android.camera2 (pid 1613)
                3498 kB: com.svox.pico (pid 1771)

Total PSS by category:
   182807 kB: Dalvik
               92920 kB: .Heap
               81460 kB: .LOS
               10384 kB: .LinearAlloc
                6964 kB: .GC
                6643 kB: .Zygote
                2917 kB: .IndirectRef
                1784 kB: .NonMoving
                   0 kB: .JITCache
   146088 kB: Native
   115324 kB: EGL mtrack
    99071 kB: .so mmap
    93829 kB: .dex mmap
    47393 kB: .oat mmap
    44557 kB: .art mmap
    29994 kB: .apk mmap
    20265 kB: Dalvik Other
    10689 kB: Unknown
     9536 kB: Stack
     7584 kB: Gfx dev
     6327 kB: Other mmap
     1574 kB: Ashmem
      520 kB: .ttf mmap
      201 kB: Other dev
      160 kB: .jar mmap
        0 kB: Cursor
        0 kB: GL mtrack
        0 kB: Other mtrack

Total RAM: 1857376 kB (status normal)
 Free RAM: 1030807 kB (218915 cached pss + 691332 cached kernel + 120560 free)
 Used RAM: 740464 kB (597004 used pss + 143460 kernel)
 Lost RAM: 86105 kB
     ZRAM: 2272 kB physical used for 10132 kB in swap (520908 kB total swap)
   Tuning: 192 (large 512), oom 322560 kB, restore limit 107520 kB (high-end-gfx)
mar 22 nov 2016, 11.28.22, CET
Applications Memory Usage (kB):
Uptime: 1043256 Realtime: 1043256

Total PSS by process:
   102351 kB: com.android.systemui (pid 953)
    87473 kB: system (pid 751)
    60992 kB: com.youku.phone (pid 13596 / activities)
    56951 kB: com.baidu.searchbox (pid 13881 / activities)
    38212 kB: com.android.launcher3 (pid 1456 / activities)
    36918 kB: com.UCMobile.intl (pid 14028 / activities)
    32591 kB: com.tencent.mm (pid 13427 / activities)
    28175 kB: com.android.packageinstaller (pid 2724 / activities)
    23780 kB: surfaceflinger (pid 376)
    22129 kB: com.moji.mjweather (pid 13326)
    19458 kB: com.sina.weibo (pid 13474 / activities)
    17801 kB: com.android.phone (pid 1240)
    16969 kB: mm-qcamera-daemon (pid 463)
    14458 kB: zygote (pid 460)
    14438 kB: com.tencent.mm:push (pid 13953)
    12838 kB: com.baidu.navi (pid 2580)
    12311 kB: zygote64 (pid 459)
    11569 kB: com.baidu.searchbox:megapp (pid 14113)
    10838 kB: app_process (pid 14146)
    10464 kB: com.android.nfc (pid 1227)
    10183 kB: com.sina.weibo:remote (pid 13515)
     9919 kB: mediaserver (pid 456)
     9884 kB: com.sina.weibo.image (pid 13552)
     9025 kB: com.android.inputmethod.latin (pid 1204)
     8972 kB: com.youku.phone:accelerater (pid 13699)
     8382 kB: com.youku.phone:download (pid 13629)
     8154 kB: android.process.acore (pid 1190)
     7425 kB: com.youku.phone:SoUpgradeService (pid 13819)
     7390 kB: com.android.email (pid 1644)
     7223 kB: com.push.Youku_PushService (pid 13643)
     6422 kB: com.android.messaging (pid 1665)
     6369 kB: android.process.media (pid 2853)
     5409 kB: com.android.calendar (pid 1547)
     5286 kB: com.android.providers.calendar (pid 1563)
     4977 kB: com.android.gallery3d (pid 1469)
     4832 kB: rild (pid 454)
     4824 kB: com.android.defcontainer (pid 1747)
     4548 kB: com.android.deskclock (pid 1628)
     4206 kB: com.android.musicfx (pid 1722)
     3979 kB: com.android.camera2 (pid 1613)
     3497 kB: com.svox.pico (pid 1771)
     3491 kB: com.android.smspush (pid 1346)
     2869 kB: drmserver (pid 455)
     2721 kB: logd (pid 334)
     1260 kB: sdcard (pid 910)
     1135 kB: netd (pid 451)
      882 kB: keystore (pid 458)
      741 kB: gatekeeperd (pid 461)
      736 kB: adbd (pid 410)
      615 kB: installd (pid 457)
      591 kB: /init (pid 1)
      524 kB: healthd (pid 371)
      501 kB: logcat (pid 2055)
      482 kB: vold (pid 336)
      461 kB: dumpsys (pid 14086)
      446 kB: ueventd (pid 309)
      437 kB: perfprofd (pid 462)
      382 kB: debuggerd64 (pid 453)
      369 kB: debuggerd (pid 452)
      308 kB: wdaemon (pid 13511)
      253 kB: sh (pid 408)
      245 kB: servicemanager (pid 373)
      102 kB: lmkd (pid 372)
       42 kB: qseecomd (pid 377)
       23 kB: qseecomd (pid 384)

Total PSS by OOM adjustment:
   120801 kB: Native
               23780 kB: surfaceflinger (pid 376)
               16969 kB: mm-qcamera-daemon (pid 463)
               14458 kB: zygote (pid 460)
               12311 kB: zygote64 (pid 459)
               11569 kB: com.baidu.searchbox:megapp (pid 14113)
               10838 kB: app_process (pid 14146)
                9919 kB: mediaserver (pid 456)
                4832 kB: rild (pid 454)
                2869 kB: drmserver (pid 455)
                2721 kB: logd (pid 334)
                1260 kB: sdcard (pid 910)
                1135 kB: netd (pid 451)
                 882 kB: keystore (pid 458)
                 741 kB: gatekeeperd (pid 461)
                 736 kB: adbd (pid 410)
                 615 kB: installd (pid 457)
                 591 kB: /init (pid 1)
                 524 kB: healthd (pid 371)
                 501 kB: logcat (pid 2055)
                 482 kB: vold (pid 336)
                 461 kB: dumpsys (pid 14086)
                 446 kB: ueventd (pid 309)
                 437 kB: perfprofd (pid 462)
                 382 kB: debuggerd64 (pid 453)
                 369 kB: debuggerd (pid 452)
                 308 kB: wdaemon (pid 13511)
                 253 kB: sh (pid 408)
                 245 kB: servicemanager (pid 373)
                 102 kB: lmkd (pid 372)
                  42 kB: qseecomd (pid 377)
                  23 kB: qseecomd (pid 384)
    87473 kB: System
               87473 kB: system (pid 751)
   130616 kB: Persistent
              102351 kB: com.android.systemui (pid 953)
               17801 kB: com.android.phone (pid 1240)
               10464 kB: com.android.nfc (pid 1227)
    36918 kB: Foreground
               36918 kB: com.UCMobile.intl (pid 14028 / activities)
     3491 kB: Visible
                3491 kB: com.android.smspush (pid 1346)
     9025 kB: Perceptible
                9025 kB: com.android.inputmethod.latin (pid 1204)
    22820 kB: A Services
               14438 kB: com.tencent.mm:push (pid 13953)
                8382 kB: com.youku.phone:download (pid 13629)
    38212 kB: Home
               38212 kB: com.android.launcher3 (pid 1456 / activities)
    19458 kB: Previous
               19458 kB: com.sina.weibo (pid 13474 / activities)
    83030 kB: B Services
               56951 kB: com.baidu.searchbox (pid 13881 / activities)
                9884 kB: com.sina.weibo.image (pid 13552)
                8972 kB: com.youku.phone:accelerater (pid 13699)
                7223 kB: com.push.Youku_PushService (pid 13643)
   239394 kB: Cached
               60992 kB: com.youku.phone (pid 13596 / activities)
               32591 kB: com.tencent.mm (pid 13427 / activities)
               28175 kB: com.android.packageinstaller (pid 2724 / activities)
               22129 kB: com.moji.mjweather (pid 13326)
               12838 kB: com.baidu.navi (pid 2580)
               10183 kB: com.sina.weibo:remote (pid 13515)
                8154 kB: android.process.acore (pid 1190)
                7425 kB: com.youku.phone:SoUpgradeService (pid 13819)
                7390 kB: com.android.email (pid 1644)
                6422 kB: com.android.messaging (pid 1665)
                6369 kB: android.process.media (pid 2853)
                5409 kB: com.android.calendar (pid 1547)
                5286 kB: com.android.providers.calendar (pid 1563)
                4977 kB: com.android.gallery3d (pid 1469)
                4824 kB: com.android.defcontainer (pid 1747)
                4548 kB: com.android.deskclock (pid 1628)
                4206 kB: com.android.musicfx (pid 1722)
                3979 kB: com.android.camera2 (pid 1613)
                3497 kB: com.svox.pico (pid 1771)

Total PSS by category:
   166005 kB: Dalvik
               87357 kB: .Heap
               70439 kB: .LOS
               10125 kB: .LinearAlloc
                6809 kB: .GC
                6573 kB: .Zygote
                2869 kB: .IndirectRef
                1636 kB: .NonMoving
                   0 kB: .JITCache
   143908 kB: Native
   115324 kB: EGL mtrack
    97443 kB: .so mmap
    91708 kB: .dex mmap
    46886 kB: .oat mmap
    44650 kB: .art mmap
    29241 kB: .apk mmap
    19803 kB: Dalvik Other
    10655 kB: Unknown
     9410 kB: Stack
     7606 kB: Gfx dev
     6203 kB: Other mmap
     1574 kB: Ashmem
      460 kB: .ttf mmap
      202 kB: Other dev
      160 kB: .jar mmap
        0 kB: Cursor
        0 kB: GL mtrack
        0 kB: Other mtrack

Total RAM: 1857376 kB (status normal)
 Free RAM: 1038818 kB (239394 cached pss + 693288 cached kernel + 106136 free)
 Used RAM: 696176 kB (551844 used pss + 144332 kernel)
 Lost RAM: 122382 kB
     ZRAM: 2272 kB physical used for 10144 kB in swap (520908 kB total swap)
   Tuning: 192 (large 512), oom 322560 kB, restore limit 107520 kB (high-end-gfx)
mar 22 nov 2016, 11.28.54, CET
Applications Memory Usage (kB):
Uptime: 1075611 Realtime: 1075611

Total PSS by process:
   102941 kB: com.android.systemui (pid 953)
    87417 kB: system (pid 751)
    63720 kB: com.youku.phone (pid 14522 / activities)
    51376 kB: com.baidu.searchbox (pid 14807 / activities)
    38191 kB: com.android.launcher3 (pid 1456 / activities)
    32489 kB: com.tencent.mm (pid 14354 / activities)
    28420 kB: com.android.packageinstaller (pid 2724 / activities)
    27149 kB: com.UCMobile.intl (pid 14955 / activities)
    23654 kB: surfaceflinger (pid 376)
    22379 kB: com.moji.mjweather (pid 14253)
    19462 kB: com.sina.weibo (pid 14400 / activities)
    18077 kB: com.android.phone (pid 1240)
    16937 kB: mm-qcamera-daemon (pid 463)
    15561 kB: zygote64 (pid 459)
    14497 kB: com.tencent.mm:push (pid 14879)
    14016 kB: zygote (pid 460)
    12945 kB: com.baidu.navi (pid 2580)
    11240 kB: com.baidu.searchbox:megapp (pid 15037)
    10476 kB: com.android.nfc (pid 1227)
    10301 kB: com.sina.weibo:remote (pid 14440)
     9973 kB: com.sina.weibo.image (pid 14478)
     9916 kB: mediaserver (pid 456)
     9271 kB: com.youku.phone:accelerater (pid 14629)
     9025 kB: com.android.inputmethod.latin (pid 1204)
     8509 kB: com.push.Youku_PushService (pid 14569)
     8464 kB: com.youku.phone:download (pid 14555)
     8198 kB: android.process.acore (pid 1190)
     7569 kB: com.youku.phone:SoUpgradeService (pid 14745)
     7390 kB: com.android.email (pid 1644)
     6422 kB: com.android.messaging (pid 1665)
     6369 kB: android.process.media (pid 2853)
     5408 kB: com.android.calendar (pid 1547)
     5286 kB: com.android.providers.calendar (pid 1563)
     4995 kB: com.android.gallery3d (pid 1469)
     4924 kB: rild (pid 454)
     4853 kB: com.android.defcontainer (pid 1747)
     4548 kB: com.android.deskclock (pid 1628)
     4236 kB: com.android.musicfx (pid 1722)
     3979 kB: com.android.camera2 (pid 1613)
     3522 kB: com.svox.pico (pid 1771)
     3491 kB: com.android.smspush (pid 1346)
     2870 kB: drmserver (pid 455)
     2752 kB: logd (pid 334)
     1261 kB: sdcard (pid 910)
     1135 kB: netd (pid 451)
      888 kB: keystore (pid 458)
      742 kB: gatekeeperd (pid 461)
      728 kB: adbd (pid 410)
      616 kB: installd (pid 457)
      591 kB: /init (pid 1)
      524 kB: healthd (pid 371)
      502 kB: logcat (pid 2055)
      482 kB: vold (pid 336)
      461 kB: dumpsys (pid 14986)
      446 kB: ueventd (pid 309)
      440 kB: perfprofd (pid 462)
      382 kB: debuggerd64 (pid 453)
      369 kB: debuggerd (pid 452)
      314 kB: wdaemon (pid 14436)
      253 kB: sh (pid 408)
      245 kB: servicemanager (pid 373)
      102 kB: lmkd (pid 372)
       42 kB: qseecomd (pid 377)
       23 kB: qseecomd (pid 384)
        0 kB: com.android.commands.monkey (pid 15050)

Total PSS by OOM adjustment:
   112416 kB: Native
               23654 kB: surfaceflinger (pid 376)
               16937 kB: mm-qcamera-daemon (pid 463)
               15561 kB: zygote64 (pid 459)
               14016 kB: zygote (pid 460)
               11240 kB: com.baidu.searchbox:megapp (pid 15037)
                9916 kB: mediaserver (pid 456)
                4924 kB: rild (pid 454)
                2870 kB: drmserver (pid 455)
                2752 kB: logd (pid 334)
                1261 kB: sdcard (pid 910)
                1135 kB: netd (pid 451)
                 888 kB: keystore (pid 458)
                 742 kB: gatekeeperd (pid 461)
                 728 kB: adbd (pid 410)
                 616 kB: installd (pid 457)
                 591 kB: /init (pid 1)
                 524 kB: healthd (pid 371)
                 502 kB: logcat (pid 2055)
                 482 kB: vold (pid 336)
                 461 kB: dumpsys (pid 14986)
                 446 kB: ueventd (pid 309)
                 440 kB: perfprofd (pid 462)
                 382 kB: debuggerd64 (pid 453)
                 369 kB: debuggerd (pid 452)
                 314 kB: wdaemon (pid 14436)
                 253 kB: sh (pid 408)
                 245 kB: servicemanager (pid 373)
                 102 kB: lmkd (pid 372)
                  42 kB: qseecomd (pid 377)
                  23 kB: qseecomd (pid 384)
                   0 kB: com.android.commands.monkey (pid 15050)
    87417 kB: System
               87417 kB: system (pid 751)
   131494 kB: Persistent
              102941 kB: com.android.systemui (pid 953)
               18077 kB: com.android.phone (pid 1240)
               10476 kB: com.android.nfc (pid 1227)
    27149 kB: Foreground
               27149 kB: com.UCMobile.intl (pid 14955 / activities)
     3491 kB: Visible
                3491 kB: com.android.smspush (pid 1346)
     9025 kB: Perceptible
                9025 kB: com.android.inputmethod.latin (pid 1204)
    22961 kB: A Services
               14497 kB: com.tencent.mm:push (pid 14879)
                8464 kB: com.youku.phone:download (pid 14555)
    38191 kB: Home
               38191 kB: com.android.launcher3 (pid 1456 / activities)
    19462 kB: Previous
               19462 kB: com.sina.weibo (pid 14400 / activities)
    27753 kB: B Services
                9973 kB: com.sina.weibo.image (pid 14478)
                9271 kB: com.youku.phone:accelerater (pid 14629)
                8509 kB: com.push.Youku_PushService (pid 14569)
   294405 kB: Cached
               63720 kB: com.youku.phone (pid 14522 / activities)
               51376 kB: com.baidu.searchbox (pid 14807 / activities)
               32489 kB: com.tencent.mm (pid 14354 / activities)
               28420 kB: com.android.packageinstaller (pid 2724 / activities)
               22379 kB: com.moji.mjweather (pid 14253)
               12945 kB: com.baidu.navi (pid 2580)
               10301 kB: com.sina.weibo:remote (pid 14440)
                8198 kB: android.process.acore (pid 1190)
                7569 kB: com.youku.phone:SoUpgradeService (pid 14745)
