lun 21 nov 2016, 12.22.42, CET
Applications Memory Usage (kB):
Uptime: 1124074 Realtime: 1124074

Total PSS by process:
    95070 kB: com.android.systemui (pid 975)
    92860 kB: system (pid 750)
    39896 kB: com.android.launcher3 (pid 1237 / activities)
    32326 kB: surfaceflinger (pid 368)
    28681 kB: com.android.packageinstaller (pid 2123)
    21858 kB: com.tencent.mm (pid 1159)
    20107 kB: zygote64 (pid 458)
    19722 kB: zygote (pid 459)
    17276 kB: mm-qcamera-daemon (pid 462)
    15872 kB: com.sina.weibo (pid 1716)
    15636 kB: com.android.phone (pid 1222)
    15092 kB: com.sina.weibo:remote (pid 1761)
    14888 kB: com.youku.phone (pid 1839)
    14597 kB: com.baidu.navi (pid 1678)
    13375 kB: com.tencent.mm:push (pid 1818)
    10717 kB: com.tencent.mm:exdevice (pid 1794)
    10528 kB: com.android.inputmethod.latin (pid 1177)
     9478 kB: com.android.email (pid 1637)
     9277 kB: com.android.nfc (pid 1206)
     9050 kB: com.youku.phone:accelerater (pid 1932)
     8984 kB: android.process.media (pid 921)
     8979 kB: com.push.Youku_PushService (pid 1887)
     8734 kB: com.android.messaging (pid 1660)
     8463 kB: mediaserver (pid 455)
     8299 kB: com.youku.phone:download (pid 1872)
     6655 kB: com.android.calendar (pid 1593)
     6235 kB: com.android.providers.calendar (pid 1537)
     5999 kB: com.android.deskclock (pid 1615)
     4992 kB: rild (pid 453)
     4704 kB: com.android.printspooler (pid 1255)
     4092 kB: com.android.musicfx (pid 2030)
     3896 kB: com.android.onetimeinitializer (pid 1572)
     3847 kB: com.android.smspush (pid 1368)
     3190 kB: drmserver (pid 454)
     2369 kB: logd (pid 334)
     1526 kB: vold (pid 336)
     1284 kB: sdcard (pid 915)
     1135 kB: netd (pid 450)
      991 kB: keystore (pid 457)
      960 kB: /init (pid 1)
      779 kB: gatekeeperd (pid 460)
      674 kB: ueventd (pid 309)
      640 kB: sh (pid 400)
      621 kB: top (pid 2101)
      621 kB: top (pid 2105)
      584 kB: adbd (pid 402)
      576 kB: healthd (pid 365)
      472 kB: logcat (pid 2087)
      462 kB: dumpsys (pid 2107)
      444 kB: servicemanager (pid 367)
      439 kB: perfprofd (pid 461)
      431 kB: installd (pid 456)
      422 kB: qseecomd (pid 379)
      383 kB: debuggerd64 (pid 452)
      381 kB: lmkd (pid 366)
      379 kB: debuggerd (pid 451)
      327 kB: wdaemon (pid 1777)
      301 kB: qseecomd (pid 371)

Total PSS by OOM adjustment:
   151958 kB: Native
               32326 kB: surfaceflinger (pid 368)
               28681 kB: com.android.packageinstaller (pid 2123)
               20107 kB: zygote64 (pid 458)
               19722 kB: zygote (pid 459)
               17276 kB: mm-qcamera-daemon (pid 462)
                8463 kB: mediaserver (pid 455)
                4992 kB: rild (pid 453)
                3190 kB: drmserver (pid 454)
                2369 kB: logd (pid 334)
                1526 kB: vold (pid 336)
                1284 kB: sdcard (pid 915)
                1135 kB: netd (pid 450)
                 991 kB: keystore (pid 457)
                 960 kB: /init (pid 1)
                 779 kB: gatekeeperd (pid 460)
                 674 kB: ueventd (pid 309)
                 640 kB: sh (pid 400)
                 621 kB: top (pid 2101)
                 621 kB: top (pid 2105)
                 584 kB: adbd (pid 402)
                 576 kB: healthd (pid 365)
                 472 kB: logcat (pid 2087)
                 462 kB: dumpsys (pid 2107)
                 444 kB: servicemanager (pid 367)
                 439 kB: perfprofd (pid 461)
                 431 kB: installd (pid 456)
                 422 kB: qseecomd (pid 379)
                 383 kB: debuggerd64 (pid 452)
                 381 kB: lmkd (pid 366)
                 379 kB: debuggerd (pid 451)
                 327 kB: wdaemon (pid 1777)
                 301 kB: qseecomd (pid 371)
    92860 kB: System
               92860 kB: system (pid 750)
   119983 kB: Persistent
               95070 kB: com.android.systemui (pid 975)
               15636 kB: com.android.phone (pid 1222)
                9277 kB: com.android.nfc (pid 1206)
    17222 kB: Visible
               13375 kB: com.tencent.mm:push (pid 1818)
                3847 kB: com.android.smspush (pid 1368)
    10528 kB: Perceptible
               10528 kB: com.android.inputmethod.latin (pid 1177)
    24071 kB: A Services
               15092 kB: com.sina.weibo:remote (pid 1761)
                8979 kB: com.push.Youku_PushService (pid 1887)
    39896 kB: Home
               39896 kB: com.android.launcher3 (pid 1237 / activities)
   154058 kB: Cached
               21858 kB: com.tencent.mm (pid 1159)
               15872 kB: com.sina.weibo (pid 1716)
               14888 kB: com.youku.phone (pid 1839)
               14597 kB: com.baidu.navi (pid 1678)
               10717 kB: com.tencent.mm:exdevice (pid 1794)
                9478 kB: com.android.email (pid 1637)
                9050 kB: com.youku.phone:accelerater (pid 1932)
                8984 kB: android.process.media (pid 921)
                8734 kB: com.android.messaging (pid 1660)
                8299 kB: com.youku.phone:download (pid 1872)
                6655 kB: com.android.calendar (pid 1593)
                6235 kB: com.android.providers.calendar (pid 1537)
                5999 kB: com.android.deskclock (pid 1615)
                4704 kB: com.android.printspooler (pid 1255)
                4092 kB: com.android.musicfx (pid 2030)
                3896 kB: com.android.onetimeinitializer (pid 1572)

Total PSS by category:
   110580 kB: EGL mtrack
   101629 kB: Dalvik
               47908 kB: .Heap
               47219 kB: .LOS
                6421 kB: .LinearAlloc
                5502 kB: .Zygote
                3530 kB: .GC
                2111 kB: .IndirectRef
                1000 kB: .NonMoving
                   0 kB: .JITCache
    97643 kB: Native
    92515 kB: .so mmap
    65530 kB: .dex mmap
    47804 kB: .oat mmap
    38995 kB: .art mmap
    16884 kB: .apk mmap
    12062 kB: Dalvik Other
     7814 kB: Unknown
     7308 kB: Stack
     5613 kB: Other mmap
     3680 kB: Gfx dev
     1917 kB: .ttf mmap
      288 kB: Ashmem
      160 kB: .jar mmap
      154 kB: Other dev
        0 kB: Cursor
        0 kB: GL mtrack
        0 kB: Other mtrack

Total RAM: 1857376 kB (status normal)
 Free RAM: 1156170 kB (154058 cached pss + 803288 cached kernel + 198824 free)
 Used RAM: 577486 kB (456518 used pss + 120968 kernel)
 Lost RAM: 123720 kB
     ZRAM: 16 kB physical used for 12 kB in swap (520908 kB total swap)
   Tuning: 192 (large 512), oom 322560 kB, restore limit 107520 kB (high-end-gfx)
lun 21 nov 2016, 12.23.14, CET
Applications Memory Usage (kB):
Uptime: 1155452 Realtime: 1155452

Total PSS by process:
    76836 kB: system (pid 750)
    74076 kB: com.android.systemui (pid 975)
    52397 kB: com.android.launcher3 (pid 1237 / activities)
    33135 kB: surfaceflinger (pid 368)
    30846 kB: zygote (pid 459)
    25148 kB: com.android.packageinstaller (pid 2123)
    20469 kB: com.baidu.navi (pid 1678)
    20435 kB: com.baidu.navi:bdservice_v1 (pid 2560)
    20219 kB: zygote64 (pid 458)
    17481 kB: mm-qcamera-daemon (pid 462)
    15979 kB: com.android.phone (pid 1222)
    10451 kB: com.android.inputmethod.latin (pid 1177)
     9831 kB: com.android.email (pid 1637)
     9640 kB: com.android.nfc (pid 1206)
     9094 kB: mediaserver (pid 455)
     9044 kB: android.process.media (pid 921)
     8756 kB: com.android.messaging (pid 1660)
     6515 kB: com.android.calendar (pid 1593)
     6298 kB: com.android.deskclock (pid 1615)
     6120 kB: com.android.providers.calendar (pid 1537)
     4995 kB: rild (pid 453)
     4575 kB: com.android.printspooler (pid 1255)
     3977 kB: com.android.musicfx (pid 2030)
     3884 kB: com.android.onetimeinitializer (pid 1572)
     3869 kB: com.android.smspush (pid 1368)
     3284 kB: drmserver (pid 454)
     2274 kB: logd (pid 334)
     1429 kB: vold (pid 336)
     1287 kB: sdcard (pid 915)
     1138 kB: netd (pid 450)
      996 kB: keystore (pid 457)
      781 kB: gatekeeperd (pid 460)
      679 kB: /init (pid 1)
      643 kB: sh (pid 400)
      576 kB: healthd (pid 365)
      572 kB: adbd (pid 402)
      490 kB: logcat (pid 2087)
      466 kB: dumpsys (pid 2881)
      462 kB: ueventd (pid 309)
      448 kB: servicemanager (pid 367)
      442 kB: perfprofd (pid 461)
      434 kB: installd (pid 456)
      429 kB: debuggerd (pid 451)
      422 kB: qseecomd (pid 379)
      386 kB: debuggerd64 (pid 452)
      385 kB: lmkd (pid 366)
      304 kB: qseecomd (pid 371)

Total PSS by OOM adjustment:
   134097 kB: Native
               33135 kB: surfaceflinger (pid 368)
               30846 kB: zygote (pid 459)
               20219 kB: zygote64 (pid 458)
               17481 kB: mm-qcamera-daemon (pid 462)
                9094 kB: mediaserver (pid 455)
                4995 kB: rild (pid 453)
                3284 kB: drmserver (pid 454)
                2274 kB: logd (pid 334)
                1429 kB: vold (pid 336)
                1287 kB: sdcard (pid 915)
                1138 kB: netd (pid 450)
                 996 kB: keystore (pid 457)
                 781 kB: gatekeeperd (pid 460)
                 679 kB: /init (pid 1)
                 643 kB: sh (pid 400)
                 576 kB: healthd (pid 365)
                 572 kB: adbd (pid 402)
                 490 kB: logcat (pid 2087)
                 466 kB: dumpsys (pid 2881)
                 462 kB: ueventd (pid 309)
                 448 kB: servicemanager (pid 367)
                 442 kB: perfprofd (pid 461)
                 434 kB: installd (pid 456)
                 429 kB: debuggerd (pid 451)
                 422 kB: qseecomd (pid 379)
                 386 kB: debuggerd64 (pid 452)
                 385 kB: lmkd (pid 366)
                 304 kB: qseecomd (pid 371)
    76836 kB: System
               76836 kB: system (pid 750)
    99695 kB: Persistent
               74076 kB: com.android.systemui (pid 975)
               15979 kB: com.android.phone (pid 1222)
                9640 kB: com.android.nfc (pid 1206)
    52397 kB: Foreground
               52397 kB: com.android.launcher3 (pid 1237 / activities)
     3869 kB: Visible
                3869 kB: com.android.smspush (pid 1368)
    10451 kB: Perceptible
               10451 kB: com.android.inputmethod.latin (pid 1177)
    20435 kB: A Services
               20435 kB: com.baidu.navi:bdservice_v1 (pid 2560)
   104617 kB: Cached
               25148 kB: com.android.packageinstaller (pid 2123)
               20469 kB: com.baidu.navi (pid 1678)
                9831 kB: com.android.email (pid 1637)
                9044 kB: android.process.media (pid 921)
                8756 kB: com.android.messaging (pid 1660)
                6515 kB: com.android.calendar (pid 1593)
                6298 kB: com.android.deskclock (pid 1615)
                6120 kB: com.android.providers.calendar (pid 1537)
                4575 kB: com.android.printspooler (pid 1255)
                3977 kB: com.android.musicfx (pid 2030)
                3884 kB: com.android.onetimeinitializer (pid 1572)

Total PSS by category:
    88632 kB: Native
    87617 kB: .so mmap
    79317 kB: Dalvik
               43084 kB: .LOS
               30566 kB: .Heap
                4795 kB: .Zygote
                4205 kB: .LinearAlloc
                2369 kB: .GC
                1470 kB: .IndirectRef
                 872 kB: .NonMoving
                   0 kB: .JITCache
    77052 kB: EGL mtrack
    45659 kB: .oat mmap
    37036 kB: .dex mmap
    34347 kB: .art mmap
    16231 kB: .apk mmap
     8044 kB: Dalvik Other
     7639 kB: Unknown
     6163 kB: Stack
     4899 kB: Other mmap
     4272 kB: Gfx dev
     3284 kB: Ashmem
     1920 kB: .ttf mmap
      160 kB: .jar mmap
      125 kB: Other dev
        0 kB: Cursor
        0 kB: GL mtrack
        0 kB: Other mtrack

Total RAM: 1857376 kB (status normal)
 Free RAM: 1220677 kB (104617 cached pss + 817764 cached kernel + 298296 free)
 Used RAM: 515424 kB (397780 used pss + 117644 kernel)
 Lost RAM: 121275 kB
     ZRAM: 884 kB physical used for 820 kB in swap (520908 kB total swap)
   Tuning: 192 (large 512), oom 322560 kB, restore limit 107520 kB (high-end-gfx)
lun 21 nov 2016, 12.23.45, CET
Applications Memory Usage (kB):
Uptime: 1186711 Realtime: 1186711

Total PSS by process:
    78504 kB: system (pid 750)
    72693 kB: com.android.systemui (pid 975)
    52211 kB: com.android.launcher3 (pid 1237 / activities)
    33711 kB: surfaceflinger (pid 368)
    30911 kB: zygote (pid 459)
    25710 kB: com.android.packageinstaller (pid 2123)
    20476 kB: com.baidu.navi:bdservice_v1 (pid 2560)
    20476 kB: com.baidu.navi (pid 1678)
    20219 kB: zygote64 (pid 458)
    17481 kB: mm-qcamera-daemon (pid 462)
    16247 kB: com.android.phone (pid 1222)
    10460 kB: com.android.inputmethod.latin (pid 1177)
     9832 kB: com.android.email (pid 1637)
     9656 kB: com.android.nfc (pid 1206)
     9094 kB: mediaserver (pid 455)
     9084 kB: android.process.media (pid 921)
     8758 kB: com.android.messaging (pid 1660)
     6516 kB: com.android.calendar (pid 1593)
     6299 kB: com.android.deskclock (pid 1615)
     6121 kB: com.android.providers.calendar (pid 1537)
     4992 kB: rild (pid 453)
     4576 kB: com.android.printspooler (pid 1255)
     3978 kB: com.android.musicfx (pid 2030)
     3886 kB: com.android.onetimeinitializer (pid 1572)
     3870 kB: com.android.smspush (pid 1368)
     3284 kB: drmserver (pid 454)
     2458 kB: logd (pid 334)
     1405 kB: vold (pid 336)
     1287 kB: sdcard (pid 915)
     1147 kB: netd (pid 450)
      994 kB: keystore (pid 457)
      781 kB: gatekeeperd (pid 460)
      679 kB: /init (pid 1)
      630 kB: sh (pid 400)
      576 kB: healthd (pid 365)
      568 kB: adbd (pid 402)
      492 kB: logcat (pid 2087)
      462 kB: ueventd (pid 309)
      462 kB: dumpsys (pid 3869)
      448 kB: servicemanager (pid 367)
      442 kB: perfprofd (pid 461)
      432 kB: installd (pid 456)
      429 kB: debuggerd (pid 451)
      422 kB: qseecomd (pid 379)
      385 kB: lmkd (pid 366)
      383 kB: debuggerd64 (pid 452)
      304 kB: qseecomd (pid 371)

Total PSS by OOM adjustment:
   134878 kB: Native
               33711 kB: surfaceflinger (pid 368)
               30911 kB: zygote (pid 459)
               20219 kB: zygote64 (pid 458)
               17481 kB: mm-qcamera-daemon (pid 462)
                9094 kB: mediaserver (pid 455)
                4992 kB: rild (pid 453)
                3284 kB: drmserver (pid 454)
                2458 kB: logd (pid 334)
                1405 kB: vold (pid 336)
                1287 kB: sdcard (pid 915)
                1147 kB: netd (pid 450)
                 994 kB: keystore (pid 457)
                 781 kB: gatekeeperd (pid 460)
                 679 kB: /init (pid 1)
                 630 kB: sh (pid 400)
                 576 kB: healthd (pid 365)
                 568 kB: adbd (pid 402)
                 492 kB: logcat (pid 2087)
                 462 kB: ueventd (pid 309)
                 462 kB: dumpsys (pid 3869)
                 448 kB: servicemanager (pid 367)
                 442 kB: perfprofd (pid 461)
                 432 kB: installd (pid 456)
                 429 kB: debuggerd (pid 451)
                 422 kB: qseecomd (pid 379)
                 385 kB: lmkd (pid 366)
                 383 kB: debuggerd64 (pid 452)
                 304 kB: qseecomd (pid 371)
    78504 kB: System
               78504 kB: system (pid 750)
    98596 kB: Persistent
               72693 kB: com.android.systemui (pid 975)
               16247 kB: com.android.phone (pid 1222)
                9656 kB: com.android.nfc (pid 1206)
    52211 kB: Foreground
               52211 kB: com.android.launcher3 (pid 1237 / activities)
     3870 kB: Visible
                3870 kB: com.android.smspush (pid 1368)
    10460 kB: Perceptible
               10460 kB: com.android.inputmethod.latin (pid 1177)
    20476 kB: A Services
               20476 kB: com.baidu.navi:bdservice_v1 (pid 2560)
   105236 kB: Cached
               25710 kB: com.android.packageinstaller (pid 2123)
               20476 kB: com.baidu.navi (pid 1678)
                9832 kB: com.android.email (pid 1637)
                9084 kB: android.process.media (pid 921)
                8758 kB: com.android.messaging (pid 1660)
                6516 kB: com.android.calendar (pid 1593)
                6299 kB: com.android.deskclock (pid 1615)
                6121 kB: com.android.providers.calendar (pid 1537)
                4576 kB: com.android.printspooler (pid 1255)
                3978 kB: com.android.musicfx (pid 2030)
                3886 kB: com.android.onetimeinitializer (pid 1572)

Total PSS by category:
    90251 kB: Native
    87599 kB: .so mmap
    77585 kB: Dalvik
               41108 kB: .LOS
               30810 kB: .Heap
                4795 kB: .Zygote
                4205 kB: .LinearAlloc
                2417 kB: .GC
                1478 kB: .IndirectRef
                 872 kB: .NonMoving
                   0 kB: .JITCache
    77052 kB: EGL mtrack
    45685 kB: .oat mmap
    37084 kB: .dex mmap
    34347 kB: .art mmap
    16335 kB: .apk mmap
     8100 kB: Dalvik Other
     7629 kB: Unknown
     6175 kB: Stack
     5012 kB: Gfx dev
     4876 kB: Other mmap
     4296 kB: Ashmem
     1920 kB: .ttf mmap
      160 kB: .jar mmap
      125 kB: Other dev
        0 kB: Cursor
        0 kB: GL mtrack
        0 kB: Other mtrack

Total RAM: 1857376 kB (status normal)
 Free RAM: 1204672 kB (105236 cached pss + 826408 cached kernel + 273028 free)
 Used RAM: 522027 kB (398995 used pss + 123032 kernel)
 Lost RAM: 130677 kB
     ZRAM: 960 kB physical used for 892 kB in swap (520908 kB total swap)
   Tuning: 192 (large 512), oom 322560 kB, restore limit 107520 kB (high-end-gfx)
lun 21 nov 2016, 12.24.16, CET
Applications Memory Usage (kB):
Uptime: 1217917 Realtime: 1217917

Total PSS by process:
    78923 kB: system (pid 750)
    72853 kB: com.android.systemui (pid 975)
    52167 kB: com.android.launcher3 (pid 1237 / activities)
    34029 kB: surfaceflinger (pid 368)
    30955 kB: zygote (pid 459)
    26122 kB: com.android.packageinstaller (pid 2123)
    20500 kB: com.baidu.navi:bdservice_v1 (pid 2560)
    20476 kB: com.baidu.navi (pid 1678)
    20202 kB: zygote64 (pid 458)
    17481 kB: mm-qcamera-daemon (pid 462)
    16534 kB: com.android.phone (pid 1222)
    10488 kB: com.android.inputmethod.latin (pid 1177)
     9832 kB: com.android.email (pid 1637)
     9680 kB: com.android.nfc (pid 1206)
     9108 kB: android.process.media (pid 921)
     9094 kB: mediaserver (pid 455)
     8758 kB: com.android.messaging (pid 1660)
     6515 kB: com.android.calendar (pid 1593)
     6299 kB: com.android.deskclock (pid 1615)
     6121 kB: com.android.providers.calendar (pid 1537)
     4995 kB: rild (pid 453)
     4576 kB: com.android.printspooler (pid 1255)
     3978 kB: com.android.musicfx (pid 2030)
     3886 kB: com.android.onetimeinitializer (pid 1572)
     3870 kB: com.android.smspush (pid 1368)
     3284 kB: drmserver (pid 454)
     2542 kB: logd (pid 334)
     1287 kB: sdcard (pid 915)
     1150 kB: netd (pid 450)
     1137 kB: vold (pid 336)
      996 kB: keystore (pid 457)
      781 kB: gatekeeperd (pid 460)
      679 kB: /init (pid 1)
      643 kB: sh (pid 400)
      592 kB: adbd (pid 402)
      576 kB: healthd (pid 365)
      492 kB: logcat (pid 2087)
      466 kB: dumpsys (pid 4861)
      462 kB: ueventd (pid 309)
      448 kB: servicemanager (pid 367)
      442 kB: perfprofd (pid 461)
      434 kB: installd (pid 456)
      429 kB: debuggerd (pid 451)
      422 kB: qseecomd (pid 379)
      386 kB: debuggerd64 (pid 452)
      385 kB: lmkd (pid 366)
      304 kB: qseecomd (pid 371)

Total PSS by OOM adjustment:
   135093 kB: Native
               34029 kB: surfaceflinger (pid 368)
               30955 kB: zygote (pid 459)
               20202 kB: zygote64 (pid 458)
               17481 kB: mm-qcamera-daemon (pid 462)
                9094 kB: mediaserver (pid 455)
                4995 kB: rild (pid 453)
                3284 kB: drmserver (pid 454)
                2542 kB: logd (pid 334)
                1287 kB: sdcard (pid 915)
                1150 kB: netd (pid 450)
                1137 kB: vold (pid 336)
                 996 kB: keystore (pid 457)
                 781 kB: gatekeeperd (pid 460)
                 679 kB: /init (pid 1)
                 643 kB: sh (pid 400)
                 592 kB: adbd (pid 402)
                 576 kB: healthd (pid 365)
                 492 kB: logcat (pid 2087)
                 466 kB: dumpsys (pid 4861)
                 462 kB: ueventd (pid 309)
                 448 kB: servicemanager (pid 367)
                 442 kB: perfprofd (pid 461)
                 434 kB: installd (pid 456)
                 429 kB: debuggerd (pid 451)
                 422 kB: qseecomd (pid 379)
                 386 kB: debuggerd64 (pid 452)
                 385 kB: lmkd (pid 366)
                 304 kB: qseecomd (pid 371)
    78923 kB: System
               78923 kB: system (pid 750)
    99067 kB: Persistent
               72853 kB: com.android.systemui (pid 975)
               16534 kB: com.android.phone (pid 1222)
                9680 kB: com.android.nfc (pid 1206)
    52167 kB: Foreground
               52167 kB: com.android.launcher3 (pid 1237 / activities)
     3870 kB: Visible
                3870 kB: com.android.smspush (pid 1368)
    10488 kB: Perceptible
               10488 kB: com.android.inputmethod.latin (pid 1177)
    20500 kB: A Services
               20500 kB: com.baidu.navi:bdservice_v1 (pid 2560)
   105671 kB: Cached
               26122 kB: com.android.packageinstaller (pid 2123)
               20476 kB: com.baidu.navi (pid 1678)
                9832 kB: com.android.email (pid 1637)
                9108 kB: android.process.media (pid 921)
                8758 kB: com.android.messaging (pid 1660)
                6515 kB: com.android.calendar (pid 1593)
                6299 kB: com.android.deskclock (pid 1615)
                6121 kB: com.android.providers.calendar (pid 1537)
                4576 kB: com.android.printspooler (pid 1255)
                3978 kB: com.android.musicfx (pid 2030)
                3886 kB: com.android.onetimeinitializer (pid 1572)

Total PSS by category:
    92516 kB: Native
    87360 kB: .so mmap
    77052 kB: EGL mtrack
    76353 kB: Dalvik
               39412 kB: .LOS
               31270 kB: .Heap
                4795 kB: .Zygote
                4205 kB: .LinearAlloc
                2513 kB: .GC
                1490 kB: .IndirectRef
                 876 kB: .NonMoving
                   0 kB: .JITCache
    45738 kB: .oat mmap
    37108 kB: .dex mmap
    34347 kB: .art mmap
    16335 kB: .apk mmap
     8208 kB: Dalvik Other
     7623 kB: Unknown
     6191 kB: Stack
     5532 kB: Gfx dev
     4899 kB: Other mmap
     4312 kB: Ashmem
     1920 kB: .ttf mmap
      160 kB: .jar mmap
      125 kB: Other dev
        0 kB: Cursor
        0 kB: GL mtrack
        0 kB: Other mtrack

Total RAM: 1857376 kB (status normal)
 Free RAM: 1209051 kB (105671 cached pss + 819256 cached kernel + 284124 free)
 Used RAM: 527828 kB (400108 used pss + 127720 kernel)
 Lost RAM: 120497 kB
     ZRAM: 1188 kB physical used for 1200 kB in swap (520908 kB total swap)
   Tuning: 192 (large 512), oom 322560 kB, restore limit 107520 kB (high-end-gfx)
lun 21 nov 2016, 12.24.47, CET
Applications Memory Usage (kB):
Uptime: 1249149 Realtime: 1249149

Total PSS by process:
    78257 kB: system (pid 750)
    71473 kB: com.android.systemui (pid 975)
    52053 kB: com.android.launcher3 (pid 1237 / activities)
    34237 kB: surfaceflinger (pid 368)
    31049 kB: zygote (pid 459)
    26220 kB: com.android.packageinstaller (pid 2123)
    20502 kB: com.baidu.navi:bdservice_v1 (pid 2560)
    20482 kB: com.baidu.navi (pid 1678)
    20202 kB: zygote64 (pid 458)
    17481 kB: mm-qcamera-daemon (pid 462)
    16790 kB: com.android.phone (pid 1222)
    10500 kB: com.android.inputmethod.latin (pid 1177)
     9832 kB: com.android.email (pid 1637)
     9700 kB: com.android.nfc (pid 1206)
     9120 kB: android.process.media (pid 921)
     9094 kB: mediaserver (pid 455)
     8758 kB: com.android.messaging (pid 1660)
     6515 kB: com.android.calendar (pid 1593)
     6299 kB: com.android.deskclock (pid 1615)
     6121 kB: com.android.providers.calendar (pid 1537)
     4995 kB: rild (pid 453)
     4576 kB: com.android.printspooler (pid 1255)
     3978 kB: com.android.musicfx (pid 2030)
     3886 kB: com.android.onetimeinitializer (pid 1572)
     3870 kB: com.android.smspush (pid 1368)
     3284 kB: drmserver (pid 454)
     2574 kB: logd (pid 334)
     1287 kB: sdcard (pid 915)
     1150 kB: netd (pid 450)
     1069 kB: vold (pid 336)
      996 kB: keystore (pid 457)
      781 kB: gatekeeperd (pid 460)
      679 kB: /init (pid 1)
      643 kB: sh (pid 400)
      580 kB: adbd (pid 402)
      576 kB: healthd (pid 365)
      492 kB: logcat (pid 2087)
      466 kB: dumpsys (pid 5848)
      462 kB: ueventd (pid 309)
      448 kB: servicemanager (pid 367)
      442 kB: perfprofd (pid 461)
      434 kB: installd (pid 456)
      429 kB: debuggerd (pid 451)
      422 kB: qseecomd (pid 379)
      386 kB: debuggerd64 (pid 452)
      385 kB: lmkd (pid 366)
      304 kB: qseecomd (pid 371)

Total PSS by OOM adjustment:
   135347 kB: Native
               34237 kB: surfaceflinger (pid 368)
               31049 kB: zygote (pid 459)
               20202 kB: zygote64 (pid 458)
               17481 kB: mm-qcamera-daemon (pid 462)
                9094 kB: mediaserver (pid 455)
                4995 kB: rild (pid 453)
                3284 kB: drmserver (pid 454)
                2574 kB: logd (pid 334)
                1287 kB: sdcard (pid 915)
                1150 kB: netd (pid 450)
                1069 kB: vold (pid 336)
                 996 kB: keystore (pid 457)
                 781 kB: gatekeeperd (pid 460)
                 679 kB: /init (pid 1)
                 643 kB: sh (pid 400)
                 580 kB: adbd (pid 402)
                 576 kB: healthd (pid 365)
                 492 kB: logcat (pid 2087)
                 466 kB: dumpsys (pid 5848)
                 462 kB: ueventd (pid 309)
                 448 kB: servicemanager (pid 367)
                 442 kB: perfprofd (pid 461)
                 434 kB: installd (pid 456)
                 429 kB: debuggerd (pid 451)
                 422 kB: qseecomd (pid 379)
                 386 kB: debuggerd64 (pid 452)
                 385 kB: lmkd (pid 366)
                 304 kB: qseecomd (pid 371)
    78257 kB: System
               78257 kB: system (pid 750)
    97963 kB: Persistent
               71473 kB: com.android.systemui (pid 975)
               16790 kB: com.android.phone (pid 1222)
                9700 kB: com.android.nfc (pid 1206)
    52053 kB: Foreground
               52053 kB: com.android.launcher3 (pid 1237 / activities)
     3870 kB: Visible
                3870 kB: com.android.smspush (pid 1368)
    10500 kB: Perceptible
               10500 kB: com.android.inputmethod.latin (pid 1177)
    20502 kB: A Services
               20502 kB: com.baidu.navi:bdservice_v1 (pid 2560)
   105787 kB: Cached
               26220 kB: com.android.packageinstaller (pid 2123)
               20482 kB: com.baidu.navi (pid 1678)
                9832 kB: com.android.email (pid 1637)
                9120 kB: android.process.media (pid 921)
                8758 kB: com.android.messaging (pid 1660)
                6515 kB: com.android.calendar (pid 1593)
                6299 kB: com.android.deskclock (pid 1615)
                6121 kB: com.android.providers.calendar (pid 1537)
                4576 kB: com.android.printspooler (pid 1255)
                3978 kB: com.android.musicfx (pid 2030)
                3886 kB: com.android.onetimeinitializer (pid 1572)

Total PSS by category:
    91046 kB: Native
    87296 kB: .so mmap
    77052 kB: EGL mtrack
    76285 kB: Dalvik
               39116 kB: .LOS
               31498 kB: .Heap
                4795 kB: .Zygote
                4205 kB: .LinearAlloc
                2513 kB: .GC
                1478 kB: .IndirectRef
                 876 kB: .NonMoving
                   0 kB: .JITCache
    45762 kB: .oat mmap
    37120 kB: .dex mmap
    34347 kB: .art mmap
    16335 kB: .apk mmap
     8196 kB: Dalvik Other
     7627 kB: Unknown
     6195 kB: Stack
     5614 kB: Gfx dev
     4899 kB: Other mmap
     4300 kB: Ashmem
     1920 kB: .ttf mmap
      160 kB: .jar mmap
      125 kB: Other dev
        0 kB: Cursor
        0 kB: GL mtrack
        0 kB: Other mtrack

Total RAM: 1857376 kB (status normal)
 Free RAM: 1206835 kB (105787 cached pss + 814432 cached kernel + 286616 free)
 Used RAM: 522872 kB (398492 used pss + 124380 kernel)
 Lost RAM: 127669 kB
     ZRAM: 1216 kB physical used for 1268 kB in swap (520908 kB total swap)
   Tuning: 192 (large 512), oom 322560 kB, restore limit 107520 kB (high-end-gfx)
lun 21 nov 2016, 12.25.19, CET
Applications Memory Usage (kB):
Uptime: 1280396 Realtime: 1280396

Total PSS by process:
    78277 kB: system (pid 750)
    72213 kB: com.android.systemui (pid 975)
    52081 kB: com.android.launcher3 (pid 1237 / activities)
    34457 kB: surfaceflinger (pid 368)
    31149 kB: zygote (pid 459)
    26296 kB: com.android.packageinstaller (pid 2123)
    20502 kB: com.baidu.navi:bdservice_v1 (pid 2560)
    20486 kB: com.baidu.navi (pid 1678)
    20198 kB: zygote64 (pid 458)
    17481 kB: mm-qcamera-daemon (pid 462)
    17114 kB: com.android.phone (pid 1222)
    10512 kB: com.android.inputmethod.latin (pid 1177)
     9832 kB: com.android.email (pid 1637)
     9720 kB: com.android.nfc (pid 1206)
     9140 kB: android.process.media (pid 921)
     9094 kB: mediaserver (pid 455)
     8758 kB: com.android.messaging (pid 1660)
     6515 kB: com.android.calendar (pid 1593)
     6299 kB: com.android.deskclock (pid 1615)
     6121 kB: com.android.providers.calendar (pid 1537)
     4995 kB: rild (pid 453)
     4576 kB: com.android.printspooler (pid 1255)
     3978 kB: com.android.musicfx (pid 2030)
     3886 kB: com.android.onetimeinitializer (pid 1572)
     3870 kB: com.android.smspush (pid 1368)
     3284 kB: drmserver (pid 454)
     2682 kB: logd (pid 334)
     1287 kB: sdcard (pid 915)
     1150 kB: netd (pid 450)
     1057 kB: vold (pid 336)
      996 kB: keystore (pid 457)
      781 kB: gatekeeperd (pid 460)
      679 kB: /init (pid 1)
      643 kB: sh (pid 400)
      588 kB: adbd (pid 402)
      576 kB: healthd (pid 365)
      492 kB: logcat (pid 2087)
      466 kB: dumpsys (pid 6839)
      462 kB: ueventd (pid 309)
      448 kB: servicemanager (pid 367)
      442 kB: perfprofd (pid 461)
      434 kB: installd (pid 456)
      429 kB: debuggerd (pid 451)
      422 kB: qseecomd (pid 379)
      386 kB: debuggerd64 (pid 452)
      385 kB: lmkd (pid 366)
      304 kB: qseecomd (pid 371)

Total PSS by OOM adjustment:
   135767 kB: Native
               34457 kB: surfaceflinger (pid 368)
               31149 kB: zygote (pid 459)
               20198 kB: zygote64 (pid 458)
               17481 kB: mm-qcamera-daemon (pid 462)
                9094 kB: mediaserver (pid 455)
                4995 kB: rild (pid 453)
                3284 kB: drmserver (pid 454)
                2682 kB: logd (pid 334)
                1287 kB: sdcard (pid 915)
                1150 kB: netd (pid 450)
                1057 kB: vold (pid 336)
                 996 kB: keystore (pid 457)
                 781 kB: gatekeeperd (pid 460)
                 679 kB: /init (pid 1)
                 643 kB: sh (pid 400)
                 588 kB: adbd (pid 402)
                 576 kB: healthd (pid 365)
                 492 kB: logcat (pid 2087)
                 466 kB: dumpsys (pid 6839)
                 462 kB: ueventd (pid 309)
                 448 kB: servicemanager (pid 367)
                 442 kB: perfprofd (pid 461)
                 434 kB: installd (pid 456)
                 429 kB: debuggerd (pid 451)
                 422 kB: qseecomd (pid 379)
                 386 kB: debuggerd64 (pid 452)
                 385 kB: lmkd (pid 366)
                 304 kB: qseecomd (pid 371)
    78277 kB: System
               78277 kB: system (pid 750)
    99047 kB: Persistent
               72213 kB: com.android.systemui (pid 975)
               17114 kB: com.android.phone (pid 1222)
                9720 kB: com.android.nfc (pid 1206)
    52081 kB: Foreground
               52081 kB: com.android.launcher3 (pid 1237 / activities)
     3870 kB: Visible
                3870 kB: com.android.smspush (pid 1368)
    10512 kB: Perceptible
               10512 kB: com.android.inputmethod.latin (pid 1177)
    20502 kB: A Services
               20502 kB: com.baidu.navi:bdservice_v1 (pid 2560)
   105887 kB: Cached
               26296 kB: com.android.packageinstaller (pid 2123)
               20486 kB: com.baidu.navi (pid 1678)
                9832 kB: com.android.email (pid 1637)
                9140 kB: android.process.media (pid 921)
                8758 kB: com.android.messaging (pid 1660)
                6515 kB: com.android.calendar (pid 1593)
                6299 kB: com.android.deskclock (pid 1615)
                6121 kB: com.android.providers.calendar (pid 1537)
                4576 kB: com.android.printspooler (pid 1255)
                3978 kB: com.android.musicfx (pid 2030)
                3886 kB: com.android.onetimeinitializer (pid 1572)

Total PSS by category:
    91544 kB: Native
    87290 kB: .so mmap
    77052 kB: EGL mtrack
    76893 kB: Dalvik
               39288 kB: .LOS
               31934 kB: .Heap
                4795 kB: .Zygote
                4205 kB: .LinearAlloc
                2573 kB: .GC
                1482 kB: .IndirectRef
                 876 kB: .NonMoving
                   0 kB: .JITCache
    45814 kB: .oat mmap
    37132 kB: .dex mmap
    34347 kB: .art mmap
    16335 kB: .apk mmap
     8260 kB: Dalvik Other
     7623 kB: Unknown
     6211 kB: Stack
     6034 kB: Gfx dev
     4899 kB: Other mmap
     4304 kB: Ashmem
     1920 kB: .ttf mmap
      160 kB: .jar mmap
      125 kB: Other dev
        0 kB: Cursor
        0 kB: GL mtrack
        0 kB: Other mtrack

Total RAM: 1857376 kB (status normal)
 Free RAM: 1201907 kB (105887 cached pss + 816476 cached kernel + 279544 free)
 Used RAM: 526096 kB (400056 used pss + 126040 kernel)
 Lost RAM: 129373 kB
     ZRAM: 1220 kB physical used for 1280 kB in swap (520908 kB total swap)
   Tuning: 192 (large 512), oom 322560 kB, restore limit 107520 kB (high-end-gfx)
lun 21 nov 2016, 12.25.50, CET
Applications Memory Usage (kB):
Uptime: 1311637 Realtime: 1311637

Total PSS by process:
    78457 kB: system (pid 750)
    74033 kB: com.android.systemui (pid 975)
    52113 kB: com.android.launcher3 (pid 1237 / activities)
    34441 kB: surfaceflinger (pid 368)
    31246 kB: zygote (pid 459)
    26250 kB: com.android.packageinstaller (pid 2123)
    20507 kB: com.baidu.navi:bdservice_v1 (pid 2560)
    20491 kB: com.baidu.navi (pid 1678)
    20198 kB: zygote64 (pid 458)
    17481 kB: mm-qcamera-daemon (pid 462)
    17388 kB: com.android.phone (pid 1222)
    10532 kB: com.android.inputmethod.latin (pid 1177)
     9832 kB: com.android.email (pid 1637)
     9740 kB: com.android.nfc (pid 1206)
     9152 kB: android.process.media (pid 921)
     9094 kB: mediaserver (pid 455)
     8758 kB: com.android.messaging (pid 1660)
     6515 kB: com.android.calendar (pid 1593)
     6299 kB: com.android.deskclock (pid 1615)
     6121 kB: com.android.providers.calendar (pid 1537)
     4995 kB: rild (pid 453)
     4576 kB: com.android.printspooler (pid 1255)
     3978 kB: com.android.musicfx (pid 2030)
     3886 kB: com.android.onetimeinitializer (pid 1572)
     3870 kB: com.android.smspush (pid 1368)
     3284 kB: drmserver (pid 454)
     2758 kB: logd (pid 334)
     1287 kB: sdcard (pid 915)
     1150 kB: netd (pid 450)
     1017 kB: vold (pid 336)
      996 kB: keystore (pid 457)
      781 kB: gatekeeperd (pid 460)
      679 kB: /init (pid 1)
      643 kB: sh (pid 400)
      588 kB: adbd (pid 402)
      576 kB: healthd (pid 365)
      492 kB: logcat (pid 2087)
      466 kB: dumpsys (pid 7826)
      462 kB: ueventd (pid 309)
      448 kB: servicemanager (pid 367)
      442 kB: perfprofd (pid 461)
      434 kB: installd (pid 456)
      429 kB: debuggerd (pid 451)
      422 kB: qseecomd (pid 379)
      386 kB: debuggerd64 (pid 452)
      385 kB: lmkd (pid 366)
      304 kB: qseecomd (pid 371)

Total PSS by OOM adjustment:
   135884 kB: Native
               34441 kB: surfaceflinger (pid 368)
               31246 kB: zygote (pid 459)
               20198 kB: zygote64 (pid 458)
               17481 kB: mm-qcamera-daemon (pid 462)
                9094 kB: mediaserver (pid 455)
                4995 kB: rild (pid 453)
                3284 kB: drmserver (pid 454)
                2758 kB: logd (pid 334)
                1287 kB: sdcard (pid 915)
                1150 kB: netd (pid 450)
                1017 kB: vold (pid 336)
                 996 kB: keystore (pid 457)
                 781 kB: gatekeeperd (pid 460)
                 679 kB: /init (pid 1)
                 643 kB: sh (pid 400)
                 588 kB: adbd (pid 402)
                 576 kB: healthd (pid 365)
                 492 kB: logcat (pid 2087)
                 466 kB: dumpsys (pid 7826)
                 462 kB: ueventd (pid 309)
                 448 kB: servicemanager (pid 367)
                 442 kB: perfprofd (pid 461)
                 434 kB: installd (pid 456)
                 429 kB: debuggerd (pid 451)
                 422 kB: qseecomd (pid 379)
                 386 kB: debuggerd64 (pid 452)
                 385 kB: lmkd (pid 366)
                 304 kB: qseecomd (pid 371)
    78457 kB: System
               78457 kB: system (pid 750)
   101161 kB: Persistent
               74033 kB: com.android.systemui (pid 975)
               17388 kB: com.android.phone (pid 1222)
                9740 kB: com.android.nfc (pid 1206)
    52113 kB: Foreground
               52113 kB: com.android.launcher3 (pid 1237 / activities)
     3870 kB: Visible
                3870 kB: com.android.smspush (pid 1368)
    10532 kB: Perceptible
               10532 kB: com.android.inputmethod.latin (pid 1177)
    20507 kB: A Services
               20507 kB: com.baidu.navi:bdservice_v1 (pid 2560)
   105858 kB: Cached
               26250 kB: com.android.packageinstaller (pid 2123)
               20491 kB: com.baidu.navi (pid 1678)
                9832 kB: com.android.email (pid 1637)
                9152 kB: android.process.media (pid 921)
                8758 kB: com.android.messaging (pid 1660)
                6515 kB: com.android.calendar (pid 1593)
                6299 kB: com.android.deskclock (pid 1615)
                6121 kB: com.android.providers.calendar (pid 1537)
                4576 kB: com.android.printspooler (pid 1255)
                3978 kB: com.android.musicfx (pid 2030)
                3886 kB: com.android.onetimeinitializer (pid 1572)

Total PSS by category:
    93107 kB: Native
    87290 kB: .so mmap
    77405 kB: Dalvik
               39412 kB: .LOS
               32322 kB: .Heap
                4795 kB: .Zygote
                4205 kB: .LinearAlloc
                2641 kB: .GC
                1490 kB: .IndirectRef
                 876 kB: .NonMoving
                   0 kB: .JITCache
    77052 kB: EGL mtrack
    45814 kB: .oat mmap
    37136 kB: .dex mmap
    34347 kB: .art mmap
    16335 kB: .apk mmap
     8336 kB: Dalvik Other
     7615 kB: Unknown
     6318 kB: Gfx dev
     6215 kB: Stack
     4899 kB: Other mmap
     4308 kB: Ashmem
     1920 kB: .ttf mmap
      160 kB: .jar mmap
      125 kB: Other dev
        0 kB: Cursor
        0 kB: GL mtrack
        0 kB: Other mtrack

Total RAM: 1857376 kB (status normal)
 Free RAM: 1200814 kB (105858 cached pss + 816848 cached kernel + 278108 free)
 Used RAM: 529500 kB (402524 used pss + 126976 kernel)
 Lost RAM: 127062 kB
     ZRAM: 1248 kB physical used for 1320 kB in swap (520908 kB total swap)
   Tuning: 192 (large 512), oom 322560 kB, restore limit 107520 kB (high-end-gfx)
lun 21 nov 2016, 12.26.21, CET
Applications Memory Usage (kB):
Uptime: 1342869 Realtime: 1342869

Total PSS by process:
    78405 kB: system (pid 750)
    73951 kB: com.android.systemui (pid 975)
    52131 kB: com.android.launcher3 (pid 1237 / activities)
    34469 kB: surfaceflinger (pid 368)
    31338 kB: zygote (pid 459)
    26498 kB: com.android.packageinstaller (pid 2123)
    20511 kB: com.baidu.navi:bdservice_v1 (pid 2560)
    20491 kB: com.baidu.navi (pid 1678)
    20196 kB: zygote64 (pid 458)
    17652 kB: com.android.phone (pid 1222)
    17481 kB: mm-qcamera-daemon (pid 462)
    10544 kB: com.android.inputmethod.latin (pid 1177)
     9832 kB: com.android.email (pid 1637)
     9760 kB: com.android.nfc (pid 1206)
     9180 kB: android.process.media (pid 921)
     9094 kB: mediaserver (pid 455)
     8758 kB: com.android.messaging (pid 1660)
     6515 kB: com.android.calendar (pid 1593)
     6299 kB: com.android.deskclock (pid 1615)
     6121 kB: com.android.providers.calendar (pid 1537)
     4995 kB: rild (pid 453)
     4576 kB: com.android.printspooler (pid 1255)
     3978 kB: com.android.musicfx (pid 2030)
     3886 kB: com.android.onetimeinitializer (pid 1572)
     3870 kB: com.android.smspush (pid 1368)
     3284 kB: drmserver (pid 454)
     2806 kB: logd (pid 334)
     1287 kB: sdcard (pid 915)
     1150 kB: netd (pid 450)
      996 kB: keystore (pid 457)
      961 kB: vold (pid 336)
      781 kB: gatekeeperd (pid 460)
      679 kB: /init (pid 1)
      643 kB: sh (pid 400)
      576 kB: healthd (pid 365)
      572 kB: adbd (pid 402)
      492 kB: logcat (pid 2087)
      466 kB: dumpsys (pid 8812)
      462 kB: ueventd (pid 309)
      448 kB: servicemanager (pid 367)
      442 kB: perfprofd (pid 461)
      434 kB: installd (pid 456)
      429 kB: debuggerd (pid 451)
      422 kB: qseecomd (pid 379)
      386 kB: debuggerd64 (pid 452)
      385 kB: lmkd (pid 366)
      304 kB: qseecomd (pid 371)

Total PSS by OOM adjustment:
   135978 kB: Native
               34469 kB: surfaceflinger (pid 368)
               31338 kB: zygote (pid 459)
               20196 kB: zygote64 (pid 458)
               17481 kB: mm-qcamera-daemon (pid 462)
                9094 kB: mediaserver (pid 455)
                4995 kB: rild (pid 453)
                3284 kB: drmserver (pid 454)
                2806 kB: logd (pid 334)
                1287 kB: sdcard (pid 915)
                1150 kB: netd (pid 450)
                 996 kB: keystore (pid 457)
                 961 kB: vold (pid 336)
                 781 kB: gatekeeperd (pid 460)
                 679 kB: /init (pid 1)
                 643 kB: sh (pid 400)
                 576 kB: healthd (pid 365)
                 572 kB: adbd (pid 402)
                 492 kB: logcat (pid 2087)
                 466 kB: dumpsys (pid 8812)
                 462 kB: ueventd (pid 309)
                 448 kB: servicemanager (pid 367)
                 442 kB: perfprofd (pid 461)
                 434 kB: installd (pid 456)
                 429 kB: debuggerd (pid 451)
                 422 kB: qseecomd (pid 379)
                 386 kB: debuggerd64 (pid 452)
                 385 kB: lmkd (pid 366)
                 304 kB: qseecomd (pid 371)
    78405 kB: System
               78405 kB: system (pid 750)
   101363 kB: Persistent
               73951 kB: com.android.systemui (pid 975)
               17652 kB: com.android.phone (pid 1222)
                9760 kB: com.android.nfc (pid 1206)
    52131 kB: Foreground
               52131 kB: com.android.launcher3 (pid 1237 / activities)
     3870 kB: Visible
                3870 kB: com.android.smspush (pid 1368)
    10544 kB: Perceptible
               10544 kB: com.android.inputmethod.latin (pid 1177)
    20511 kB: A Services
               20511 kB: com.baidu.navi:bdservice_v1 (pid 2560)
   106134 kB: Cached
               26498 kB: com.android.packageinstaller (pid 2123)
               20491 kB: com.baidu.navi (pid 1678)
                9832 kB: com.android.email (pid 1637)
                9180 kB: android.process.media (pid 921)
                8758 kB: com.android.messaging (pid 1660)
                6515 kB: com.android.calendar (pid 1593)
                6299 kB: com.android.deskclock (pid 1615)
                6121 kB: com.android.providers.calendar (pid 1537)
                4576 kB: com.android.printspooler (pid 1255)
                3978 kB: com.android.musicfx (pid 2030)
                3886 kB: com.android.onetimeinitializer (pid 1572)

Total PSS by category:
    93315 kB: Native
    87290 kB: .so mmap
    77753 kB: Dalvik
               39364 kB: .LOS
               32714 kB: .Heap
                4795 kB: .Zygote
                4205 kB: .LinearAlloc
                2701 kB: .GC
                1498 kB: .IndirectRef
                 880 kB: .NonMoving
                   0 kB: .JITCache
    77052 kB: EGL mtrack
    45846 kB: .oat mmap
    37140 kB: .dex mmap
    34347 kB: .art mmap
    16335 kB: .apk mmap
     8404 kB: Dalvik Other
     7607 kB: Unknown
     6224 kB: Gfx dev
     6207 kB: Stack
     4899 kB: Other mmap
     4312 kB: Ashmem
     1920 kB: .ttf mmap
      160 kB: .jar mmap
      125 kB: Other dev
        0 kB: Cursor
        0 kB: GL mtrack
        0 kB: Other mtrack

Total RAM: 1857376 kB (status normal)
 Free RAM: 1202946 kB (106134 cached pss + 816304 cached kernel + 280508 free)
 Used RAM: 530558 kB (402802 used pss + 127756 kernel)
 Lost RAM: 123872 kB
     ZRAM: 1248 kB physical used for 1380 kB in swap (520908 kB total swap)
   Tuning: 192 (large 512), oom 322560 kB, restore limit 107520 kB (high-end-gfx)
lun 21 nov 2016, 12.26.52, CET
Applications Memory Usage (kB):
Uptime: 1374114 Realtime: 1374114

Total PSS by process:
    78617 kB: system (pid 750)
    72185 kB: com.android.systemui (pid 975)
    52091 kB: com.android.launcher3 (pid 1237 / activities)
    34481 kB: surfaceflinger (pid 368)
    31419 kB: zygote (pid 459)
    26448 kB: com.android.packageinstaller (pid 2123)
    20524 kB: com.baidu.navi:bdservice_v1 (pid 2560)
    20492 kB: com.baidu.navi (pid 1678)
    20196 kB: zygote64 (pid 458)
    17928 kB: com.android.phone (pid 1222)
    17481 kB: mm-qcamera-daemon (pid 462)
    10576 kB: com.android.inputmethod.latin (pid 1177)
     9832 kB: com.android.email (pid 1637)
     9780 kB: com.android.nfc (pid 1206)
     9208 kB: android.process.media (pid 921)
     9094 kB: mediaserver (pid 455)
     8758 kB: com.android.messaging (pid 1660)
     6515 kB: com.android.calendar (pid 1593)
     6299 kB: com.android.deskclock (pid 1615)
     6121 kB: com.android.providers.calendar (pid 1537)
     4995 kB: rild (pid 453)
     4576 kB: com.android.printspooler (pid 1255)
     3978 kB: com.android.musicfx (pid 2030)
     3886 kB: com.android.onetimeinitializer (pid 1572)
     3870 kB: com.android.smspush (pid 1368)
     3284 kB: drmserver (pid 454)
     2838 kB: logd (pid 334)
     1287 kB: sdcard (pid 915)
     1150 kB: netd (pid 450)
      996 kB: keystore (pid 457)
      929 kB: vold (pid 336)
      781 kB: gatekeeperd (pid 460)
      679 kB: /init (pid 1)
      643 kB: sh (pid 400)
      592 kB: adbd (pid 402)
      576 kB: healthd (pid 365)
      492 kB: logcat (pid 2087)
      466 kB: dumpsys (pid 9799)
      462 kB: ueventd (pid 309)
      448 kB: servicemanager (pid 367)
      442 kB: perfprofd (pid 461)
      434 kB: installd (pid 456)
      429 kB: debuggerd (pid 451)
      422 kB: qseecomd (pid 379)
      386 kB: debuggerd64 (pid 452)
      385 kB: lmkd (pid 366)
      304 kB: qseecomd (pid 371)

Total PSS by OOM adjustment:
   136091 kB: Native
               34481 kB: surfaceflinger (pid 368)
               31419 kB: zygote (pid 459)
               20196 kB: zygote64 (pid 458)
               17481 kB: mm-qcamera-daemon (pid 462)
                9094 kB: mediaserver (pid 455)
                4995 kB: rild (pid 453)
                3284 kB: drmserver (pid 454)
                2838 kB: logd (pid 334)
                1287 kB: sdcard (pid 915)
                1150 kB: netd (pid 450)
                 996 kB: keystore (pid 457)
                 929 kB: vold (pid 336)
                 781 kB: gatekeeperd (pid 460)
                 679 kB: /init (pid 1)
                 643 kB: sh (pid 400)
                 592 kB: adbd (pid 402)
                 576 kB: healthd (pid 365)
                 492 kB: logcat (pid 2087)
                 466 kB: dumpsys (pid 9799)
                 462 kB: ueventd (pid 309)
                 448 kB: servicemanager (pid 367)
                 442 kB: perfprofd (pid 461)
                 434 kB: installd (pid 456)
                 429 kB: debuggerd (pid 451)
                 422 kB: qseecomd (pid 379)
                 386 kB: debuggerd64 (pid 452)
                 385 kB: lmkd (pid 366)
                 304 kB: qseecomd (pid 371)
    78617 kB: System
               78617 kB: system (pid 750)
    99893 kB: Persistent
               72185 kB: com.android.systemui (pid 975)
               17928 kB: com.android.phone (pid 1222)
                9780 kB: com.android.nfc (pid 1206)
    52091 kB: Foreground
               52091 kB: com.android.launcher3 (pid 1237 / activities)
     3870 kB: Visible
                3870 kB: com.android.smspush (pid 1368)
    10576 kB: Perceptible
               10576 kB: com.android.inputmethod.latin (pid 1177)
    20524 kB: A Services
               20524 kB: com.baidu.navi:bdservice_v1 (pid 2560)
   106113 kB: Cached
               26448 kB: com.android.packageinstaller (pid 2123)
               20492 kB: com.baidu.navi (pid 1678)
                9832 kB: com.android.email (pid 1637)
                9208 kB: android.process.media (pid 921)
                8758 kB: com.android.messaging (pid 1660)
                6515 kB: com.android.calendar (pid 1593)
                6299 kB: com.android.deskclock (pid 1615)
                6121 kB: com.android.providers.calendar (pid 1537)
                4576 kB: com.android.printspooler (pid 1255)
                3978 kB: com.android.musicfx (pid 2030)
                3886 kB: com.android.onetimeinitializer (pid 1572)

Total PSS by category:
    92270 kB: Native
    87290 kB: .so mmap
    77829 kB: Dalvik
               39056 kB: .LOS
               33098 kB: .Heap
                4795 kB: .Zygote
                4205 kB: .LinearAlloc
                2709 kB: .GC
                1482 kB: .IndirectRef
                 880 kB: .NonMoving
                   0 kB: .JITCache
    77052 kB: EGL mtrack
    45850 kB: .oat mmap
    37140 kB: .dex mmap
    34347 kB: .art mmap
    16335 kB: .apk mmap
     8396 kB: Dalvik Other
     7607 kB: Unknown
     6211 kB: Stack
     6044 kB: Gfx dev
     4899 kB: Other mmap
     4300 kB: Ashmem
     1920 kB: .ttf mmap
      160 kB: .jar mmap
      125 kB: Other dev
        0 kB: Cursor
        0 kB: GL mtrack
        0 kB: Other mtrack

Total RAM: 1857376 kB (status normal)
 Free RAM: 1202985 kB (106113 cached pss + 811668 cached kernel + 285204 free)
 Used RAM: 526186 kB (401662 used pss + 124524 kernel)
 Lost RAM: 128205 kB
     ZRAM: 1248 kB physical used for 1424 kB in swap (520908 kB total swap)
   Tuning: 192 (large 512), oom 322560 kB, restore limit 107520 kB (high-end-gfx)
lun 21 nov 2016, 12.27.24, CET
Applications Memory Usage (kB):
Uptime: 1405375 Realtime: 1405375

Total PSS by process:
    86236 kB: com.moji.mjweather (pid 10529 / activities)
    78493 kB: system (pid 750)
    72679 kB: com.android.systemui (pid 975)
    43100 kB: com.android.launcher3 (pid 1237 / activities)
    34469 kB: surfaceflinger (pid 368)
    31387 kB: zygote (pid 459)
    26472 kB: com.android.packageinstaller (pid 2123)
    20522 kB: com.baidu.navi:bdservice_v1 (pid 2560)
    20491 kB: com.baidu.navi (pid 1678)
    20196 kB: zygote64 (pid 458)
    18196 kB: com.android.phone (pid 1222)
    17481 kB: mm-qcamera-daemon (pid 462)
    10592 kB: com.android.inputmethod.latin (pid 1177)
     9832 kB: com.android.email (pid 1637)
     9804 kB: com.android.nfc (pid 1206)
     9224 kB: android.process.media (pid 921)
     9094 kB: mediaserver (pid 455)
     8758 kB: com.android.messaging (pid 1660)
     6473 kB: com.android.calendar (pid 1593)
     6299 kB: com.android.deskclock (pid 1615)
     6078 kB: com.android.providers.calendar (pid 1537)
     4995 kB: rild (pid 453)
     4576 kB: com.android.printspooler (pid 1255)
     3945 kB: com.android.musicfx (pid 2030)
     3886 kB: com.android.onetimeinitializer (pid 1572)
     3870 kB: com.android.smspush (pid 1368)
     3284 kB: drmserver (pid 454)
     2886 kB: logd (pid 334)
     1287 kB: sdcard (pid 915)
     1150 kB: netd (pid 450)
      996 kB: keystore (pid 457)
      897 kB: vold (pid 336)
      781 kB: gatekeeperd (pid 460)
      679 kB: /init (pid 1)
      643 kB: sh (pid 400)
      576 kB: healthd (pid 365)
      568 kB: adbd (pid 402)
      492 kB: logcat (pid 2087)
      466 kB: dumpsys (pid 10779)
      462 kB: ueventd (pid 309)
      448 kB: servicemanager (pid 367)
      442 kB: perfprofd (pid 461)
      434 kB: installd (pid 456)
      429 kB: debuggerd (pid 451)
      422 kB: qseecomd (pid 379)
      386 kB: debuggerd64 (pid 452)
      385 kB: lmkd (pid 366)
      304 kB: qseecomd (pid 371)

Total PSS by OOM adjustment:
   136039 kB: Native
               34469 kB: surfaceflinger (pid 368)
               31387 kB: zygote (pid 459)
               20196 kB: zygote64 (pid 458)
               17481 kB: mm-qcamera-daemon (pid 462)
                9094 kB: mediaserver (pid 455)
                4995 kB: rild (pid 453)
                3284 kB: drmserver (pid 454)
                2886 kB: logd (pid 334)
                1287 kB: sdcard (pid 915)
                1150 kB: netd (pid 450)
                 996 kB: keystore (pid 457)
                 897 kB: vold (pid 336)
                 781 kB: gatekeeperd (pid 460)
                 679 kB: /init (pid 1)
                 643 kB: sh (pid 400)
                 576 kB: healthd (pid 365)
                 568 kB: adbd (pid 402)
                 492 kB: logcat (pid 2087)
                 466 kB: dumpsys (pid 10779)
                 462 kB: ueventd (pid 309)
                 448 kB: servicemanager (pid 367)
                 442 kB: perfprofd (pid 461)
                 434 kB: installd (pid 456)
                 429 kB: debuggerd (pid 451)
                 422 kB: qseecomd (pid 379)
                 386 kB: debuggerd64 (pid 452)
                 385 kB: lmkd (pid 366)
                 304 kB: qseecomd (pid 371)
    78493 kB: System
               78493 kB: system (pid 750)
   100679 kB: Persistent
               72679 kB: com.android.systemui (pid 975)
               18196 kB: com.android.phone (pid 1222)
                9804 kB: com.android.nfc (pid 1206)
   129336 kB: Foreground
               86236 kB: com.moji.mjweather (pid 10529 / activities)
               43100 kB: com.android.launcher3 (pid 1237 / activities)
     3870 kB: Visible
                3870 kB: com.android.smspush (pid 1368)
    10592 kB: Perceptible
               10592 kB: com.android.inputmethod.latin (pid 1177)
    20522 kB: A Services
               20522 kB: com.baidu.navi:bdservice_v1 (pid 2560)
   106034 kB: Cached
               26472 kB: com.android.packageinstaller (pid 2123)
               20491 kB: com.baidu.navi (pid 1678)
                9832 kB: com.android.email (pid 1637)
                9224 kB: android.process.media (pid 921)
                8758 kB: com.android.messaging (pid 1660)
                6473 kB: com.android.calendar (pid 1593)
                6299 kB: com.android.deskclock (pid 1615)
                6078 kB: com.android.providers.calendar (pid 1537)
                4576 kB: com.android.printspooler (pid 1255)
                3945 kB: com.android.musicfx (pid 2030)
                3886 kB: com.android.onetimeinitializer (pid 1572)

Total PSS by category:
    99565 kB: Dalvik
               53430 kB: .LOS
               39874 kB: .Heap
                5229 kB: .Zygote
                4501 kB: .LinearAlloc
                2925 kB: .GC
                1550 kB: .IndirectRef
                1032 kB: .NonMoving
                   0 kB: .JITCache
    99329 kB: Native
    94332 kB: EGL mtrack
    89532 kB: .so mmap
    52988 kB: .oat mmap
    45868 kB: .dex mmap
    37406 kB: .art mmap
    22717 kB: .apk mmap
     8976 kB: Dalvik Other
     8762 kB: Gfx dev
     7763 kB: Unknown
     6575 kB: Stack
     5115 kB: Other mmap
     4432 kB: Ashmem
     1920 kB: .ttf mmap
      160 kB: .jar mmap
      125 kB: Other dev
        0 kB: Cursor
        0 kB: GL mtrack
        0 kB: Other mtrack

Total RAM: 1857376 kB (status normal)
 Free RAM: 1201630 kB (106034 cached pss + 810936 cached kernel + 284660 free)
 Used RAM: 606379 kB (479531 used pss + 126848 kernel)
 Lost RAM: 49367 kB
     ZRAM: 1260 kB physical used for 1456 kB in swap (520908 kB total swap)
   Tuning: 192 (large 512), oom 322560 kB, restore limit 107520 kB (high-end-gfx)
lun 21 nov 2016, 12.27.55, CET
Applications Memory Usage (kB):
Uptime: 1436918 Realtime: 1436918

Total PSS by process:
    84274 kB: com.moji.mjweather (pid 11513 / activities)
    77615 kB: system (pid 750)
    73441 kB: com.android.systemui (pid 975)
    53810 kB: com.UCMobile.intl (pid 11386 / activities)
    34385 kB: com.android.launcher3 (pid 1237 / activities)
    34379 kB: surfaceflinger (pid 368)
    26722 kB: zygote (pid 459)
    26451 kB: com.android.packageinstaller (pid 2123)
    18419 kB: com.android.phone (pid 1222)
    17188 kB: mm-qcamera-daemon (pid 462)
    16291 kB: zygote64 (pid 458)
    15670 kB: com.baidu.navi:bdservice_v1 (pid 2560)
    15392 kB: com.baidu.navi (pid 1678)
    10932 kB: app_process (pid 11758)
    10579 kB: com.android.inputmethod.latin (pid 1177)
     9813 kB: com.android.email (pid 1637)
     9757 kB: com.android.nfc (pid 1206)
     9214 kB: android.process.media (pid 921)
     9025 kB: mediaserver (pid 455)
     8737 kB: com.android.messaging (pid 1660)
     6515 kB: com.android.calendar (pid 1593)
     6280 kB: com.android.deskclock (pid 1615)
     6102 kB: com.android.providers.calendar (pid 1537)
     4868 kB: rild (pid 453)
     4576 kB: com.android.printspooler (pid 1255)
     3978 kB: com.android.musicfx (pid 2030)
     3886 kB: com.android.onetimeinitializer (pid 1572)
     3870 kB: com.android.smspush (pid 1368)
     3228 kB: drmserver (pid 454)
     2923 kB: logd (pid 334)
     1286 kB: sdcard (pid 915)
     1141 kB: netd (pid 450)
      984 kB: keystore (pid 457)
      888 kB: vold (pid 336)
      771 kB: gatekeeperd (pid 460)
      671 kB: /init (pid 1)
      641 kB: sh (pid 400)
      576 kB: healthd (pid 365)
      560 kB: adbd (pid 402)
      490 kB: logcat (pid 2087)
      462 kB: ueventd (pid 309)
      461 kB: dumpsys (pid 11745)
      447 kB: servicemanager (pid 367)
      437 kB: perfprofd (pid 461)
      432 kB: installd (pid 456)
      422 kB: qseecomd (pid 379)
      410 kB: debuggerd (pid 451)
      384 kB: debuggerd64 (pid 452)
      383 kB: lmkd (pid 366)
      302 kB: qseecomd (pid 371)

Total PSS by OOM adjustment:
   137704 kB: Native
               34379 kB: surfaceflinger (pid 368)
               26722 kB: zygote (pid 459)
               17188 kB: mm-qcamera-daemon (pid 462)
               16291 kB: zygote64 (pid 458)
               10932 kB: app_process (pid 11758)
                9025 kB: mediaserver (pid 455)
                4868 kB: rild (pid 453)
                3228 kB: drmserver (pid 454)
                2923 kB: logd (pid 334)
                1286 kB: sdcard (pid 915)
                1141 kB: netd (pid 450)
                 984 kB: keystore (pid 457)
                 888 kB: vold (pid 336)
                 771 kB: gatekeeperd (pid 460)
                 671 kB: /init (pid 1)
                 641 kB: sh (pid 400)
                 576 kB: healthd (pid 365)
                 560 kB: adbd (pid 402)
                 490 kB: logcat (pid 2087)
                 462 kB: ueventd (pid 309)
                 461 kB: dumpsys (pid 11745)
                 447 kB: servicemanager (pid 367)
                 437 kB: perfprofd (pid 461)
                 432 kB: installd (pid 456)
                 422 kB: qseecomd (pid 379)
                 410 kB: debuggerd (pid 451)
                 384 kB: debuggerd64 (pid 452)
                 383 kB: lmkd (pid 366)
                 302 kB: qseecomd (pid 371)
    77615 kB: System
               77615 kB: system (pid 750)
   101617 kB: Persistent
               73441 kB: com.android.systemui (pid 975)
               18419 kB: com.android.phone (pid 1222)
                9757 kB: com.android.nfc (pid 1206)
    84274 kB: Foreground
               84274 kB: com.moji.mjweather (pid 11513 / activities)
     3870 kB: Visible
                3870 kB: com.android.smspush (pid 1368)
    64389 kB: Perceptible
               53810 kB: com.UCMobile.intl (pid 11386 / activities)
               10579 kB: com.android.inputmethod.latin (pid 1177)
    15670 kB: A Services
               15670 kB: com.baidu.navi:bdservice_v1 (pid 2560)
    34385 kB: Home
               34385 kB: com.android.launcher3 (pid 1237 / activities)
   100944 kB: Cached
               26451 kB: com.android.packageinstaller (pid 2123)
               15392 kB: com.baidu.navi (pid 1678)
                9813 kB: com.android.email (pid 1637)
                9214 kB: android.process.media (pid 921)
                8737 kB: com.android.messaging (pid 1660)
                6515 kB: com.android.calendar (pid 1593)
                6280 kB: com.android.deskclock (pid 1615)
                6102 kB: com.android.providers.calendar (pid 1537)
                4576 kB: com.android.printspooler (pid 1255)
                3978 kB: com.android.musicfx (pid 2030)
                3886 kB: com.android.onetimeinitializer (pid 1572)

Total PSS by category:
   110544 kB: Native
   104408 kB: Dalvik
               52961 kB: .LOS
               45114 kB: .Heap
                5818 kB: .LinearAlloc
                5125 kB: .Zygote
                3700 kB: .GC
                1836 kB: .IndirectRef
                1208 kB: .NonMoving
                   0 kB: .JITCache
    98665 kB: .so mmap
    85692 kB: EGL mtrack
    57784 kB: .dex mmap
    52235 kB: .oat mmap
    38080 kB: .art mmap
    22906 kB: .apk mmap
    11354 kB: Dalvik Other
     9488 kB: Gfx dev
     9238 kB: Unknown
     7339 kB: Stack
     5941 kB: Other mmap
     4572 kB: Ashmem
     1925 kB: .ttf mmap
      160 kB: .jar mmap
      137 kB: Other dev
        0 kB: Cursor
        0 kB: GL mtrack
        0 kB: Other mtrack

Total RAM: 1857376 kB (status normal)
 Free RAM: 1134244 kB (100944 cached pss + 786976 cached kernel + 246324 free)
 Used RAM: 650468 kB (519524 used pss + 130944 kernel)
 Lost RAM: 72664 kB
     ZRAM: 1260 kB physical used for 1472 kB in swap (520908 kB total swap)
   Tuning: 192 (large 512), oom 322560 kB, restore limit 107520 kB (high-end-gfx)
lun 21 nov 2016, 12.28.27, CET
Applications Memory Usage (kB):
Uptime: 1468765 Realtime: 1468765

Total PSS by process:
    83118 kB: com.moji.mjweather (pid 12503 / activities)
    77415 kB: system (pid 750)
    73779 kB: com.android.systemui (pid 975)
    59830 kB: com.baidu.searchbox (pid 12247 / activities)
    51955 kB: com.UCMobile.intl (pid 12374 / activities)
    34435 kB: com.android.launcher3 (pid 1237 / activities)
    34379 kB: surfaceflinger (pid 368)
    26269 kB: com.android.packageinstaller (pid 2123)
    23831 kB: zygote (pid 459)
    18701 kB: com.android.phone (pid 1222)
    17109 kB: mm-qcamera-daemon (pid 462)
    16253 kB: zygote64 (pid 458)
    13614 kB: com.baidu.navi:bdservice_v1 (pid 2560)
    13322 kB: com.baidu.navi (pid 1678)
    11880 kB: com.baidu.searchbox:megapp (pid 12469)
    10927 kB: app_process (pid 12726)
    10584 kB: com.android.inputmethod.latin (pid 1177)
     9806 kB: com.android.email (pid 1637)
     9690 kB: com.android.nfc (pid 1206)
     9226 kB: android.process.media (pid 921)
     8976 kB: mediaserver (pid 455)
     8730 kB: com.android.messaging (pid 1660)
     6516 kB: com.android.calendar (pid 1593)
     6273 kB: com.android.deskclock (pid 1615)
     6094 kB: com.android.providers.calendar (pid 1537)
     4864 kB: rild (pid 453)
     4576 kB: com.android.printspooler (pid 1255)
     3978 kB: com.android.musicfx (pid 2030)
     3886 kB: com.android.onetimeinitializer (pid 1572)
     3870 kB: com.android.smspush (pid 1368)
     3219 kB: drmserver (pid 454)
     2947 kB: logd (pid 334)
     1286 kB: sdcard (pid 915)
     1141 kB: netd (pid 450)
      984 kB: keystore (pid 457)
      884 kB: vold (pid 336)
      771 kB: gatekeeperd (pid 460)
      659 kB: /init (pid 1)
      641 kB: sh (pid 400)
      576 kB: healthd (pid 365)
      568 kB: adbd (pid 402)
      490 kB: logcat (pid 2087)
      462 kB: ueventd (pid 309)
      461 kB: dumpsys (pid 12716)
      447 kB: servicemanager (pid 367)
      437 kB: perfprofd (pid 461)
      432 kB: installd (pid 456)
      422 kB: qseecomd (pid 379)
      400 kB: debuggerd (pid 451)
      384 kB: debuggerd64 (pid 452)
      383 kB: lmkd (pid 366)
      302 kB: qseecomd (pid 371)

Total PSS by OOM adjustment:
   134635 kB: Native
               34379 kB: surfaceflinger (pid 368)
               23831 kB: zygote (pid 459)
               17109 kB: mm-qcamera-daemon (pid 462)
               16253 kB: zygote64 (pid 458)
               10927 kB: app_process (pid 12726)
                8976 kB: mediaserver (pid 455)
                4864 kB: rild (pid 453)
                3219 kB: drmserver (pid 454)
                2947 kB: logd (pid 334)
                1286 kB: sdcard (pid 915)
                1141 kB: netd (pid 450)
                 984 kB: keystore (pid 457)
                 884 kB: vold (pid 336)
                 771 kB: gatekeeperd (pid 460)
                 659 kB: /init (pid 1)
                 641 kB: sh (pid 400)
                 576 kB: healthd (pid 365)
                 568 kB: adbd (pid 402)
                 490 kB: logcat (pid 2087)
                 462 kB: ueventd (pid 309)
                 461 kB: dumpsys (pid 12716)
                 447 kB: servicemanager (pid 367)
                 437 kB: perfprofd (pid 461)
                 432 kB: installd (pid 456)
                 422 kB: qseecomd (pid 379)
                 400 kB: debuggerd (pid 451)
                 384 kB: debuggerd64 (pid 452)
                 383 kB: lmkd (pid 366)
                 302 kB: qseecomd (pid 371)
    77415 kB: System
               77415 kB: system (pid 750)
   102170 kB: Persistent
               73779 kB: com.android.systemui (pid 975)
               18701 kB: com.android.phone (pid 1222)
                9690 kB: com.android.nfc (pid 1206)
    83118 kB: Foreground
               83118 kB: com.moji.mjweather (pid 12503 / activities)
     3870 kB: Visible
                3870 kB: com.android.smspush (pid 1368)
    62539 kB: Perceptible
               51955 kB: com.UCMobile.intl (pid 12374 / activities)
               10584 kB: com.android.inputmethod.latin (pid 1177)
    11880 kB: A Services
               11880 kB: com.baidu.searchbox:megapp (pid 12469)
    34435 kB: Home
               34435 kB: com.android.launcher3 (pid 1237 / activities)
    73444 kB: B Services
               59830 kB: com.baidu.searchbox (pid 12247 / activities)
               13614 kB: com.baidu.navi:bdservice_v1 (pid 2560)
    98676 kB: Cached
               26269 kB: com.android.packageinstaller (pid 2123)
               13322 kB: com.baidu.navi (pid 1678)
                9806 kB: com.android.email (pid 1637)
                9226 kB: android.process.media (pid 921)
                8730 kB: com.android.messaging (pid 1660)
                6516 kB: com.android.calendar (pid 1593)
                6273 kB: com.android.deskclock (pid 1615)
                6094 kB: com.android.providers.calendar (pid 1537)
                4576 kB: com.android.printspooler (pid 1255)
                3978 kB: com.android.musicfx (pid 2030)
                3886 kB: com.android.onetimeinitializer (pid 1572)

Total PSS by category:
   120656 kB: Native
   118778 kB: Dalvik
               58296 kB: .LOS
               53550 kB: .Heap
                7163 kB: .LinearAlloc
                5424 kB: .Zygote
                3990 kB: .GC
                2103 kB: .IndirectRef
                1508 kB: .NonMoving
                   0 kB: .JITCache
   106113 kB: .so mmap
    86268 kB: EGL mtrack
    76876 kB: .dex mmap
    53429 kB: .oat mmap
    39821 kB: .art mmap
    23899 kB: .apk mmap
    13256 kB: Dalvik Other
    11732 kB: Gfx dev
     9546 kB: Unknown
     7864 kB: Stack
     6151 kB: Other mmap
     5572 kB: Ashmem
     1921 kB: .ttf mmap
      160 kB: .jar mmap
      140 kB: Other dev
        0 kB: Cursor
        0 kB: GL mtrack
        0 kB: Other mtrack

Total RAM: 1857376 kB (status normal)
 Free RAM: 1087828 kB (98676 cached pss + 769212 cached kernel + 219940 free)
 Used RAM: 717570 kB (583506 used pss + 134064 kernel)
 Lost RAM: 51978 kB
     ZRAM: 1260 kB physical used for 1488 kB in swap (520908 kB total swap)
   Tuning: 192 (large 512), oom 322560 kB, restore limit 107520 kB (high-end-gfx)
lun 21 nov 2016, 12.28.59, CET
Applications Memory Usage (kB):
Uptime: 1500796 Realtime: 1500796

Total PSS by process:
    78006 kB: com.moji.mjweather (pid 13495 / activities)
    77777 kB: system (pid 750)
    72315 kB: com.android.systemui (pid 975)
    68253 kB: com.baidu.searchbox (pid 13240 / activities)
    49836 kB: com.UCMobile.intl (pid 13367 / activities)
    34415 kB: com.android.launcher3 (pid 1237 / activities)
    34343 kB: surfaceflinger (pid 368)
    26253 kB: com.android.packageinstaller (pid 2123)
    21233 kB: zygote (pid 459)
    18969 kB: com.android.phone (pid 1222)
    17038 kB: mm-qcamera-daemon (pid 462)
    16226 kB: zygote64 (pid 458)
    14466 kB: com.baidu.searchbox:megapp (pid 13459)
    13621 kB: com.baidu.navi:bdservice_v1 (pid 2560)
    13334 kB: com.baidu.navi (pid 1678)
    10641 kB: com.android.inputmethod.latin (pid 1177)
     9806 kB: com.android.email (pid 1637)
     9713 kB: com.android.nfc (pid 1206)
     9242 kB: android.process.media (pid 921)
     8921 kB: mediaserver (pid 455)
     8730 kB: com.android.messaging (pid 1660)
     6516 kB: com.android.calendar (pid 1593)
     6273 kB: com.android.deskclock (pid 1615)
     6094 kB: com.android.providers.calendar (pid 1537)
     4864 kB: rild (pid 453)
     4576 kB: com.android.printspooler (pid 1255)
     3979 kB: com.android.musicfx (pid 2030)
     3886 kB: com.android.onetimeinitializer (pid 1572)
     3870 kB: com.android.smspush (pid 1368)
     3178 kB: drmserver (pid 454)
     2971 kB: logd (pid 334)
     1286 kB: sdcard (pid 915)
     1141 kB: netd (pid 450)
      984 kB: keystore (pid 457)
      884 kB: vold (pid 336)
      771 kB: gatekeeperd (pid 460)
      651 kB: /init (pid 1)
      641 kB: sh (pid 400)
      576 kB: healthd (pid 365)
      552 kB: adbd (pid 402)
      490 kB: logcat (pid 2087)
      462 kB: ueventd (pid 309)
      461 kB: dumpsys (pid 13689)
      447 kB: servicemanager (pid 367)
      437 kB: perfprofd (pid 461)
      432 kB: installd (pid 456)
      422 kB: qseecomd (pid 379)
      398 kB: debuggerd (pid 451)
      384 kB: debuggerd64 (pid 452)
      383 kB: lmkd (pid 366)
      302 kB: qseecomd (pid 371)
        0 kB: app_process (pid 13698)

Total PSS by OOM adjustment:
   120878 kB: Native
               34343 kB: surfaceflinger (pid 368)
               21233 kB: zygote (pid 459)
               17038 kB: mm-qcamera-daemon (pid 462)
               16226 kB: zygote64 (pid 458)
                8921 kB: mediaserver (pid 455)
                4864 kB: rild (pid 453)
                3178 kB: drmserver (pid 454)
                2971 kB: logd (pid 334)
                1286 kB: sdcard (pid 915)
                1141 kB: netd (pid 450)
                 984 kB: keystore (pid 457)
                 884 kB: vold (pid 336)
                 771 kB: gatekeeperd (pid 460)
                 651 kB: /init (pid 1)
                 641 kB: sh (pid 400)
                 576 kB: healthd (pid 365)
                 552 kB: adbd (pid 402)
                 490 kB: logcat (pid 2087)
                 462 kB: ueventd (pid 309)
                 461 kB: dumpsys (pid 13689)
                 447 kB: servicemanager (pid 367)
                 437 kB: perfprofd (pid 461)
                 432 kB: installd (pid 456)
                 422 kB: qseecomd (pid 379)
                 398 kB: debuggerd (pid 451)
                 384 kB: debuggerd64 (pid 452)
                 383 kB: lmkd (pid 366)
                 302 kB: qseecomd (pid 371)
                   0 kB: app_process (pid 13698)
    77777 kB: System
               77777 kB: system (pid 750)
   100997 kB: Persistent
               72315 kB: com.android.systemui (pid 975)
               18969 kB: com.android.phone (pid 1222)
                9713 kB: com.android.nfc (pid 1206)
    78006 kB: Foreground
               78006 kB: com.moji.mjweather (pid 13495 / activities)
     3870 kB: Visible
                3870 kB: com.android.smspush (pid 1368)
    60477 kB: Perceptible
               49836 kB: com.UCMobile.intl (pid 13367 / activities)
               10641 kB: com.android.inputmethod.latin (pid 1177)
    14466 kB: A Services
               14466 kB: com.baidu.searchbox:megapp (pid 13459)
    34415 kB: Home
               34415 kB: com.android.launcher3 (pid 1237 / activities)
    81874 kB: B Services
               68253 kB: com.baidu.searchbox (pid 13240 / activities)
               13621 kB: com.baidu.navi:bdservice_v1 (pid 2560)
    98689 kB: Cached
               26253 kB: com.android.packageinstaller (pid 2123)
               13334 kB: com.baidu.navi (pid 1678)
                9806 kB: com.android.email (pid 1637)
                9242 kB: android.process.media (pid 921)
                8730 kB: com.android.messaging (pid 1660)
                6516 kB: com.android.calendar (pid 1593)
                6273 kB: com.android.deskclock (pid 1615)
                6094 kB: com.android.providers.calendar (pid 1537)
                4576 kB: com.android.printspooler (pid 1255)
                3979 kB: com.android.musicfx (pid 2030)
                3886 kB: com.android.onetimeinitializer (pid 1572)

Total PSS by category:
   127557 kB: Dalvik
               63926 kB: .Heap
               56846 kB: .LOS
                7138 kB: .LinearAlloc
                5245 kB: .Zygote
                4495 kB: .GC
                2171 kB: .IndirectRef
                1540 kB: .NonMoving
                   0 kB: .JITCache
   118672 kB: Native
    97194 kB: .so mmap
    86268 kB: EGL mtrack
    76174 kB: .dex mmap
    49924 kB: .oat mmap
    36650 kB: .art mmap
    22365 kB: .apk mmap
    13804 kB: Dalvik Other
    12086 kB: Gfx dev
     9195 kB: Unknown
     7848 kB: Stack
     5936 kB: Other mmap
     5560 kB: Ashmem
     1920 kB: .ttf mmap
      160 kB: .jar mmap
      136 kB: Other dev
        0 kB: Cursor
        0 kB: GL mtrack
        0 kB: Other mtrack

Total RAM: 1857376 kB (status normal)
 Free RAM: 1032665 kB (98689 cached pss + 735904 cached kernel + 198072 free)
 Used RAM: 707020 kB (572760 used pss + 134260 kernel)
 Lost RAM: 117691 kB
     ZRAM: 1260 kB physical used for 1500 kB in swap (520908 kB total swap)
   Tuning: 192 (large 512), oom 322560 kB, restore limit 107520 kB (high-end-gfx)
lun 21 nov 2016, 12.29.31, CET
Applications Memory Usage (kB):
Uptime: 1532969 Realtime: 1532969

Total PSS by process:
    76713 kB: system (pid 750)
    72336 kB: com.android.systemui (pid 975)
    64619 kB: com.baidu.searchbox (pid 14228 / activities)
    62109 kB: com.youku.phone (pid 13938 / activities)
    49097 kB: com.UCMobile.intl (pid 14357 / activities)
    46776 kB: com.moji.mjweather (pid 14485 / activities)
    34530 kB: com.android.launcher3 (pid 1237 / activities)
    34391 kB: surfaceflinger (pid 368)
    26289 kB: com.android.packageinstaller (pid 2123)
    19719 kB: zygote (pid 459)
    19228 kB: com.android.phone (pid 1222)
    17027 kB: mm-qcamera-daemon (pid 462)
    16218 kB: zygote64 (pid 458)
    12071 kB: com.baidu.searchbox:megapp (pid 14451)
    11424 kB: com.baidu.navi:bdservice_v1 (pid 2560)
    11108 kB: com.baidu.navi (pid 1678)
    11081 kB: app_process (pid 14679)
    10624 kB: com.android.inputmethod.latin (pid 1177)
     9794 kB: com.android.email (pid 1637)
     9715 kB: com.android.nfc (pid 1206)
     9243 kB: android.process.media (pid 921)
     8873 kB: mediaserver (pid 455)
     8715 kB: com.android.messaging (pid 1660)
     8134 kB: com.youku.phone:download (pid 13971)
     8002 kB: com.youku.phone:accelerater (pid 14043)
     7822 kB: com.push.Youku_PushService (pid 13985)
     7822 kB: com.youku.phone:SoUpgradeService (pid 14174)
     6516 kB: com.android.calendar (pid 1593)
     6260 kB: com.android.deskclock (pid 1615)
     6081 kB: com.android.providers.calendar (pid 1537)
     4865 kB: rild (pid 453)
     4576 kB: com.android.printspooler (pid 1255)
     3951 kB: com.android.musicfx (pid 2030)
     3886 kB: com.android.onetimeinitializer (pid 1572)
     3870 kB: com.android.smspush (pid 1368)
     3148 kB: drmserver (pid 454)
     2975 kB: logd (pid 334)
     1286 kB: sdcard (pid 915)
     1141 kB: netd (pid 450)
      984 kB: keystore (pid 457)
      880 kB: vold (pid 336)
      771 kB: gatekeeperd (pid 460)
      663 kB: /init (pid 1)
      641 kB: sh (pid 400)
      576 kB: healthd (pid 365)
      552 kB: adbd (pid 402)
      490 kB: logcat (pid 2087)
      462 kB: ueventd (pid 309)
      457 kB: dumpsys (pid 14670)
      447 kB: servicemanager (pid 367)
      437 kB: perfprofd (pid 461)
      432 kB: installd (pid 456)
      422 kB: qseecomd (pid 379)
      384 kB: debuggerd64 (pid 452)
      383 kB: lmkd (pid 366)
      382 kB: debuggerd (pid 451)
      302 kB: qseecomd (pid 371)

Total PSS by OOM adjustment:
   130389 kB: Native
               34391 kB: surfaceflinger (pid 368)
               19719 kB: zygote (pid 459)
               17027 kB: mm-qcamera-daemon (pid 462)
               16218 kB: zygote64 (pid 458)
               11081 kB: app_process (pid 14679)
                8873 kB: mediaserver (pid 455)
                4865 kB: rild (pid 453)
                3148 kB: drmserver (pid 454)
                2975 kB: logd (pid 334)
                1286 kB: sdcard (pid 915)
                1141 kB: netd (pid 450)
                 984 kB: keystore (pid 457)
                 880 kB: vold (pid 336)
                 771 kB: gatekeeperd (pid 460)
                 663 kB: /init (pid 1)
                 641 kB: sh (pid 400)
                 576 kB: healthd (pid 365)
                 552 kB: adbd (pid 402)
                 490 kB: logcat (pid 2087)
                 462 kB: ueventd (pid 309)
                 457 kB: dumpsys (pid 14670)
                 447 kB: servicemanager (pid 367)
                 437 kB: perfprofd (pid 461)
                 432 kB: installd (pid 456)
                 422 kB: qseecomd (pid 379)
                 384 kB: debuggerd64 (pid 452)
                 383 kB: lmkd (pid 366)
                 382 kB: debuggerd (pid 451)
                 302 kB: qseecomd (pid 371)
    76713 kB: System
               76713 kB: system (pid 750)
   101279 kB: Persistent
               72336 kB: com.android.systemui (pid 975)
               19228 kB: com.android.phone (pid 1222)
                9715 kB: com.android.nfc (pid 1206)
    46776 kB: Foreground
               46776 kB: com.moji.mjweather (pid 14485 / activities)
     3870 kB: Visible
                3870 kB: com.android.smspush (pid 1368)
    59721 kB: Perceptible
               49097 kB: com.UCMobile.intl (pid 14357 / activities)
               10624 kB: com.android.inputmethod.latin (pid 1177)
    20205 kB: A Services
               12071 kB: com.baidu.searchbox:megapp (pid 14451)
                8134 kB: com.youku.phone:download (pid 13971)
    34530 kB: Home
               34530 kB: com.android.launcher3 (pid 1237 / activities)
    64619 kB: Previous
               64619 kB: com.baidu.searchbox (pid 14228 / activities)
    27248 kB: B Services
               11424 kB: com.baidu.navi:bdservice_v1 (pid 2560)
                8002 kB: com.youku.phone:accelerater (pid 14043)
                7822 kB: com.push.Youku_PushService (pid 13985)
   166350 kB: Cached
               62109 kB: com.youku.phone (pid 13938 / activities)
               26289 kB: com.android.packageinstaller (pid 2123)
               11108 kB: com.baidu.navi (pid 1678)
                9794 kB: com.android.email (pid 1637)
                9243 kB: android.process.media (pid 921)
                8715 kB: com.android.messaging (pid 1660)
                7822 kB: com.youku.phone:SoUpgradeService (pid 14174)
                6516 kB: com.android.calendar (pid 1593)
                6260 kB: com.android.deskclock (pid 1615)
                6081 kB: com.android.providers.calendar (pid 1537)
                4576 kB: com.android.printspooler (pid 1255)
                3951 kB: com.android.musicfx (pid 2030)
                3886 kB: com.android.onetimeinitializer (pid 1572)

Total PSS by category:
   149858 kB: Dalvik
               75928 kB: .Heap
               66306 kB: .LOS
                8620 kB: .LinearAlloc
                5940 kB: .Zygote
                5547 kB: .GC
                2733 kB: .IndirectRef
                1684 kB: .NonMoving
                   0 kB: .JITCache
   132466 kB: Native
   106743 kB: .so mmap
    89903 kB: .dex mmap
    60348 kB: EGL mtrack
    53402 kB: .oat mmap
    42386 kB: .art mmap
    32985 kB: .apk mmap
    16900 kB: Dalvik Other
    12292 kB: Unknown
    10744 kB: Gfx dev
     9056 kB: Stack
     6647 kB: Other mmap
     5712 kB: Ashmem
     1918 kB: .ttf mmap
      180 kB: Other dev
      160 kB: .jar mmap
        0 kB: Cursor
        0 kB: GL mtrack
        0 kB: Other mtrack

Total RAM: 1857376 kB (status normal)
 Free RAM: 1089934 kB (166350 cached pss + 736012 cached kernel + 187572 free)
 Used RAM: 701822 kB (565350 used pss + 136472 kernel)
 Lost RAM: 65620 kB
     ZRAM: 1260 kB physical used for 1496 kB in swap (520908 kB total swap)
   Tuning: 192 (large 512), oom 322560 kB, restore limit 107520 kB (high-end-gfx)
lun 21 nov 2016, 12.30.04, CET
Applications Memory Usage (kB):
Uptime: 1565578 Realtime: 1565578

Total PSS by process:
    82624 kB: system (pid 750)
    73919 kB: com.android.systemui (pid 975)
    65340 kB: com.UCMobile.intl (pid 15351 / activities)
    64270 kB: com.baidu.searchbox (pid 15218 / activities)
    64232 kB: com.youku.phone (pid 14929 / activities)
    34560 kB: com.android.launcher3 (pid 1237 / activities)
    34388 kB: surfaceflinger (pid 368)
    26650 kB: com.android.packageinstaller (pid 2123 / activities)
    19639 kB: com.sina.weibo (pid 14807 / activities)
    19484 kB: com.android.phone (pid 1222)
    18761 kB: zygote (pid 459)
    16922 kB: mm-qcamera-daemon (pid 462)
    16647 kB: zygote64 (pid 458)
    11232 kB: com.baidu.searchbox:megapp (pid 15440)
    10928 kB: app_process (pid 15662)
    10907 kB: com.baidu.navi:bdservice_v1 (pid 2560)
    10631 kB: com.android.inputmethod.latin (pid 1177)
    10574 kB: com.baidu.navi (pid 1678)
    10371 kB: com.moji.mjweather (pid 15478 / activities)
    10117 kB: com.sina.weibo:remote (pid 14848)
    10009 kB: com.sina.weibo.image (pid 14883)
     9744 kB: com.android.email (pid 1637)
     9742 kB: com.android.nfc (pid 1206)
     9275 kB: android.process.media (pid 921)
     8873 kB: mediaserver (pid 455)
     8666 kB: com.android.messaging (pid 1660)
     8442 kB: com.youku.phone:accelerater (pid 15033)
     7649 kB: com.youku.phone:download (pid 14962)
     7309 kB: com.push.Youku_PushService (pid 14976)
     7299 kB: com.youku.phone:SoUpgradeService (pid 15157)
     6474 kB: com.android.calendar (pid 1593)
     6260 kB: com.android.deskclock (pid 1615)
     6038 kB: com.android.providers.calendar (pid 1537)
     4872 kB: rild (pid 453)
     4539 kB: com.android.printspooler (pid 1255)
     3946 kB: com.android.musicfx (pid 2030)
     3886 kB: com.android.onetimeinitializer (pid 1572)
     3870 kB: com.android.smspush (pid 1368)
     3148 kB: drmserver (pid 454)
     3003 kB: logd (pid 334)
     1286 kB: sdcard (pid 915)
     1143 kB: netd (pid 450)
      984 kB: keystore (pid 457)
      880 kB: vold (pid 336)
      771 kB: gatekeeperd (pid 460)
      663 kB: /init (pid 1)
      643 kB: sh (pid 400)
      552 kB: adbd (pid 402)
      536 kB: healthd (pid 365)
      490 kB: logcat (pid 2087)
      462 kB: ueventd (pid 309)
      461 kB: dumpsys (pid 15522)
      448 kB: servicemanager (pid 367)
      437 kB: perfprofd (pid 461)
      432 kB: installd (pid 456)
      422 kB: qseecomd (pid 379)
      384 kB: lmkd (pid 366)
      384 kB: debuggerd64 (pid 452)
      382 kB: debuggerd (pid 451)
      303 kB: qseecomd (pid 371)

Total PSS by OOM adjustment:
   129605 kB: Native
               34388 kB: surfaceflinger (pid 368)
               18761 kB: zygote (pid 459)
               16922 kB: mm-qcamera-daemon (pid 462)
               16647 kB: zygote64 (pid 458)
               10928 kB: app_process (pid 15662)
                8873 kB: mediaserver (pid 455)
                4872 kB: rild (pid 453)
                3148 kB: drmserver (pid 454)
                3003 kB: logd (pid 334)
                1286 kB: sdcard (pid 915)
                1143 kB: netd (pid 450)
                 984 kB: keystore (pid 457)
                 880 kB: vold (pid 336)
                 771 kB: gatekeeperd (pid 460)
                 663 kB: /init (pid 1)
                 643 kB: sh (pid 400)
                 552 kB: adbd (pid 402)
                 536 kB: healthd (pid 365)
                 490 kB: logcat (pid 2087)
                 462 kB: ueventd (pid 309)
                 461 kB: dumpsys (pid 15522)
                 448 kB: servicemanager (pid 367)
                 437 kB: perfprofd (pid 461)
                 432 kB: installd (pid 456)
                 422 kB: qseecomd (pid 379)
                 384 kB: lmkd (pid 366)
                 384 kB: debuggerd64 (pid 452)
                 382 kB: debuggerd (pid 451)
                 303 kB: qseecomd (pid 371)
    82624 kB: System
               82624 kB: system (pid 750)
   103145 kB: Persistent
               73919 kB: com.android.systemui (pid 975)
               19484 kB: com.android.phone (pid 1222)
                9742 kB: com.android.nfc (pid 1206)
    10371 kB: Foreground
               10371 kB: com.moji.mjweather (pid 15478 / activities)
     3870 kB: Visible
                3870 kB: com.android.smspush (pid 1368)
    75971 kB: Perceptible
               65340 kB: com.UCMobile.intl (pid 15351 / activities)
               10631 kB: com.android.inputmethod.latin (pid 1177)
    29788 kB: A Services
               11232 kB: com.baidu.searchbox:megapp (pid 15440)
               10907 kB: com.baidu.navi:bdservice_v1 (pid 2560)
                7649 kB: com.youku.phone:download (pid 14962)
    34560 kB: Home
               34560 kB: com.android.launcher3 (pid 1237 / activities)
    83909 kB: Previous
               64270 kB: com.baidu.searchbox (pid 15218 / activities)
               19639 kB: com.sina.weibo (pid 14807 / activities)
    25760 kB: B Services
               10009 kB: com.sina.weibo.image (pid 14883)
                8442 kB: com.youku.phone:accelerater (pid 15033)
                7309 kB: com.push.Youku_PushService (pid 14976)
   177700 kB: Cached
               64232 kB: com.youku.phone (pid 14929 / activities)
               26650 kB: com.android.packageinstaller (pid 2123 / activities)
               10574 kB: com.baidu.navi (pid 1678)
               10117 kB: com.sina.weibo:remote (pid 14848)
                9744 kB: com.android.email (pid 1637)
                9275 kB: android.process.media (pid 921)
                8666 kB: com.android.messaging (pid 1660)
                7299 kB: com.youku.phone:SoUpgradeService (pid 15157)
                6474 kB: com.android.calendar (pid 1593)
                6260 kB: com.android.deskclock (pid 1615)
                6038 kB: com.android.providers.calendar (pid 1537)
                4539 kB: com.android.printspooler (pid 1255)
                3946 kB: com.android.musicfx (pid 2030)
                3886 kB: com.android.onetimeinitializer (pid 1572)

Total PSS by category:
   148319 kB: Dalvik
               74878 kB: .Heap
               65559 kB: .LOS
                9761 kB: .LinearAlloc
                6278 kB: .Zygote
                5911 kB: .GC
                2665 kB: .IndirectRef
                1604 kB: .NonMoving
                   0 kB: .JITCache
   133885 kB: Native
   103167 kB: .so mmap
    93884 kB: .dex mmap
    84000 kB: EGL mtrack
    52963 kB: .oat mmap
    43859 kB: .art mmap
    32486 kB: .apk mmap
    18337 kB: Dalvik Other
    11782 kB: Gfx dev
    11651 kB: Unknown
     8856 kB: Stack
     6394 kB: Other mmap
     5464 kB: Ashmem
     1905 kB: .ttf mmap
      191 kB: Other dev
      160 kB: .jar mmap
        0 kB: Cursor
        0 kB: GL mtrack
        0 kB: Other mtrack

Total RAM: 1857376 kB (status normal)
 Free RAM: 1013944 kB (177700 cached pss + 710236 cached kernel + 126008 free)
 Used RAM: 724115 kB (579603 used pss + 144512 kernel)
 Lost RAM: 119317 kB
     ZRAM: 1272 kB physical used for 1536 kB in swap (520908 kB total swap)
   Tuning: 192 (large 512), oom 322560 kB, restore limit 107520 kB (high-end-gfx)
lun 21 nov 2016, 12.30.37, CET
Applications Memory Usage (kB):
Uptime: 1598483 Realtime: 1598483

Total PSS by process:
    82816 kB: system (pid 750)
    73570 kB: com.android.systemui (pid 975)
    67111 kB: com.youku.phone (pid 15921 / activities)
    60766 kB: com.UCMobile.intl (pid 16341 / activities)
    59721 kB: com.baidu.searchbox (pid 16210 / activities)
    34556 kB: com.android.launcher3 (pid 1237 / activities)
    34387 kB: surfaceflinger (pid 368)
    33722 kB: com.moji.mjweather (pid 16496)
    32595 kB: com.tencent.mm (pid 15753 / activities)
    26583 kB: com.android.packageinstaller (pid 2123 / activities)
    19696 kB: com.android.phone (pid 1222)
    19465 kB: com.sina.weibo (pid 15799 / activities)
    19287 kB: zygote64 (pid 458)
    17247 kB: zygote (pid 459)
    16967 kB: mm-qcamera-daemon (pid 462)
    15519 kB: com.tencent.mm:push (pid 16276)
    10768 kB: com.baidu.navi:bdservice_v1 (pid 2560)
    10627 kB: com.android.inputmethod.latin (pid 1177)
    10541 kB: com.baidu.navi (pid 1678)
    10235 kB: com.sina.weibo:remote (pid 15839)
     9919 kB: com.sina.weibo.image (pid 15875)
     9789 kB: com.android.email (pid 1637)
     9460 kB: com.android.nfc (pid 1206)
     9293 kB: android.process.media (pid 921)
     8861 kB: mediaserver (pid 455)
     8709 kB: com.android.messaging (pid 1660)
     8389 kB: com.youku.phone:accelerater (pid 16024)
     7599 kB: com.youku.phone:download (pid 15954)
     7237 kB: com.youku.phone:SoUpgradeService (pid 16149)
     7230 kB: com.push.Youku_PushService (pid 15968)
     6516 kB: com.android.calendar (pid 1593)
     6255 kB: com.android.deskclock (pid 1615)
     6075 kB: com.android.providers.calendar (pid 1537)
     5243 kB: com.baidu.searchbox:megapp (pid 16433)
     4991 kB: rild (pid 453)
     4576 kB: com.android.printspooler (pid 1255)
     3980 kB: com.android.musicfx (pid 2030)
     3886 kB: com.android.onetimeinitializer (pid 1572)
     3865 kB: com.android.smspush (pid 1368)
     3135 kB: drmserver (pid 454)
     2979 kB: logd (pid 334)
     1287 kB: sdcard (pid 915)
     1150 kB: netd (pid 450)
      993 kB: keystore (pid 457)
      875 kB: vold (pid 336)
      773 kB: gatekeeperd (pid 460)
      663 kB: /init (pid 1)
      641 kB: sh (pid 400)
      552 kB: adbd (pid 402)
      532 kB: healthd (pid 365)
      491 kB: logcat (pid 2087)
      463 kB: dumpsys (pid 16450)
      462 kB: ueventd (pid 309)
      447 kB: servicemanager (pid 367)
      442 kB: perfprofd (pid 461)
      433 kB: installd (pid 456)
      422 kB: qseecomd (pid 379)
      385 kB: debuggerd64 (pid 452)
      383 kB: lmkd (pid 366)
      371 kB: debuggerd (pid 451)
      314 kB: wdaemon (pid 15835)
      302 kB: qseecomd (pid 371)
        0 kB: app_process (pid 16469)

Total PSS by OOM adjustment:
   153957 kB: Native
               34387 kB: surfaceflinger (pid 368)
               33722 kB: com.moji.mjweather (pid 16496)
               19287 kB: zygote64 (pid 458)
               17247 kB: zygote (pid 459)
               16967 kB: mm-qcamera-daemon (pid 462)
                8861 kB: mediaserver (pid 455)
                4991 kB: rild (pid 453)
                3135 kB: drmserver (pid 454)
                2979 kB: logd (pid 334)
                1287 kB: sdcard (pid 915)
                1150 kB: netd (pid 450)
                 993 kB: keystore (pid 457)
                 875 kB: vold (pid 336)
                 773 kB: gatekeeperd (pid 460)
                 663 kB: /init (pid 1)
                 641 kB: sh (pid 400)
                 552 kB: adbd (pid 402)
                 532 kB: healthd (pid 365)
                 491 kB: logcat (pid 2087)
                 463 kB: dumpsys (pid 16450)
                 462 kB: ueventd (pid 309)
                 447 kB: servicemanager (pid 367)
                 442 kB: perfprofd (pid 461)
                 433 kB: installd (pid 456)
                 422 kB: qseecomd (pid 379)
                 385 kB: debuggerd64 (pid 452)
                 383 kB: lmkd (pid 366)
                 371 kB: debuggerd (pid 451)
                 314 kB: wdaemon (pid 15835)
                 302 kB: qseecomd (pid 371)
                   0 kB: app_process (pid 16469)
    82816 kB: System
               82816 kB: system (pid 750)
   102726 kB: Persistent
               73570 kB: com.android.systemui (pid 975)
               19696 kB: com.android.phone (pid 1222)
                9460 kB: com.android.nfc (pid 1206)
    66009 kB: Foreground
               60766 kB: com.UCMobile.intl (pid 16341 / activities)
                5243 kB: com.baidu.searchbox:megapp (pid 16433)
    63586 kB: Visible
               59721 kB: com.baidu.searchbox (pid 16210 / activities)
                3865 kB: com.android.smspush (pid 1368)
    10627 kB: Perceptible
               10627 kB: com.android.inputmethod.latin (pid 1177)
    33886 kB: A Services
               15519 kB: com.tencent.mm:push (pid 16276)
               10768 kB: com.baidu.navi:bdservice_v1 (pid 2560)
                7599 kB: com.youku.phone:download (pid 15954)
    34556 kB: Home
               34556 kB: com.android.launcher3 (pid 1237 / activities)
    19465 kB: Previous
               19465 kB: com.sina.weibo (pid 15799 / activities)
    25538 kB: B Services
                9919 kB: com.sina.weibo.image (pid 15875)
                8389 kB: com.youku.phone:accelerater (pid 16024)
                7230 kB: com.push.Youku_PushService (pid 15968)
   213381 kB: Cached
               67111 kB: com.youku.phone (pid 15921 / activities)
               32595 kB: com.tencent.mm (pid 15753 / activities)
               26583 kB: com.android.packageinstaller (pid 2123 / activities)
               10541 kB: com.baidu.navi (pid 1678)
               10235 kB: com.sina.weibo:remote (pid 15839)
                9789 kB: com.android.email (pid 1637)
                9293 kB: android.process.media (pid 921)
                8709 kB: com.android.messaging (pid 1660)
                7237 kB: com.youku.phone:SoUpgradeService (pid 16149)
                6516 kB: com.android.calendar (pid 1593)
                6255 kB: com.android.deskclock (pid 1615)
                6075 kB: com.android.providers.calendar (pid 1537)
                4576 kB: com.android.printspooler (pid 1255)
                3980 kB: com.android.musicfx (pid 2030)
                3886 kB: com.android.onetimeinitializer (pid 1572)

Total PSS by category:
   168712 kB: Dalvik
               81448 kB: .LOS
               79082 kB: .Heap
               10360 kB: .LinearAlloc
                6494 kB: .Zygote
                6047 kB: .GC
                2887 kB: .IndirectRef
                1688 kB: .NonMoving
                   0 kB: .JITCache
   140604 kB: Native
   107771 kB: .dex mmap
   102544 kB: .so mmap
    84000 kB: EGL mtrack
    53957 kB: .oat mmap
    43970 kB: .art mmap
    36239 kB: .apk mmap
    19294 kB: Dalvik Other
    12204 kB: Gfx dev
    11903 kB: Unknown
     9404 kB: Stack
     7184 kB: Other mmap
     6460 kB: Ashmem
     1943 kB: .ttf mmap
      198 kB: Other dev
      160 kB: .jar mmap
        0 kB: Cursor
        0 kB: GL mtrack
        0 kB: Other mtrack

Total RAM: 1857376 kB (status normal)
 Free RAM: 1021281 kB (213381 cached pss + 700488 cached kernel + 107412 free)
 Used RAM: 739918 kB (593166 used pss + 146752 kernel)
 Lost RAM: 96177 kB
     ZRAM: 1272 kB physical used for 1552 kB in swap (520908 kB total swap)
   Tuning: 192 (large 512), oom 322560 kB, restore limit 107520 kB (high-end-gfx)
lun 21 nov 2016, 12.31.10, CET
Applications Memory Usage (kB):
Uptime: 1631414 Realtime: 1631414

Total PSS by process:
    82580 kB: com.baidu.searchbox (pid 17200 / activities)
    75970 kB: system (pid 750)
    73436 kB: com.android.systemui (pid 975)
    67974 kB: com.youku.phone (pid 16911 / activities)
    60739 kB: com.UCMobile.intl (pid 17332)
