lun 21 nov 2016, 11.14.20, CET
Applications Memory Usage (kB):
Uptime: 526666 Realtime: 526666

Total PSS by process:
    93683 kB: system (pid 749)
    90765 kB: com.android.systemui (pid 941)
    42802 kB: com.android.launcher3 (pid 1260 / activities)
    36752 kB: zygote (pid 459)
    34602 kB: com.tencent.mm (pid 2038)
    31699 kB: surfaceflinger (pid 369)
    19606 kB: zygote64 (pid 458)
    17551 kB: mm-qcamera-daemon (pid 462)
    16000 kB: com.android.phone (pid 1240)
    10607 kB: com.android.nfc (pid 1228)
    10047 kB: com.android.inputmethod.latin (pid 1189)
     9081 kB: android.process.acore (pid 1207)
     8744 kB: com.android.email (pid 1580)
     8584 kB: mediaserver (pid 455)
     8044 kB: com.android.messaging (pid 1611)
     8042 kB: android.process.media (pid 954)
     5799 kB: com.android.gallery3d (pid 1715)
     5701 kB: com.android.calendar (pid 1542)
     5597 kB: com.android.providers.calendar (pid 1495)
     5329 kB: com.android.deskclock (pid 1561)
     4977 kB: rild (pid 453)
     4916 kB: com.android.defcontainer (pid 1688)
     4779 kB: com.android.dialer (pid 1476)
     4120 kB: com.android.musicfx (pid 1664)
     4019 kB: com.android.printspooler (pid 1272)
     3695 kB: com.android.managedprovisioning (pid 1511)
     3424 kB: com.android.keychain (pid 1461)
     3356 kB: com.android.smspush (pid 1391)
     3331 kB: com.android.onetimeinitializer (pid 1527)
     3321 kB: com.svox.pico (pid 1744)
     3318 kB: drmserver (pid 454)
     1294 kB: logd (pid 335)
     1212 kB: sdcard (pid 909)
     1064 kB: netd (pid 450)
      993 kB: keystore (pid 457)
      781 kB: gatekeeperd (pid 460)
      768 kB: adbd (pid 404)
      767 kB: vold (pid 337)
      642 kB: sh (pid 401)
      617 kB: installd (pid 456)
      603 kB: /init (pid 1)
      576 kB: top (pid 2027)
      572 kB: top (pid 2025)
      524 kB: healthd (pid 366)
      460 kB: dumpsys (pid 2036)
      454 kB: ueventd (pid 311)
      445 kB: debuggerd (pid 451)
      435 kB: perfprofd (pid 461)
      386 kB: debuggerd64 (pid 452)
      294 kB: servicemanager (pid 368)
      141 kB: lmkd (pid 367)
       78 kB: qseecomd (pid 380)
       71 kB: qseecomd (pid 370)

Total PSS by OOM adjustment:
   170266 kB: Native
               36752 kB: zygote (pid 459)
               34602 kB: com.tencent.mm (pid 2038)
               31699 kB: surfaceflinger (pid 369)
               19606 kB: zygote64 (pid 458)
               17551 kB: mm-qcamera-daemon (pid 462)
                8584 kB: mediaserver (pid 455)
                4977 kB: rild (pid 453)
                3318 kB: drmserver (pid 454)
                1294 kB: logd (pid 335)
                1212 kB: sdcard (pid 909)
                1064 kB: netd (pid 450)
                 993 kB: keystore (pid 457)
                 781 kB: gatekeeperd (pid 460)
                 768 kB: adbd (pid 404)
                 767 kB: vold (pid 337)
                 642 kB: sh (pid 401)
                 617 kB: installd (pid 456)
                 603 kB: /init (pid 1)
                 576 kB: top (pid 2027)
                 572 kB: top (pid 2025)
                 524 kB: healthd (pid 366)
                 460 kB: dumpsys (pid 2036)
                 454 kB: ueventd (pid 311)
                 445 kB: debuggerd (pid 451)
                 435 kB: perfprofd (pid 461)
                 386 kB: debuggerd64 (pid 452)
                 294 kB: servicemanager (pid 368)
                 141 kB: lmkd (pid 367)
                  78 kB: qseecomd (pid 380)
                  71 kB: qseecomd (pid 370)
    93683 kB: System
               93683 kB: system (pid 749)
   117372 kB: Persistent
               90765 kB: com.android.systemui (pid 941)
               16000 kB: com.android.phone (pid 1240)
               10607 kB: com.android.nfc (pid 1228)
     3356 kB: Visible
                3356 kB: com.android.smspush (pid 1391)
    10047 kB: Perceptible
               10047 kB: com.android.inputmethod.latin (pid 1189)
    42802 kB: Home
               42802 kB: com.android.launcher3 (pid 1260 / activities)
    87942 kB: Cached
                9081 kB: android.process.acore (pid 1207)
                8744 kB: com.android.email (pid 1580)
                8044 kB: com.android.messaging (pid 1611)
                8042 kB: android.process.media (pid 954)
                5799 kB: com.android.gallery3d (pid 1715)
                5701 kB: com.android.calendar (pid 1542)
                5597 kB: com.android.providers.calendar (pid 1495)
                5329 kB: com.android.deskclock (pid 1561)
                4916 kB: com.android.defcontainer (pid 1688)
                4779 kB: com.android.dialer (pid 1476)
                4120 kB: com.android.musicfx (pid 1664)
                4019 kB: com.android.printspooler (pid 1272)
                3695 kB: com.android.managedprovisioning (pid 1511)
                3424 kB: com.android.keychain (pid 1461)
                3331 kB: com.android.onetimeinitializer (pid 1527)
                3321 kB: com.svox.pico (pid 1744)

Total PSS by category:
    93936 kB: EGL mtrack
    91503 kB: Native
    84730 kB: Dalvik
               41648 kB: .LOS
               37099 kB: .Heap
                5007 kB: .Zygote
                4500 kB: .LinearAlloc
                3215 kB: .GC
                1719 kB: .IndirectRef
                 976 kB: .NonMoving
                   0 kB: .JITCache
    82600 kB: .so mmap
    45937 kB: .oat mmap
    43592 kB: .dex mmap
    35916 kB: .art mmap
    15200 kB: .apk mmap
     9434 kB: Dalvik Other
     6412 kB: Stack
     5373 kB: Unknown
     5128 kB: Other mmap
     3432 kB: Gfx dev
     1849 kB: .ttf mmap
      284 kB: Ashmem
      142 kB: Other dev
        0 kB: Cursor
        0 kB: .jar mmap
        0 kB: GL mtrack
        0 kB: Other mtrack

Total RAM: 1857376 kB (status normal)
 Free RAM: 1174410 kB (87942 cached pss + 836132 cached kernel + 250336 free)
 Used RAM: 569366 kB (437526 used pss + 131840 kernel)
 Lost RAM: 113600 kB
     ZRAM: 1672 kB physical used for 3984 kB in swap (520908 kB total swap)
   Tuning: 192 (large 512), oom 322560 kB, restore limit 107520 kB (high-end-gfx)
lun 21 nov 2016, 11.14.51, CET
Applications Memory Usage (kB):
Uptime: 557917 Realtime: 557917

Total PSS by process:
    94689 kB: com.android.systemui (pid 941)
    91686 kB: system (pid 749)
    48757 kB: com.android.launcher3 (pid 1260 / activities)
    38661 kB: com.moji.mjweather (pid 2930)
    29063 kB: surfaceflinger (pid 369)
    26495 kB: zygote (pid 459)
    22148 kB: com.baidu.navi (pid 2538)
    17429 kB: mm-qcamera-daemon (pid 462)
    17217 kB: zygote64 (pid 458)
    14519 kB: com.android.phone (pid 1240)
    10279 kB: com.android.nfc (pid 1228)
     9076 kB: com.android.inputmethod.latin (pid 1189)
     8504 kB: mediaserver (pid 455)
     8268 kB: android.process.acore (pid 1207)
     8073 kB: com.android.email (pid 1580)
     7357 kB: com.android.messaging (pid 1611)
     7102 kB: android.process.media (pid 954)
     5292 kB: com.android.providers.calendar (pid 1495)
     5264 kB: com.android.calendar (pid 1542)
     5034 kB: com.android.defcontainer (pid 1688)
     4980 kB: rild (pid 453)
     4912 kB: com.android.deskclock (pid 1561)
     4788 kB: com.android.gallery3d (pid 1715)
     4156 kB: com.android.musicfx (pid 1664)
     3733 kB: com.android.printspooler (pid 1272)
     3494 kB: com.android.managedprovisioning (pid 1511)
     3432 kB: com.android.smspush (pid 1391)
     3417 kB: com.android.onetimeinitializer (pid 1527)
     3407 kB: com.svox.pico (pid 1744)
     3274 kB: drmserver (pid 454)
     1774 kB: logd (pid 335)
     1264 kB: sdcard (pid 909)
     1090 kB: netd (pid 450)
      998 kB: keystore (pid 457)
      785 kB: gatekeeperd (pid 460)
      779 kB: vold (pid 337)
      776 kB: adbd (pid 404)
      644 kB: sh (pid 401)
      622 kB: installd (pid 456)
      603 kB: /init (pid 1)
      524 kB: healthd (pid 366)
      465 kB: dumpsys (pid 3016)
      450 kB: ueventd (pid 311)
      439 kB: perfprofd (pid 461)
      429 kB: debuggerd (pid 451)
      391 kB: debuggerd64 (pid 452)
      304 kB: servicemanager (pid 368)
      146 kB: lmkd (pid 367)
       75 kB: qseecomd (pid 370)
       68 kB: qseecomd (pid 380)

Total PSS by OOM adjustment:
   119588 kB: Native
               29063 kB: surfaceflinger (pid 369)
               26495 kB: zygote (pid 459)
               17429 kB: mm-qcamera-daemon (pid 462)
               17217 kB: zygote64 (pid 458)
                8504 kB: mediaserver (pid 455)
                4980 kB: rild (pid 453)
                3274 kB: drmserver (pid 454)
                1774 kB: logd (pid 335)
                1264 kB: sdcard (pid 909)
                1090 kB: netd (pid 450)
                 998 kB: keystore (pid 457)
                 785 kB: gatekeeperd (pid 460)
                 779 kB: vold (pid 337)
                 776 kB: adbd (pid 404)
                 644 kB: sh (pid 401)
                 622 kB: installd (pid 456)
                 603 kB: /init (pid 1)
                 524 kB: healthd (pid 366)
                 465 kB: dumpsys (pid 3016)
                 450 kB: ueventd (pid 311)
                 439 kB: perfprofd (pid 461)
                 429 kB: debuggerd (pid 451)
                 391 kB: debuggerd64 (pid 452)
                 304 kB: servicemanager (pid 368)
                 146 kB: lmkd (pid 367)
                  75 kB: qseecomd (pid 370)
                  68 kB: qseecomd (pid 380)
    91686 kB: System
               91686 kB: system (pid 749)
   119487 kB: Persistent
               94689 kB: com.android.systemui (pid 941)
               14519 kB: com.android.phone (pid 1240)
               10279 kB: com.android.nfc (pid 1228)
    48757 kB: Foreground
               48757 kB: com.android.launcher3 (pid 1260 / activities)
     3432 kB: Visible
                3432 kB: com.android.smspush (pid 1391)
     9076 kB: Perceptible
                9076 kB: com.android.inputmethod.latin (pid 1189)
     7102 kB: Previous
                7102 kB: android.process.media (pid 954)
   128004 kB: Cached
               38661 kB: com.moji.mjweather (pid 2930)
               22148 kB: com.baidu.navi (pid 2538)
                8268 kB: android.process.acore (pid 1207)
                8073 kB: com.android.email (pid 1580)
                7357 kB: com.android.messaging (pid 1611)
                5292 kB: com.android.providers.calendar (pid 1495)
                5264 kB: com.android.calendar (pid 1542)
                5034 kB: com.android.defcontainer (pid 1688)
                4912 kB: com.android.deskclock (pid 1561)
                4788 kB: com.android.gallery3d (pid 1715)
                4156 kB: com.android.musicfx (pid 1664)
                3733 kB: com.android.printspooler (pid 1272)
                3494 kB: com.android.managedprovisioning (pid 1511)
                3417 kB: com.android.onetimeinitializer (pid 1527)
                3407 kB: com.svox.pico (pid 1744)

Total PSS by category:
   102576 kB: EGL mtrack
    98518 kB: Native
    84241 kB: .so mmap
    82848 kB: Dalvik
               41412 kB: .LOS
               35507 kB: .Heap
                4969 kB: .Zygote
                4685 kB: .LinearAlloc
                3110 kB: .GC
                1802 kB: .IndirectRef
                 960 kB: .NonMoving
                   0 kB: .JITCache
    41484 kB: .oat mmap
    34727 kB: .art mmap
    30128 kB: .dex mmap
    20580 kB: .apk mmap
     9597 kB: Dalvik Other
     6556 kB: Stack
     6409 kB: Unknown
     4890 kB: Other mmap
     3410 kB: Gfx dev
      455 kB: .ttf mmap
      412 kB: Ashmem
      160 kB: .jar mmap
      141 kB: Other dev
        0 kB: Cursor
        0 kB: GL mtrack
        0 kB: Other mtrack

Total RAM: 1857376 kB (status normal)
 Free RAM: 1201140 kB (128004 cached pss + 806672 cached kernel + 266464 free)
 Used RAM: 526404 kB (399128 used pss + 127276 kernel)
 Lost RAM: 129832 kB
     ZRAM: 1764 kB physical used for 6644 kB in swap (520908 kB total swap)
   Tuning: 192 (large 512), oom 322560 kB, restore limit 107520 kB (high-end-gfx)
lun 21 nov 2016, 11.15.22, CET
Applications Memory Usage (kB):
Uptime: 589272 Realtime: 589272

Total PSS by process:
    95493 kB: com.android.systemui (pid 941)
    90890 kB: system (pid 749)
    45480 kB: com.moji.mjweather (pid 3920)
    45383 kB: com.android.launcher3 (pid 1260 / activities)
    27316 kB: com.android.packageinstaller (pid 3080)
    27120 kB: surfaceflinger (pid 369)
    26567 kB: zygote (pid 459)
    22158 kB: com.baidu.navi (pid 2538)
    17429 kB: mm-qcamera-daemon (pid 462)
    17176 kB: zygote64 (pid 458)
    14891 kB: com.android.phone (pid 1240)
    10370 kB: com.android.nfc (pid 1228)
     9097 kB: com.android.inputmethod.latin (pid 1189)
     8507 kB: mediaserver (pid 455)
     8198 kB: android.process.acore (pid 1207)
     7554 kB: com.android.email (pid 1580)
     7229 kB: android.process.media (pid 954)
     6847 kB: com.android.messaging (pid 1611)
     5385 kB: com.android.deskclock (pid 1561)
     5363 kB: com.android.providers.calendar (pid 1495)
     5345 kB: com.android.calendar (pid 1542)
     5115 kB: com.android.defcontainer (pid 1688)
     4981 kB: rild (pid 453)
     4751 kB: com.android.gallery3d (pid 1715)
     4237 kB: com.android.musicfx (pid 1664)
     3820 kB: com.android.printspooler (pid 1272)
     3520 kB: com.android.smspush (pid 1391)
     3506 kB: com.svox.pico (pid 1744)
     3274 kB: drmserver (pid 454)
     1894 kB: logd (pid 335)
     1264 kB: sdcard (pid 909)
     1149 kB: netd (pid 450)
      999 kB: keystore (pid 457)
      785 kB: gatekeeperd (pid 460)
      764 kB: vold (pid 337)
      736 kB: adbd (pid 404)
      622 kB: installd (pid 456)
      603 kB: /init (pid 1)
      524 kB: healthd (pid 366)
      466 kB: dumpsys (pid 4006)
      450 kB: ueventd (pid 311)
      439 kB: perfprofd (pid 461)
      429 kB: debuggerd (pid 451)
      391 kB: debuggerd64 (pid 452)
      264 kB: servicemanager (pid 368)
      256 kB: sh (pid 401)
       94 kB: lmkd (pid 367)
       71 kB: qseecomd (pid 370)
       60 kB: qseecomd (pid 380)

Total PSS by OOM adjustment:
   117314 kB: Native
               27120 kB: surfaceflinger (pid 369)
               26567 kB: zygote (pid 459)
               17429 kB: mm-qcamera-daemon (pid 462)
               17176 kB: zygote64 (pid 458)
                8507 kB: mediaserver (pid 455)
                4981 kB: rild (pid 453)
                3274 kB: drmserver (pid 454)
                1894 kB: logd (pid 335)
                1264 kB: sdcard (pid 909)
                1149 kB: netd (pid 450)
                 999 kB: keystore (pid 457)
                 785 kB: gatekeeperd (pid 460)
                 764 kB: vold (pid 337)
                 736 kB: adbd (pid 404)
                 622 kB: installd (pid 456)
                 603 kB: /init (pid 1)
                 524 kB: healthd (pid 366)
                 466 kB: dumpsys (pid 4006)
                 450 kB: ueventd (pid 311)
                 439 kB: perfprofd (pid 461)
                 429 kB: debuggerd (pid 451)
                 391 kB: debuggerd64 (pid 452)
                 264 kB: servicemanager (pid 368)
                 256 kB: sh (pid 401)
                  94 kB: lmkd (pid 367)
                  71 kB: qseecomd (pid 370)
                  60 kB: qseecomd (pid 380)
    90890 kB: System
               90890 kB: system (pid 749)
   120754 kB: Persistent
               95493 kB: com.android.systemui (pid 941)
               14891 kB: com.android.phone (pid 1240)
               10370 kB: com.android.nfc (pid 1228)
    45383 kB: Foreground
               45383 kB: com.android.launcher3 (pid 1260 / activities)
     3520 kB: Visible
                3520 kB: com.android.smspush (pid 1391)
     9097 kB: Perceptible
                9097 kB: com.android.inputmethod.latin (pid 1189)
   162304 kB: Cached
               45480 kB: com.moji.mjweather (pid 3920)
               27316 kB: com.android.packageinstaller (pid 3080)
               22158 kB: com.baidu.navi (pid 2538)
                8198 kB: android.process.acore (pid 1207)
                7554 kB: com.android.email (pid 1580)
                7229 kB: android.process.media (pid 954)
                6847 kB: com.android.messaging (pid 1611)
                5385 kB: com.android.deskclock (pid 1561)
                5363 kB: com.android.providers.calendar (pid 1495)
                5345 kB: com.android.calendar (pid 1542)
                5115 kB: com.android.defcontainer (pid 1688)
                4751 kB: com.android.gallery3d (pid 1715)
                4237 kB: com.android.musicfx (pid 1664)
                3820 kB: com.android.printspooler (pid 1272)
                3506 kB: com.svox.pico (pid 1744)

Total PSS by category:
   115888 kB: EGL mtrack
   101324 kB: Native
    91286 kB: Dalvik
               43967 kB: .Heap
               41307 kB: .LOS
                5048 kB: .Zygote
                4684 kB: .LinearAlloc
                3580 kB: .GC
                1758 kB: .IndirectRef
                 964 kB: .NonMoving
                   0 kB: .JITCache
    83623 kB: .so mmap
    41399 kB: .oat mmap
    34610 kB: .art mmap
    28536 kB: .dex mmap
    19898 kB: .apk mmap
    10022 kB: Dalvik Other
     6524 kB: Stack
     6213 kB: Unknown
     4723 kB: Other mmap
     3976 kB: Gfx dev
      526 kB: .ttf mmap
      416 kB: Ashmem
      160 kB: .jar mmap
      138 kB: Other dev
        0 kB: Cursor
        0 kB: GL mtrack
        0 kB: Other mtrack

Total RAM: 1857376 kB (status normal)
 Free RAM: 1219224 kB (162304 cached pss + 797864 cached kernel + 259056 free)
 Used RAM: 514174 kB (386958 used pss + 127216 kernel)
 Lost RAM: 123978 kB
     ZRAM: 2072 kB physical used for 8408 kB in swap (520908 kB total swap)
   Tuning: 192 (large 512), oom 322560 kB, restore limit 107520 kB (high-end-gfx)
lun 21 nov 2016, 11.15.54, CET
Applications Memory Usage (kB):
Uptime: 620535 Realtime: 620535

Total PSS by process:
    72955 kB: system (pid 749)
    70077 kB: com.android.systemui (pid 941)
    64539 kB: com.android.launcher3 (pid 1260 / activities)
    33989 kB: zygote (pid 459)
    28405 kB: com.baidu.navi (pid 2538)
    28247 kB: surfaceflinger (pid 369)
    27861 kB: com.android.packageinstaller (pid 3080)
    17527 kB: mm-qcamera-daemon (pid 462)
    17226 kB: zygote64 (pid 458)
    15151 kB: com.android.phone (pid 1240)
    10641 kB: com.android.nfc (pid 1228)
     9173 kB: com.android.inputmethod.latin (pid 1189)
     9030 kB: mediaserver (pid 455)
     8210 kB: android.process.acore (pid 1207)
     7561 kB: com.android.email (pid 1580)
     7250 kB: android.process.media (pid 954)
     6858 kB: com.android.messaging (pid 1611)
     5393 kB: com.android.deskclock (pid 1561)
     5373 kB: com.android.providers.calendar (pid 1495)
     5346 kB: com.android.calendar (pid 1542)
     5116 kB: com.android.defcontainer (pid 1688)
     4980 kB: rild (pid 453)
     4751 kB: com.android.gallery3d (pid 1715)
     4238 kB: com.android.musicfx (pid 1664)
     3820 kB: com.android.printspooler (pid 1272)
     3520 kB: com.android.smspush (pid 1391)
     3506 kB: com.svox.pico (pid 1744)
     3310 kB: drmserver (pid 454)
     2050 kB: logd (pid 335)
     1264 kB: sdcard (pid 909)
     1149 kB: netd (pid 450)
      999 kB: keystore (pid 457)
      785 kB: gatekeeperd (pid 460)
      764 kB: vold (pid 337)
      728 kB: adbd (pid 404)
      622 kB: installd (pid 456)
      603 kB: /init (pid 1)
      524 kB: healthd (pid 366)
      462 kB: dumpsys (pid 5010)
      454 kB: ueventd (pid 311)
      444 kB: debuggerd (pid 451)
      439 kB: perfprofd (pid 461)
      391 kB: debuggerd64 (pid 452)
      260 kB: servicemanager (pid 368)
      256 kB: sh (pid 401)
      110 kB: lmkd (pid 367)
       71 kB: qseecomd (pid 370)
       60 kB: qseecomd (pid 380)

Total PSS by OOM adjustment:
   126744 kB: Native
               33989 kB: zygote (pid 459)
               28247 kB: surfaceflinger (pid 369)
               17527 kB: mm-qcamera-daemon (pid 462)
               17226 kB: zygote64 (pid 458)
                9030 kB: mediaserver (pid 455)
                4980 kB: rild (pid 453)
                3310 kB: drmserver (pid 454)
                2050 kB: logd (pid 335)
                1264 kB: sdcard (pid 909)
                1149 kB: netd (pid 450)
                 999 kB: keystore (pid 457)
                 785 kB: gatekeeperd (pid 460)
                 764 kB: vold (pid 337)
                 728 kB: adbd (pid 404)
                 622 kB: installd (pid 456)
                 603 kB: /init (pid 1)
                 524 kB: healthd (pid 366)
                 462 kB: dumpsys (pid 5010)
                 454 kB: ueventd (pid 311)
                 444 kB: debuggerd (pid 451)
                 439 kB: perfprofd (pid 461)
                 391 kB: debuggerd64 (pid 452)
                 260 kB: servicemanager (pid 368)
                 256 kB: sh (pid 401)
                 110 kB: lmkd (pid 367)
                  71 kB: qseecomd (pid 370)
                  60 kB: qseecomd (pid 380)
    72955 kB: System
               72955 kB: system (pid 749)
    95869 kB: Persistent
               70077 kB: com.android.systemui (pid 941)
               15151 kB: com.android.phone (pid 1240)
               10641 kB: com.android.nfc (pid 1228)
    64539 kB: Foreground
               64539 kB: com.android.launcher3 (pid 1260 / activities)
     3520 kB: Visible
                3520 kB: com.android.smspush (pid 1391)
     9173 kB: Perceptible
                9173 kB: com.android.inputmethod.latin (pid 1189)
   123688 kB: Cached
               28405 kB: com.baidu.navi (pid 2538)
               27861 kB: com.android.packageinstaller (pid 3080)
                8210 kB: android.process.acore (pid 1207)
                7561 kB: com.android.email (pid 1580)
                7250 kB: android.process.media (pid 954)
                6858 kB: com.android.messaging (pid 1611)
                5393 kB: com.android.deskclock (pid 1561)
                5373 kB: com.android.providers.calendar (pid 1495)
                5346 kB: com.android.calendar (pid 1542)
                5116 kB: com.android.defcontainer (pid 1688)
                4751 kB: com.android.gallery3d (pid 1715)
                4238 kB: com.android.musicfx (pid 1664)
                3820 kB: com.android.printspooler (pid 1272)
                3506 kB: com.svox.pico (pid 1744)

Total PSS by category:
    98153 kB: Native
    85408 kB: EGL mtrack
    84391 kB: Dalvik
               41607 kB: .LOS
               36915 kB: .Heap
                4917 kB: .Zygote
                4273 kB: .LinearAlloc
                3030 kB: .GC
                1571 kB: .IndirectRef
                 952 kB: .NonMoving
                   0 kB: .JITCache
    82545 kB: .so mmap
    39188 kB: .oat mmap
    33963 kB: .art mmap
    23248 kB: .dex mmap
    14042 kB: .apk mmap
     8874 kB: Dalvik Other
     6232 kB: Stack
     5954 kB: Unknown
     4940 kB: Gfx dev
     4451 kB: Other mmap
     4280 kB: Ashmem
      526 kB: .ttf mmap
      160 kB: .jar mmap
      133 kB: Other dev
        0 kB: Cursor
        0 kB: GL mtrack
        0 kB: Other mtrack

Total RAM: 1857376 kB (status normal)
 Free RAM: 1234348 kB (123688 cached pss + 836432 cached kernel + 274228 free)
 Used RAM: 502636 kB (372800 used pss + 129836 kernel)
 Lost RAM: 120392 kB
     ZRAM: 2076 kB physical used for 8516 kB in swap (520908 kB total swap)
   Tuning: 192 (large 512), oom 322560 kB, restore limit 107520 kB (high-end-gfx)
lun 21 nov 2016, 11.16.25, CET
Applications Memory Usage (kB):
Uptime: 651715 Realtime: 651715

Total PSS by process:
    97457 kB: com.moji.mjweather (pid 5721 / activities)
    72533 kB: system (pid 749)
    70651 kB: com.android.systemui (pid 941)
    37297 kB: com.android.launcher3 (pid 1260 / activities)
    34098 kB: zygote (pid 459)
    28252 kB: surfaceflinger (pid 369)
    28198 kB: com.android.packageinstaller (pid 3080)
    22178 kB: com.baidu.navi (pid 2538)
    17527 kB: mm-qcamera-daemon (pid 462)
    15354 kB: com.android.phone (pid 1240)
    13463 kB: zygote64 (pid 458)
    10597 kB: com.android.nfc (pid 1228)
     9176 kB: com.android.inputmethod.latin (pid 1189)
     9029 kB: mediaserver (pid 455)
     8197 kB: android.process.acore (pid 1207)
     7548 kB: com.android.email (pid 1580)
     7286 kB: android.process.media (pid 954)
     6848 kB: com.android.messaging (pid 1611)
     5366 kB: com.android.deskclock (pid 1561)
     5361 kB: com.android.providers.calendar (pid 1495)
     5345 kB: com.android.calendar (pid 1542)
     5116 kB: com.android.defcontainer (pid 1688)
     4855 kB: rild (pid 453)
     4751 kB: com.android.gallery3d (pid 1715)
     4239 kB: com.android.musicfx (pid 1664)
     3821 kB: com.android.printspooler (pid 1272)
     3507 kB: com.svox.pico (pid 1744)
     3501 kB: com.android.smspush (pid 1391)
     3310 kB: drmserver (pid 454)
     2146 kB: logd (pid 335)
     1264 kB: sdcard (pid 909)
     1139 kB: netd (pid 450)
      987 kB: keystore (pid 457)
      785 kB: gatekeeperd (pid 460)
      753 kB: vold (pid 337)
      728 kB: adbd (pid 404)
      620 kB: installd (pid 456)
      603 kB: /init (pid 1)
      524 kB: healthd (pid 366)
      466 kB: dumpsys (pid 6006)
      454 kB: ueventd (pid 311)
      444 kB: debuggerd (pid 451)
      439 kB: perfprofd (pid 461)
      387 kB: debuggerd64 (pid 452)
      257 kB: servicemanager (pid 368)
      253 kB: sh (pid 401)
      107 kB: lmkd (pid 367)
       67 kB: qseecomd (pid 370)
       60 kB: qseecomd (pid 380)
        0 kB: app_process (pid 6008)

Total PSS by OOM adjustment:
   123017 kB: Native
               34098 kB: zygote (pid 459)
               28252 kB: surfaceflinger (pid 369)
               17527 kB: mm-qcamera-daemon (pid 462)
               13463 kB: zygote64 (pid 458)
                9029 kB: mediaserver (pid 455)
                4855 kB: rild (pid 453)
                3310 kB: drmserver (pid 454)
                2146 kB: logd (pid 335)
                1264 kB: sdcard (pid 909)
                1139 kB: netd (pid 450)
                 987 kB: keystore (pid 457)
                 785 kB: gatekeeperd (pid 460)
                 753 kB: vold (pid 337)
                 728 kB: adbd (pid 404)
                 620 kB: installd (pid 456)
                 603 kB: /init (pid 1)
                 524 kB: healthd (pid 366)
                 466 kB: dumpsys (pid 6006)
                 454 kB: ueventd (pid 311)
                 444 kB: debuggerd (pid 451)
                 439 kB: perfprofd (pid 461)
                 387 kB: debuggerd64 (pid 452)
                 257 kB: servicemanager (pid 368)
                 253 kB: sh (pid 401)
                 107 kB: lmkd (pid 367)
                  67 kB: qseecomd (pid 370)
                  60 kB: qseecomd (pid 380)
                   0 kB: app_process (pid 6008)
    72533 kB: System
               72533 kB: system (pid 749)
    96602 kB: Persistent
               70651 kB: com.android.systemui (pid 941)
               15354 kB: com.android.phone (pid 1240)
               10597 kB: com.android.nfc (pid 1228)
    97457 kB: Foreground
               97457 kB: com.moji.mjweather (pid 5721 / activities)
     3501 kB: Visible
                3501 kB: com.android.smspush (pid 1391)
     9176 kB: Perceptible
                9176 kB: com.android.inputmethod.latin (pid 1189)
    37297 kB: Home
               37297 kB: com.android.launcher3 (pid 1260 / activities)
   117761 kB: Cached
               28198 kB: com.android.packageinstaller (pid 3080)
               22178 kB: com.baidu.navi (pid 2538)
                8197 kB: android.process.acore (pid 1207)
                7548 kB: com.android.email (pid 1580)
                7286 kB: android.process.media (pid 954)
                6848 kB: com.android.messaging (pid 1611)
                5366 kB: com.android.deskclock (pid 1561)
                5361 kB: com.android.providers.calendar (pid 1495)
                5345 kB: com.android.calendar (pid 1542)
                5116 kB: com.android.defcontainer (pid 1688)
                4751 kB: com.android.gallery3d (pid 1715)
                4239 kB: com.android.musicfx (pid 1664)
                3821 kB: com.android.printspooler (pid 1272)
                3507 kB: com.svox.pico (pid 1744)

Total PSS by category:
   107675 kB: Native
   103657 kB: Dalvik
               55009 kB: .LOS
               42291 kB: .Heap
                5257 kB: .Zygote
                4801 kB: .LinearAlloc
                3608 kB: .GC
                1723 kB: .IndirectRef
                1100 kB: .NonMoving
                   0 kB: .JITCache
    85408 kB: EGL mtrack
    83890 kB: .so mmap
    45466 kB: .oat mmap
    36209 kB: .art mmap
    32172 kB: .dex mmap
    20708 kB: .apk mmap
    10132 kB: Dalvik Other
     8122 kB: Gfx dev
     6740 kB: Stack
     6279 kB: Unknown
     5617 kB: Other mmap
     4430 kB: Ashmem
      541 kB: .ttf mmap
      160 kB: .jar mmap
      138 kB: Other dev
        0 kB: Cursor
        0 kB: GL mtrack
        0 kB: Other mtrack

Total RAM: 1857376 kB (status normal)
 Free RAM: 1230821 kB (117761 cached pss + 825688 cached kernel + 287372 free)
 Used RAM: 575851 kB (439583 used pss + 136268 kernel)
 Lost RAM: 50704 kB
     ZRAM: 2084 kB physical used for 8792 kB in swap (520908 kB total swap)
   Tuning: 192 (large 512), oom 322560 kB, restore limit 107520 kB (high-end-gfx)
lun 21 nov 2016, 11.16.56, CET
Applications Memory Usage (kB):
Uptime: 683116 Realtime: 683116

Total PSS by process:
    86671 kB: com.moji.mjweather (pid 6744 / activities)
    72297 kB: system (pid 749)
    70662 kB: com.android.systemui (pid 941)
    56145 kB: com.UCMobile.intl (pid 6613 / activities)
    37236 kB: com.android.launcher3 (pid 1260 / activities)
    28611 kB: surfaceflinger (pid 369)
    28337 kB: com.android.packageinstaller (pid 3080)
    26017 kB: zygote (pid 459)
    19600 kB: com.baidu.navi (pid 2538)
    17229 kB: mm-qcamera-daemon (pid 462)
    16759 kB: zygote64 (pid 458)
    15630 kB: com.android.phone (pid 1240)
    10603 kB: com.android.nfc (pid 1228)
     9152 kB: com.android.inputmethod.latin (pid 1189)
     8947 kB: mediaserver (pid 455)
     8186 kB: android.process.acore (pid 1207)
     7506 kB: com.android.email (pid 1580)
     7285 kB: android.process.media (pid 954)
     6805 kB: com.android.messaging (pid 1611)
     5352 kB: com.android.providers.calendar (pid 1495)
     5351 kB: com.android.deskclock (pid 1561)
     5327 kB: com.android.calendar (pid 1542)
     5116 kB: com.android.defcontainer (pid 1688)
     4979 kB: rild (pid 453)
     4751 kB: com.android.gallery3d (pid 1715)
     4239 kB: com.android.musicfx (pid 1664)
     3814 kB: com.android.printspooler (pid 1272)
     3507 kB: com.svox.pico (pid 1744)
     3499 kB: com.android.smspush (pid 1391)
     3269 kB: drmserver (pid 454)
     2301 kB: logd (pid 335)
     1262 kB: sdcard (pid 909)
     1147 kB: netd (pid 450)
      997 kB: keystore (pid 457)
      780 kB: gatekeeperd (pid 460)
      732 kB: adbd (pid 404)
      725 kB: vold (pid 337)
      621 kB: installd (pid 456)
      603 kB: /init (pid 1)
      524 kB: healthd (pid 366)
      461 kB: dumpsys (pid 6981)
      454 kB: ueventd (pid 311)
      436 kB: perfprofd (pid 461)
      427 kB: debuggerd (pid 451)
      389 kB: debuggerd64 (pid 452)
      260 kB: servicemanager (pid 368)
      169 kB: sh (pid 401)
      110 kB: lmkd (pid 367)
       69 kB: qseecomd (pid 370)
       60 kB: qseecomd (pid 380)
        0 kB: app_process (pid 6979)

Total PSS by OOM adjustment:
   118338 kB: Native
               28611 kB: surfaceflinger (pid 369)
               26017 kB: zygote (pid 459)
               17229 kB: mm-qcamera-daemon (pid 462)
               16759 kB: zygote64 (pid 458)
                8947 kB: mediaserver (pid 455)
                4979 kB: rild (pid 453)
                3269 kB: drmserver (pid 454)
                2301 kB: logd (pid 335)
                1262 kB: sdcard (pid 909)
                1147 kB: netd (pid 450)
                 997 kB: keystore (pid 457)
                 780 kB: gatekeeperd (pid 460)
                 732 kB: adbd (pid 404)
                 725 kB: vold (pid 337)
                 621 kB: installd (pid 456)
                 603 kB: /init (pid 1)
                 524 kB: healthd (pid 366)
                 461 kB: dumpsys (pid 6981)
                 454 kB: ueventd (pid 311)
                 436 kB: perfprofd (pid 461)
                 427 kB: debuggerd (pid 451)
                 389 kB: debuggerd64 (pid 452)
                 260 kB: servicemanager (pid 368)
                 169 kB: sh (pid 401)
                 110 kB: lmkd (pid 367)
                  69 kB: qseecomd (pid 370)
                  60 kB: qseecomd (pid 380)
                   0 kB: app_process (pid 6979)
    72297 kB: System
               72297 kB: system (pid 749)
    96895 kB: Persistent
               70662 kB: com.android.systemui (pid 941)
               15630 kB: com.android.phone (pid 1240)
               10603 kB: com.android.nfc (pid 1228)
    86671 kB: Foreground
               86671 kB: com.moji.mjweather (pid 6744 / activities)
     3499 kB: Visible
                3499 kB: com.android.smspush (pid 1391)
    65297 kB: Perceptible
               56145 kB: com.UCMobile.intl (pid 6613 / activities)
                9152 kB: com.android.inputmethod.latin (pid 1189)
    37236 kB: Home
               37236 kB: com.android.launcher3 (pid 1260 / activities)
   115176 kB: Cached
               28337 kB: com.android.packageinstaller (pid 3080)
               19600 kB: com.baidu.navi (pid 2538)
                8186 kB: android.process.acore (pid 1207)
                7506 kB: com.android.email (pid 1580)
                7285 kB: android.process.media (pid 954)
                6805 kB: com.android.messaging (pid 1611)
                5352 kB: com.android.providers.calendar (pid 1495)
                5351 kB: com.android.deskclock (pid 1561)
                5327 kB: com.android.calendar (pid 1542)
                5116 kB: com.android.defcontainer (pid 1688)
                4751 kB: com.android.gallery3d (pid 1715)
                4239 kB: com.android.musicfx (pid 1664)
                3814 kB: com.android.printspooler (pid 1272)
                3507 kB: com.svox.pico (pid 1744)

Total PSS by category:
   115865 kB: Native
   109638 kB: Dalvik
               55186 kB: .LOS
               47867 kB: .Heap
                5871 kB: .LinearAlloc
                5289 kB: .Zygote
                3827 kB: .GC
                1943 kB: .IndirectRef
                1296 kB: .NonMoving
                   0 kB: .JITCache
    91152 kB: .so mmap
    85692 kB: EGL mtrack
    45583 kB: .oat mmap
    43984 kB: .dex mmap
    36385 kB: .art mmap
    20859 kB: .apk mmap
    11641 kB: Dalvik Other
     9172 kB: Gfx dev
     7310 kB: Unknown
     7308 kB: Stack
     5415 kB: Other mmap
     4562 kB: Ashmem
      543 kB: .ttf mmap
      160 kB: .jar mmap
      140 kB: Other dev
        0 kB: Cursor
        0 kB: GL mtrack
        0 kB: Other mtrack

Total RAM: 1857376 kB (status normal)
 Free RAM: 1160124 kB (115176 cached pss + 797244 cached kernel + 247704 free)
 Used RAM: 619165 kB (480233 used pss + 138932 kernel)
 Lost RAM: 78087 kB
     ZRAM: 2088 kB physical used for 8828 kB in swap (520908 kB total swap)
   Tuning: 192 (large 512), oom 322560 kB, restore limit 107520 kB (high-end-gfx)
lun 21 nov 2016, 11.17.28, CET
Applications Memory Usage (kB):
Uptime: 714663 Realtime: 714663

Total PSS by process:
    91309 kB: com.moji.mjweather (pid 7734 / activities)
    72050 kB: system (pid 749)
    71057 kB: com.android.systemui (pid 941)
    57459 kB: com.UCMobile.intl (pid 7602 / activities)
    37260 kB: com.android.launcher3 (pid 1260 / activities)
    28793 kB: surfaceflinger (pid 369)
    28401 kB: com.android.packageinstaller (pid 3080)
    22728 kB: zygote (pid 459)
    19588 kB: com.baidu.navi (pid 2538)
    17138 kB: mm-qcamera-daemon (pid 462)
    15882 kB: com.android.phone (pid 1240)
    13334 kB: zygote64 (pid 458)
    10609 kB: com.android.nfc (pid 1228)
     9197 kB: com.android.inputmethod.latin (pid 1189)
     8889 kB: mediaserver (pid 455)
     8186 kB: android.process.acore (pid 1207)
     7542 kB: com.android.email (pid 1580)
     7297 kB: android.process.media (pid 954)
     6838 kB: com.android.messaging (pid 1611)
     5373 kB: com.android.deskclock (pid 1561)
     5353 kB: com.android.providers.calendar (pid 1495)
     5344 kB: com.android.calendar (pid 1542)
     5116 kB: com.android.defcontainer (pid 1688)
     4855 kB: rild (pid 453)
     4751 kB: com.android.gallery3d (pid 1715)
     4239 kB: com.android.musicfx (pid 1664)
     3821 kB: com.android.printspooler (pid 1272)
     3517 kB: com.android.smspush (pid 1391)
     3507 kB: com.svox.pico (pid 1744)
     3235 kB: drmserver (pid 454)
     2389 kB: logd (pid 335)
     1262 kB: sdcard (pid 909)
     1139 kB: netd (pid 450)
      987 kB: keystore (pid 457)
      783 kB: gatekeeperd (pid 460)
      744 kB: adbd (pid 404)
      713 kB: vold (pid 337)
      620 kB: installd (pid 456)
      599 kB: /init (pid 1)
      524 kB: healthd (pid 366)
      463 kB: dumpsys (pid 7961)
      454 kB: ueventd (pid 311)
      436 kB: perfprofd (pid 461)
      418 kB: debuggerd (pid 451)
      387 kB: debuggerd64 (pid 452)
      257 kB: servicemanager (pid 368)
      253 kB: sh (pid 401)
      107 kB: lmkd (pid 367)
       67 kB: qseecomd (pid 370)
       60 kB: qseecomd (pid 380)
        0 kB: app_process (pid 7963)

Total PSS by OOM adjustment:
   111634 kB: Native
               28793 kB: surfaceflinger (pid 369)
               22728 kB: zygote (pid 459)
               17138 kB: mm-qcamera-daemon (pid 462)
               13334 kB: zygote64 (pid 458)
                8889 kB: mediaserver (pid 455)
                4855 kB: rild (pid 453)
                3235 kB: drmserver (pid 454)
                2389 kB: logd (pid 335)
                1262 kB: sdcard (pid 909)
                1139 kB: netd (pid 450)
                 987 kB: keystore (pid 457)
                 783 kB: gatekeeperd (pid 460)
                 744 kB: adbd (pid 404)
                 713 kB: vold (pid 337)
                 620 kB: installd (pid 456)
                 599 kB: /init (pid 1)
                 524 kB: healthd (pid 366)
                 463 kB: dumpsys (pid 7961)
                 454 kB: ueventd (pid 311)
                 436 kB: perfprofd (pid 461)
                 418 kB: debuggerd (pid 451)
                 387 kB: debuggerd64 (pid 452)
                 257 kB: servicemanager (pid 368)
                 253 kB: sh (pid 401)
                 107 kB: lmkd (pid 367)
                  67 kB: qseecomd (pid 370)
                  60 kB: qseecomd (pid 380)
                   0 kB: app_process (pid 7963)
    72050 kB: System
               72050 kB: system (pid 749)
    97548 kB: Persistent
               71057 kB: com.android.systemui (pid 941)
               15882 kB: com.android.phone (pid 1240)
               10609 kB: com.android.nfc (pid 1228)
    91309 kB: Foreground
               91309 kB: com.moji.mjweather (pid 7734 / activities)
     3517 kB: Visible
                3517 kB: com.android.smspush (pid 1391)
    66656 kB: Perceptible
               57459 kB: com.UCMobile.intl (pid 7602 / activities)
                9197 kB: com.android.inputmethod.latin (pid 1189)
    37260 kB: Home
               37260 kB: com.android.launcher3 (pid 1260 / activities)
   115356 kB: Cached
               28401 kB: com.android.packageinstaller (pid 3080)
               19588 kB: com.baidu.navi (pid 2538)
                8186 kB: android.process.acore (pid 1207)
                7542 kB: com.android.email (pid 1580)
                7297 kB: android.process.media (pid 954)
                6838 kB: com.android.messaging (pid 1611)
                5373 kB: com.android.deskclock (pid 1561)
                5353 kB: com.android.providers.calendar (pid 1495)
                5344 kB: com.android.calendar (pid 1542)
                5116 kB: com.android.defcontainer (pid 1688)
                4751 kB: com.android.gallery3d (pid 1715)
                4239 kB: com.android.musicfx (pid 1664)
                3821 kB: com.android.printspooler (pid 1272)
                3507 kB: com.svox.pico (pid 1744)

Total PSS by category:
   115653 kB: Native
   113508 kB: Dalvik
               56927 kB: .LOS
               50115 kB: .Heap
                5864 kB: .LinearAlloc
                5186 kB: .Zygote
                3874 kB: .GC
                1983 kB: .IndirectRef
                1280 kB: .NonMoving
                   0 kB: .JITCache
    88383 kB: .so mmap
    86268 kB: EGL mtrack
    44390 kB: .oat mmap
    43988 kB: .dex mmap
    35681 kB: .art mmap
    20567 kB: .apk mmap
    11721 kB: Dalvik Other
     9716 kB: Gfx dev
     7323 kB: Stack
     7300 kB: Unknown
     5430 kB: Other mmap
     4568 kB: Ashmem
      538 kB: .ttf mmap
      160 kB: .jar mmap
      136 kB: Other dev
        0 kB: Cursor
        0 kB: GL mtrack
        0 kB: Other mtrack

Total RAM: 1857376 kB (status normal)
 Free RAM: 1119836 kB (115356 cached pss + 779896 cached kernel + 224584 free)
 Used RAM: 621722 kB (479974 used pss + 141748 kernel)
 Lost RAM: 115818 kB
     ZRAM: 2088 kB physical used for 8840 kB in swap (520908 kB total swap)
   Tuning: 192 (large 512), oom 322560 kB, restore limit 107520 kB (high-end-gfx)
lun 21 nov 2016, 11.17.59, CET
Applications Memory Usage (kB):
Uptime: 746236 Realtime: 746236

Total PSS by process:
    86122 kB: com.moji.mjweather (pid 8730 / activities)
    71717 kB: system (pid 749)
    71493 kB: com.android.systemui (pid 941)
    60476 kB: com.baidu.searchbox (pid 8466 / activities)
    52717 kB: com.UCMobile.intl (pid 8598 / activities)
    37144 kB: com.android.launcher3 (pid 1260 / activities)
    28895 kB: surfaceflinger (pid 369)
    28387 kB: com.android.packageinstaller (pid 3080)
    22796 kB: zygote (pid 459)
    17116 kB: mm-qcamera-daemon (pid 462)
    16159 kB: com.baidu.navi (pid 2538)
    16155 kB: com.android.phone (pid 1240)
    14608 kB: com.baidu.searchbox:megapp (pid 8689)
    13332 kB: zygote64 (pid 458)
    10805 kB: app_process (pid 8944)
    10588 kB: com.android.nfc (pid 1228)
     9209 kB: com.android.inputmethod.latin (pid 1189)
     8877 kB: mediaserver (pid 455)
     8177 kB: android.process.acore (pid 1207)
     7533 kB: com.android.email (pid 1580)
     7274 kB: android.process.media (pid 954)
     6829 kB: com.android.messaging (pid 1611)
     5365 kB: com.android.deskclock (pid 1561)
     5344 kB: com.android.providers.calendar (pid 1495)
     5344 kB: com.android.calendar (pid 1542)
     5115 kB: com.android.defcontainer (pid 1688)
     4859 kB: rild (pid 453)
     4751 kB: com.android.gallery3d (pid 1715)
     4239 kB: com.android.musicfx (pid 1664)
     3821 kB: com.android.printspooler (pid 1272)
     3521 kB: com.android.smspush (pid 1391)
     3507 kB: com.svox.pico (pid 1744)
     3224 kB: drmserver (pid 454)
     2433 kB: logd (pid 335)
     1262 kB: sdcard (pid 909)
     1139 kB: netd (pid 450)
      987 kB: keystore (pid 457)
      775 kB: gatekeeperd (pid 460)
      740 kB: adbd (pid 404)
      713 kB: vold (pid 337)
      620 kB: installd (pid 456)
      583 kB: /init (pid 1)
      524 kB: healthd (pid 366)
      457 kB: dumpsys (pid 8935)
      454 kB: ueventd (pid 311)
      433 kB: perfprofd (pid 461)
      416 kB: debuggerd (pid 451)
      387 kB: debuggerd64 (pid 452)
      257 kB: servicemanager (pid 368)
      253 kB: sh (pid 401)
      107 kB: lmkd (pid 367)
       67 kB: qseecomd (pid 370)
       60 kB: qseecomd (pid 380)

Total PSS by OOM adjustment:
   122571 kB: Native
               28895 kB: surfaceflinger (pid 369)
               22796 kB: zygote (pid 459)
               17116 kB: mm-qcamera-daemon (pid 462)
               13332 kB: zygote64 (pid 458)
               10805 kB: app_process (pid 8944)
                8877 kB: mediaserver (pid 455)
                4859 kB: rild (pid 453)
                3224 kB: drmserver (pid 454)
                2433 kB: logd (pid 335)
                1262 kB: sdcard (pid 909)
                1139 kB: netd (pid 450)
                 987 kB: keystore (pid 457)
                 775 kB: gatekeeperd (pid 460)
                 740 kB: adbd (pid 404)
                 713 kB: vold (pid 337)
                 620 kB: installd (pid 456)
                 583 kB: /init (pid 1)
                 524 kB: healthd (pid 366)
                 457 kB: dumpsys (pid 8935)
                 454 kB: ueventd (pid 311)
                 433 kB: perfprofd (pid 461)
                 416 kB: debuggerd (pid 451)
                 387 kB: debuggerd64 (pid 452)
                 257 kB: servicemanager (pid 368)
                 253 kB: sh (pid 401)
                 107 kB: lmkd (pid 367)
                  67 kB: qseecomd (pid 370)
                  60 kB: qseecomd (pid 380)
    71717 kB: System
               71717 kB: system (pid 749)
    98236 kB: Persistent
               71493 kB: com.android.systemui (pid 941)
               16155 kB: com.android.phone (pid 1240)
               10588 kB: com.android.nfc (pid 1228)
    86122 kB: Foreground
               86122 kB: com.moji.mjweather (pid 8730 / activities)
     3521 kB: Visible
                3521 kB: com.android.smspush (pid 1391)
    61926 kB: Perceptible
               52717 kB: com.UCMobile.intl (pid 8598 / activities)
                9209 kB: com.android.inputmethod.latin (pid 1189)
    14608 kB: A Services
               14608 kB: com.baidu.searchbox:megapp (pid 8689)
    37144 kB: Home
               37144 kB: com.android.launcher3 (pid 1260 / activities)
    60476 kB: B Services
               60476 kB: com.baidu.searchbox (pid 8466 / activities)
   111845 kB: Cached
               28387 kB: com.android.packageinstaller (pid 3080)
               16159 kB: com.baidu.navi (pid 2538)
                8177 kB: android.process.acore (pid 1207)
                7533 kB: com.android.email (pid 1580)
                7274 kB: android.process.media (pid 954)
                6829 kB: com.android.messaging (pid 1611)
                5365 kB: com.android.deskclock (pid 1561)
                5344 kB: com.android.providers.calendar (pid 1495)
                5344 kB: com.android.calendar (pid 1542)
                5115 kB: com.android.defcontainer (pid 1688)
                4751 kB: com.android.gallery3d (pid 1715)
                4239 kB: com.android.musicfx (pid 1664)
                3821 kB: com.android.printspooler (pid 1272)
                3507 kB: com.svox.pico (pid 1744)

Total PSS by category:
   128230 kB: Dalvik
               62375 kB: .LOS
               58745 kB: .Heap
                7232 kB: .LinearAlloc
                5574 kB: .Zygote
                4502 kB: .GC
                2164 kB: .IndirectRef
                1536 kB: .NonMoving
                   0 kB: .JITCache
   126397 kB: Native
   101679 kB: .so mmap
    86268 kB: EGL mtrack
    63108 kB: .dex mmap
    47490 kB: .oat mmap
    39628 kB: .art mmap
    21600 kB: .apk mmap
    13898 kB: Dalvik Other
    12008 kB: Gfx dev
     7888 kB: Unknown
     7856 kB: Stack
     5698 kB: Other mmap
     5568 kB: Ashmem
      542 kB: .ttf mmap
      160 kB: .jar mmap
      148 kB: Other dev
        0 kB: Cursor
        0 kB: GL mtrack
        0 kB: Other mtrack

Total RAM: 1857376 kB (status normal)
 Free RAM: 1104433 kB (111845 cached pss + 781416 cached kernel + 211172 free)
 Used RAM: 699429 kB (556321 used pss + 143108 kernel)
 Lost RAM: 53514 kB
     ZRAM: 2104 kB physical used for 8856 kB in swap (520908 kB total swap)
   Tuning: 192 (large 512), oom 322560 kB, restore limit 107520 kB (high-end-gfx)
lun 21 nov 2016, 11.18.31, CET
Applications Memory Usage (kB):
Uptime: 777974 Realtime: 777974

Total PSS by process:
    85695 kB: com.moji.mjweather (pid 9715 / activities)
    71816 kB: system (pid 749)
    71518 kB: com.android.systemui (pid 941)
    61034 kB: com.baidu.searchbox (pid 9454 / activities)
    53115 kB: com.UCMobile.intl (pid 9586 / activities)
    37172 kB: com.android.launcher3 (pid 1260 / activities)
    28859 kB: surfaceflinger (pid 369)
    28689 kB: com.android.packageinstaller (pid 3080)
    18825 kB: zygote (pid 459)
    17058 kB: mm-qcamera-daemon (pid 462)
    16527 kB: com.android.phone (pid 1240)
    16175 kB: com.baidu.navi (pid 2538)
    14650 kB: com.baidu.searchbox:megapp (pid 9676)
    13307 kB: zygote64 (pid 458)
    10799 kB: app_process (pid 9922)
    10610 kB: com.android.nfc (pid 1228)
     9225 kB: com.android.inputmethod.latin (pid 1189)
     8819 kB: mediaserver (pid 455)
     8177 kB: android.process.acore (pid 1207)
     7533 kB: com.android.email (pid 1580)
     7298 kB: android.process.media (pid 954)
     6829 kB: com.android.messaging (pid 1611)
     5365 kB: com.android.deskclock (pid 1561)
     5344 kB: com.android.providers.calendar (pid 1495)
     5344 kB: com.android.calendar (pid 1542)
     5115 kB: com.android.defcontainer (pid 1688)
     4859 kB: rild (pid 453)
     4752 kB: com.android.gallery3d (pid 1715)
     4239 kB: com.android.musicfx (pid 1664)
     3821 kB: com.android.printspooler (pid 1272)
     3521 kB: com.android.smspush (pid 1391)
     3507 kB: com.svox.pico (pid 1744)
     3182 kB: drmserver (pid 454)
     2485 kB: logd (pid 335)
     1262 kB: sdcard (pid 909)
     1139 kB: netd (pid 450)
      987 kB: keystore (pid 457)
      775 kB: gatekeeperd (pid 460)
      744 kB: adbd (pid 404)
      713 kB: vold (pid 337)
      620 kB: installd (pid 456)
      575 kB: /init (pid 1)
      524 kB: healthd (pid 366)
      461 kB: dumpsys (pid 9913)
      454 kB: ueventd (pid 311)
      433 kB: perfprofd (pid 461)
      404 kB: debuggerd (pid 451)
      387 kB: debuggerd64 (pid 452)
      253 kB: servicemanager (pid 368)
      253 kB: sh (pid 401)
      107 kB: lmkd (pid 367)
       67 kB: qseecomd (pid 370)
       60 kB: qseecomd (pid 380)

Total PSS by OOM adjustment:
   118411 kB: Native
               28859 kB: surfaceflinger (pid 369)
               18825 kB: zygote (pid 459)
               17058 kB: mm-qcamera-daemon (pid 462)
               13307 kB: zygote64 (pid 458)
               10799 kB: app_process (pid 9922)
                8819 kB: mediaserver (pid 455)
                4859 kB: rild (pid 453)
                3182 kB: drmserver (pid 454)
                2485 kB: logd (pid 335)
                1262 kB: sdcard (pid 909)
                1139 kB: netd (pid 450)
                 987 kB: keystore (pid 457)
                 775 kB: gatekeeperd (pid 460)
                 744 kB: adbd (pid 404)
                 713 kB: vold (pid 337)
                 620 kB: installd (pid 456)
                 575 kB: /init (pid 1)
                 524 kB: healthd (pid 366)
                 461 kB: dumpsys (pid 9913)
                 454 kB: ueventd (pid 311)
                 433 kB: perfprofd (pid 461)
                 404 kB: debuggerd (pid 451)
                 387 kB: debuggerd64 (pid 452)
                 253 kB: servicemanager (pid 368)
                 253 kB: sh (pid 401)
                 107 kB: lmkd (pid 367)
                  67 kB: qseecomd (pid 370)
                  60 kB: qseecomd (pid 380)
    71816 kB: System
               71816 kB: system (pid 749)
    98655 kB: Persistent
               71518 kB: com.android.systemui (pid 941)
               16527 kB: com.android.phone (pid 1240)
               10610 kB: com.android.nfc (pid 1228)
    85695 kB: Foreground
               85695 kB: com.moji.mjweather (pid 9715 / activities)
     3521 kB: Visible
                3521 kB: com.android.smspush (pid 1391)
    62340 kB: Perceptible
               53115 kB: com.UCMobile.intl (pid 9586 / activities)
                9225 kB: com.android.inputmethod.latin (pid 1189)
    14650 kB: A Services
               14650 kB: com.baidu.searchbox:megapp (pid 9676)
    37172 kB: Home
               37172 kB: com.android.launcher3 (pid 1260 / activities)
    61034 kB: B Services
               61034 kB: com.baidu.searchbox (pid 9454 / activities)
   112188 kB: Cached
               28689 kB: com.android.packageinstaller (pid 3080)
               16175 kB: com.baidu.navi (pid 2538)
                8177 kB: android.process.acore (pid 1207)
                7533 kB: com.android.email (pid 1580)
                7298 kB: android.process.media (pid 954)
                6829 kB: com.android.messaging (pid 1611)
                5365 kB: com.android.deskclock (pid 1561)
                5344 kB: com.android.providers.calendar (pid 1495)
                5344 kB: com.android.calendar (pid 1542)
                5115 kB: com.android.defcontainer (pid 1688)
                4752 kB: com.android.gallery3d (pid 1715)
                4239 kB: com.android.musicfx (pid 1664)
                3821 kB: com.android.printspooler (pid 1272)
                3507 kB: com.svox.pico (pid 1744)

Total PSS by category:
   127917 kB: Dalvik
               61441 kB: .LOS
               59475 kB: .Heap
                7225 kB: .LinearAlloc
                5461 kB: .Zygote
                4576 kB: .GC
                2187 kB: .IndirectRef
                1540 kB: .NonMoving
                   0 kB: .JITCache
   126787 kB: Native
   100615 kB: .so mmap
    85692 kB: EGL mtrack
    63112 kB: .dex mmap
    46597 kB: .oat mmap
    38867 kB: .art mmap
    21568 kB: .apk mmap
    13988 kB: Dalvik Other
    12566 kB: Gfx dev
     7852 kB: Stack
     7838 kB: Unknown
     5661 kB: Other mmap
     5572 kB: Ashmem
      542 kB: .ttf mmap
      160 kB: .jar mmap
      148 kB: Other dev
        0 kB: Cursor
        0 kB: GL mtrack
        0 kB: Other mtrack

Total RAM: 1857376 kB (status normal)
 Free RAM: 1044644 kB (112188 cached pss + 752596 cached kernel + 179860 free)
 Used RAM: 700918 kB (553294 used pss + 147624 kernel)
 Lost RAM: 111814 kB
     ZRAM: 2104 kB physical used for 8872 kB in swap (520908 kB total swap)
   Tuning: 192 (large 512), oom 322560 kB, restore limit 107520 kB (high-end-gfx)
lun 21 nov 2016, 11.19.03, CET
Applications Memory Usage (kB):
Uptime: 809696 Realtime: 809696

Total PSS by process:
    80357 kB: com.moji.mjweather (pid 10706 / activities)
    71514 kB: system (pid 749)
    71418 kB: com.android.systemui (pid 941)
    67083 kB: com.baidu.searchbox (pid 10447 / activities)
    57248 kB: com.youku.phone (pid 10151 / activities)
    49052 kB: com.UCMobile.intl (pid 10576 / activities)
    37174 kB: com.android.launcher3 (pid 1260 / activities)
    28854 kB: surfaceflinger (pid 369)
    28642 kB: com.android.packageinstaller (pid 3080)
    18371 kB: zygote (pid 459)
    17058 kB: mm-qcamera-daemon (pid 462)
    16783 kB: com.android.phone (pid 1240)
    16079 kB: com.baidu.navi (pid 2538)
    13677 kB: zygote64 (pid 458)
    12133 kB: com.baidu.searchbox:megapp (pid 10665)
    10803 kB: app_process (pid 10904)
    10632 kB: com.android.nfc (pid 1228)
     9229 kB: com.android.inputmethod.latin (pid 1189)
     8819 kB: mediaserver (pid 455)
     8126 kB: android.process.acore (pid 1207)
     7612 kB: com.youku.phone:download (pid 10184)
     7533 kB: com.android.email (pid 1580)
     7303 kB: android.process.media (pid 954)
     6829 kB: com.android.messaging (pid 1611)
     5365 kB: com.android.deskclock (pid 1561)
     5345 kB: com.android.calendar (pid 1542)
     5313 kB: com.android.providers.calendar (pid 1495)
     5084 kB: com.android.defcontainer (pid 1688)
     4860 kB: rild (pid 453)
     4724 kB: com.android.gallery3d (pid 1715)
     4212 kB: com.android.musicfx (pid 1664)
     3821 kB: com.android.printspooler (pid 1272)
     3521 kB: com.android.smspush (pid 1391)
     3483 kB: com.svox.pico (pid 1744)
     3182 kB: drmserver (pid 454)
     2531 kB: logd (pid 335)
     1262 kB: sdcard (pid 909)
     1139 kB: netd (pid 450)
      987 kB: keystore (pid 457)
      775 kB: gatekeeperd (pid 460)
      736 kB: adbd (pid 404)
      714 kB: vold (pid 337)
      620 kB: installd (pid 456)
      575 kB: /init (pid 1)
      524 kB: healthd (pid 366)
      461 kB: dumpsys (pid 10895)
      454 kB: ueventd (pid 311)
      433 kB: perfprofd (pid 461)
      404 kB: debuggerd (pid 451)
      388 kB: debuggerd64 (pid 452)
      254 kB: servicemanager (pid 368)
      254 kB: sh (pid 401)
      107 kB: lmkd (pid 367)
       68 kB: qseecomd (pid 370)
       60 kB: qseecomd (pid 380)

Total PSS by OOM adjustment:
   118370 kB: Native
               28854 kB: surfaceflinger (pid 369)
               18371 kB: zygote (pid 459)
               17058 kB: mm-qcamera-daemon (pid 462)
               13677 kB: zygote64 (pid 458)
               10803 kB: app_process (pid 10904)
                8819 kB: mediaserver (pid 455)
                4860 kB: rild (pid 453)
                3182 kB: drmserver (pid 454)
                2531 kB: logd (pid 335)
                1262 kB: sdcard (pid 909)
                1139 kB: netd (pid 450)
                 987 kB: keystore (pid 457)
                 775 kB: gatekeeperd (pid 460)
                 736 kB: adbd (pid 404)
                 714 kB: vold (pid 337)
                 620 kB: installd (pid 456)
                 575 kB: /init (pid 1)
                 524 kB: healthd (pid 366)
                 461 kB: dumpsys (pid 10895)
                 454 kB: ueventd (pid 311)
                 433 kB: perfprofd (pid 461)
                 404 kB: debuggerd (pid 451)
                 388 kB: debuggerd64 (pid 452)
                 254 kB: servicemanager (pid 368)
                 254 kB: sh (pid 401)
                 107 kB: lmkd (pid 367)
                  68 kB: qseecomd (pid 370)
                  60 kB: qseecomd (pid 380)
    71514 kB: System
               71514 kB: system (pid 749)
    98833 kB: Persistent
               71418 kB: com.android.systemui (pid 941)
               16783 kB: com.android.phone (pid 1240)
               10632 kB: com.android.nfc (pid 1228)
    80357 kB: Foreground
               80357 kB: com.moji.mjweather (pid 10706 / activities)
     3521 kB: Visible
                3521 kB: com.android.smspush (pid 1391)
    58281 kB: Perceptible
               49052 kB: com.UCMobile.intl (pid 10576 / activities)
                9229 kB: com.android.inputmethod.latin (pid 1189)
    19745 kB: A Services
               12133 kB: com.baidu.searchbox:megapp (pid 10665)
                7612 kB: com.youku.phone:download (pid 10184)
    37174 kB: Home
               37174 kB: com.android.launcher3 (pid 1260 / activities)
    67083 kB: B Services
               67083 kB: com.baidu.searchbox (pid 10447 / activities)
   169107 kB: Cached
               57248 kB: com.youku.phone (pid 10151 / activities)
               28642 kB: com.android.packageinstaller (pid 3080)
               16079 kB: com.baidu.navi (pid 2538)
                8126 kB: android.process.acore (pid 1207)
                7533 kB: com.android.email (pid 1580)
                7303 kB: android.process.media (pid 954)
                6829 kB: com.android.messaging (pid 1611)
                5365 kB: com.android.deskclock (pid 1561)
                5345 kB: com.android.calendar (pid 1542)
                5313 kB: com.android.providers.calendar (pid 1495)
                5084 kB: com.android.defcontainer (pid 1688)
                4724 kB: com.android.gallery3d (pid 1715)
                4212 kB: com.android.musicfx (pid 1664)
                3821 kB: com.android.printspooler (pid 1272)
                3483 kB: com.svox.pico (pid 1744)

Total PSS by category:
   146633 kB: Dalvik
               70615 kB: .Heap
               68763 kB: .LOS
                8314 kB: .LinearAlloc
                5587 kB: .Zygote
                5130 kB: .GC
                2507 kB: .IndirectRef
                1668 kB: .NonMoving
                   0 kB: .JITCache
   138978 kB: Native
   100428 kB: .so mmap
    86268 kB: EGL mtrack
    73170 kB: .dex mmap
    46386 kB: .oat mmap
    39188 kB: .art mmap
    31628 kB: .apk mmap
    15951 kB: Dalvik Other
    13298 kB: Gfx dev
    10322 kB: Unknown
     8646 kB: Stack
     6501 kB: Other mmap
     5706 kB: Ashmem
      545 kB: .ttf mmap
      177 kB: Other dev
      160 kB: .jar mmap
        0 kB: Cursor
        0 kB: GL mtrack
        0 kB: Other mtrack

Total RAM: 1857376 kB (status normal)
 Free RAM: 1099239 kB (169107 cached pss + 748944 cached kernel + 181188 free)
 Used RAM: 699950 kB (554878 used pss + 145072 kernel)
 Lost RAM: 58187 kB
     ZRAM: 2104 kB physical used for 8880 kB in swap (520908 kB total swap)
   Tuning: 192 (large 512), oom 322560 kB, restore limit 107520 kB (high-end-gfx)
lun 21 nov 2016, 11.19.35, CET
Applications Memory Usage (kB):
Uptime: 841873 Realtime: 841873

Total PSS by process:
    71462 kB: com.android.systemui (pid 941)
    71229 kB: system (pid 749)
    67171 kB: com.baidu.searchbox (pid 11437 / activities)
    62974 kB: com.youku.phone (pid 11145 / activities)
    50279 kB: com.moji.mjweather (pid 11694 / activities)
    49784 kB: com.UCMobile.intl (pid 11563 / activities)
    37174 kB: com.android.launcher3 (pid 1260 / activities)
    28827 kB: surfaceflinger (pid 369)
    28542 kB: com.android.packageinstaller (pid 3080)
    18408 kB: zygote (pid 459)
    17058 kB: mm-qcamera-daemon (pid 462)
    17016 kB: com.android.phone (pid 1240)
    13542 kB: com.baidu.navi (pid 2538)
    13303 kB: zygote64 (pid 458)
    11927 kB: com.baidu.searchbox:megapp (pid 11653)
    10602 kB: com.android.nfc (pid 1228)
     9240 kB: com.android.inputmethod.latin (pid 1189)
     9067 kB: com.youku.phone:accelerater (pid 11250)
     8819 kB: mediaserver (pid 455)
     8294 kB: com.youku.phone:download (pid 11178)
     8206 kB: com.youku.phone:SoUpgradeService (pid 11381)
     8197 kB: com.push.Youku_PushService (pid 11192)
     8163 kB: android.process.acore (pid 1207)
     7520 kB: com.android.email (pid 1580)
     7317 kB: android.process.media (pid 954)
     6816 kB: com.android.messaging (pid 1611)
     5353 kB: com.android.deskclock (pid 1561)
     5344 kB: com.android.calendar (pid 1542)
     5331 kB: com.android.providers.calendar (pid 1495)
     5115 kB: com.android.defcontainer (pid 1688)
     4859 kB: rild (pid 453)
     4751 kB: com.android.gallery3d (pid 1715)
     4239 kB: com.android.musicfx (pid 1664)
     3821 kB: com.android.printspooler (pid 1272)
     3520 kB: com.android.smspush (pid 1391)
     3507 kB: com.svox.pico (pid 1744)
     3182 kB: drmserver (pid 454)
     2581 kB: logd (pid 335)
     1262 kB: sdcard (pid 909)
     1139 kB: netd (pid 450)
      987 kB: keystore (pid 457)
      783 kB: gatekeeperd (pid 460)
      728 kB: adbd (pid 404)
      713 kB: vold (pid 337)
      620 kB: installd (pid 456)
      575 kB: /init (pid 1)
      524 kB: healthd (pid 366)
      463 kB: dumpsys (pid 11872)
      454 kB: ueventd (pid 311)
      439 kB: perfprofd (pid 461)
      404 kB: debuggerd (pid 451)
      387 kB: debuggerd64 (pid 452)
      253 kB: servicemanager (pid 368)
      253 kB: sh (pid 401)
      107 kB: lmkd (pid 367)
       67 kB: qseecomd (pid 370)
       60 kB: qseecomd (pid 380)
        0 kB: app_process (pid 11881)

Total PSS by OOM adjustment:
   107255 kB: Native
               28827 kB: surfaceflinger (pid 369)
               18408 kB: zygote (pid 459)
               17058 kB: mm-qcamera-daemon (pid 462)
               13303 kB: zygote64 (pid 458)
                8819 kB: mediaserver (pid 455)
                4859 kB: rild (pid 453)
                3182 kB: drmserver (pid 454)
                2581 kB: logd (pid 335)
                1262 kB: sdcard (pid 909)
                1139 kB: netd (pid 450)
                 987 kB: keystore (pid 457)
                 783 kB: gatekeeperd (pid 460)
                 728 kB: adbd (pid 404)
                 713 kB: vold (pid 337)
                 620 kB: installd (pid 456)
                 575 kB: /init (pid 1)
                 524 kB: healthd (pid 366)
                 463 kB: dumpsys (pid 11872)
                 454 kB: ueventd (pid 311)
                 439 kB: perfprofd (pid 461)
                 404 kB: debuggerd (pid 451)
                 387 kB: debuggerd64 (pid 452)
                 253 kB: servicemanager (pid 368)
                 253 kB: sh (pid 401)
                 107 kB: lmkd (pid 367)
                  67 kB: qseecomd (pid 370)
                  60 kB: qseecomd (pid 380)
                   0 kB: app_process (pid 11881)
    71229 kB: System
               71229 kB: system (pid 749)
    99080 kB: Persistent
               71462 kB: com.android.systemui (pid 941)
               17016 kB: com.android.phone (pid 1240)
               10602 kB: com.android.nfc (pid 1228)
    50279 kB: Foreground
               50279 kB: com.moji.mjweather (pid 11694 / activities)
     3520 kB: Visible
                3520 kB: com.android.smspush (pid 1391)
    59024 kB: Perceptible
               49784 kB: com.UCMobile.intl (pid 11563 / activities)
                9240 kB: com.android.inputmethod.latin (pid 1189)
    20221 kB: A Services
               11927 kB: com.baidu.searchbox:megapp (pid 11653)
                8294 kB: com.youku.phone:download (pid 11178)
    37174 kB: Home
               37174 kB: com.android.launcher3 (pid 1260 / activities)
    67171 kB: Previous
               67171 kB: com.baidu.searchbox (pid 11437 / activities)
    17264 kB: B Services
                9067 kB: com.youku.phone:accelerater (pid 11250)
                8197 kB: com.push.Youku_PushService (pid 11192)
   180541 kB: Cached
               62974 kB: com.youku.phone (pid 11145 / activities)
               28542 kB: com.android.packageinstaller (pid 3080)
               13542 kB: com.baidu.navi (pid 2538)
                8206 kB: com.youku.phone:SoUpgradeService (pid 11381)
                8163 kB: android.process.acore (pid 1207)
                7520 kB: com.android.email (pid 1580)
                7317 kB: android.process.media (pid 954)
                6816 kB: com.android.messaging (pid 1611)
                5353 kB: com.android.deskclock (pid 1561)
                5344 kB: com.android.calendar (pid 1542)
                5331 kB: com.android.providers.calendar (pid 1495)
                5115 kB: com.android.defcontainer (pid 1688)
                4751 kB: com.android.gallery3d (pid 1715)
                4239 kB: com.android.musicfx (pid 1664)
                3821 kB: com.android.printspooler (pid 1272)
                3507 kB: com.svox.pico (pid 1744)

Total PSS by category:
   159151 kB: Dalvik
               79196 kB: .Heap
               72148 kB: .LOS
                8681 kB: .LinearAlloc
                6127 kB: .Zygote
                5837 kB: .GC
                2765 kB: .IndirectRef
                1680 kB: .NonMoving
                   0 kB: .JITCache
   139873 kB: Native
    95667 kB: .so mmap
    76207 kB: .dex mmap
    60348 kB: EGL mtrack
    47037 kB: .oat mmap
    40985 kB: .art mmap
    32187 kB: .apk mmap
    17283 kB: Dalvik Other
    11816 kB: Gfx dev
    10359 kB: Unknown
     9005 kB: Stack
     6246 kB: Other mmap
     5710 kB: Ashmem
      540 kB: .ttf mmap
      184 kB: Other dev
      160 kB: .jar mmap
        0 kB: Cursor
        0 kB: GL mtrack
        0 kB: Other mtrack

Total RAM: 1857376 kB (status normal)
 Free RAM: 1104169 kB (180541 cached pss + 750844 cached kernel + 172784 free)
 Used RAM: 678081 kB (532217 used pss + 145864 kernel)
 Lost RAM: 75126 kB
     ZRAM: 2104 kB physical used for 8880 kB in swap (520908 kB total swap)
   Tuning: 192 (large 512), oom 322560 kB, restore limit 107520 kB (high-end-gfx)
lun 21 nov 2016, 11.20.07, CET
Applications Memory Usage (kB):
Uptime: 873991 Realtime: 873991

Total PSS by process:
    76687 kB: system (pid 749)
    71422 kB: com.android.systemui (pid 941)
    67274 kB: com.baidu.searchbox (pid 12423 / activities)
    62958 kB: com.youku.phone (pid 12131 / activities)
    49566 kB: com.UCMobile.intl (pid 12550 / activities)
    40878 kB: com.moji.mjweather (pid 12681 / activities)
    37291 kB: com.android.launcher3 (pid 1260 / activities)
    28854 kB: surfaceflinger (pid 369)
    28472 kB: com.android.packageinstaller (pid 3080)
    17313 kB: com.android.phone (pid 1240)
    16936 kB: mm-qcamera-daemon (pid 462)
    15438 kB: zygote (pid 459)
    13713 kB: zygote64 (pid 458)
    13546 kB: com.baidu.navi (pid 2538)
    11646 kB: com.baidu.searchbox:megapp (pid 12640)
    10956 kB: app_process (pid 12868)
    10655 kB: com.android.nfc (pid 1228)
     9252 kB: com.android.inputmethod.latin (pid 1189)
     9073 kB: com.youku.phone:accelerater (pid 12234)
     8768 kB: mediaserver (pid 455)
     8297 kB: com.youku.phone:download (pid 12164)
     8185 kB: com.push.Youku_PushService (pid 12178)
     8180 kB: com.youku.phone:SoUpgradeService (pid 12369)
     8111 kB: android.process.acore (pid 1207)
     7520 kB: com.android.email (pid 1580)
     7369 kB: android.process.media (pid 954)
     6816 kB: com.android.messaging (pid 1611)
     5353 kB: com.android.deskclock (pid 1561)
     5345 kB: com.android.calendar (pid 1542)
     5299 kB: com.android.providers.calendar (pid 1495)
     5084 kB: com.android.defcontainer (pid 1688)
     4866 kB: rild (pid 453)
     4724 kB: com.android.gallery3d (pid 1715)
     4212 kB: com.android.musicfx (pid 1664)
     3794 kB: com.android.printspooler (pid 1272)
     3521 kB: com.android.smspush (pid 1391)
     3483 kB: com.svox.pico (pid 1744)
     3146 kB: drmserver (pid 454)
     2631 kB: logd (pid 335)
     1262 kB: sdcard (pid 909)
     1139 kB: netd (pid 450)
      987 kB: keystore (pid 457)
      775 kB: gatekeeperd (pid 460)
      744 kB: adbd (pid 404)
      713 kB: vold (pid 337)
      620 kB: installd (pid 456)
      575 kB: /init (pid 1)
      524 kB: healthd (pid 366)
      461 kB: dumpsys (pid 12843)
      454 kB: ueventd (pid 311)
      433 kB: perfprofd (pid 461)
      388 kB: debuggerd64 (pid 452)
      385 kB: debuggerd (pid 451)
      254 kB: servicemanager (pid 368)
      254 kB: sh (pid 401)
      107 kB: lmkd (pid 367)
       68 kB: qseecomd (pid 370)
       60 kB: qseecomd (pid 380)

Total PSS by OOM adjustment:
   115511 kB: Native
               28854 kB: surfaceflinger (pid 369)
               16936 kB: mm-qcamera-daemon (pid 462)
               15438 kB: zygote (pid 459)
               13713 kB: zygote64 (pid 458)
               10956 kB: app_process (pid 12868)
                8768 kB: mediaserver (pid 455)
                4866 kB: rild (pid 453)
                3146 kB: drmserver (pid 454)
                2631 kB: logd (pid 335)
                1262 kB: sdcard (pid 909)
                1139 kB: netd (pid 450)
                 987 kB: keystore (pid 457)
                 775 kB: gatekeeperd (pid 460)
                 744 kB: adbd (pid 404)
                 713 kB: vold (pid 337)
                 620 kB: installd (pid 456)
                 575 kB: /init (pid 1)
                 524 kB: healthd (pid 366)
                 461 kB: dumpsys (pid 12843)
                 454 kB: ueventd (pid 311)
                 433 kB: perfprofd (pid 461)
                 388 kB: debuggerd64 (pid 452)
                 385 kB: debuggerd (pid 451)
                 254 kB: servicemanager (pid 368)
                 254 kB: sh (pid 401)
                 107 kB: lmkd (pid 367)
                  68 kB: qseecomd (pid 370)
                  60 kB: qseecomd (pid 380)
    76687 kB: System
               76687 kB: system (pid 749)
    99390 kB: Persistent
               71422 kB: com.android.systemui (pid 941)
               17313 kB: com.android.phone (pid 1240)
               10655 kB: com.android.nfc (pid 1228)
    40878 kB: Foreground
               40878 kB: com.moji.mjweather (pid 12681 / activities)
     3521 kB: Visible
                3521 kB: com.android.smspush (pid 1391)
    58818 kB: Perceptible
               49566 kB: com.UCMobile.intl (pid 12550 / activities)
                9252 kB: com.android.inputmethod.latin (pid 1189)
    19943 kB: A Services
               11646 kB: com.baidu.searchbox:megapp (pid 12640)
                8297 kB: com.youku.phone:download (pid 12164)
    37291 kB: Home
               37291 kB: com.android.launcher3 (pid 1260 / activities)
    67274 kB: Previous
               67274 kB: com.baidu.searchbox (pid 12423 / activities)
    17258 kB: B Services
                9073 kB: com.youku.phone:accelerater (pid 12234)
                8185 kB: com.push.Youku_PushService (pid 12178)
   180266 kB: Cached
               62958 kB: com.youku.phone (pid 12131 / activities)
               28472 kB: com.android.packageinstaller (pid 3080)
               13546 kB: com.baidu.navi (pid 2538)
                8180 kB: com.youku.phone:SoUpgradeService (pid 12369)
                8111 kB: android.process.acore (pid 1207)
                7520 kB: com.android.email (pid 1580)
                7369 kB: android.process.media (pid 954)
                6816 kB: com.android.messaging (pid 1611)
                5353 kB: com.android.deskclock (pid 1561)
                5345 kB: com.android.calendar (pid 1542)
                5299 kB: com.android.providers.calendar (pid 1495)
                5084 kB: com.android.defcontainer (pid 1688)
                4724 kB: com.android.gallery3d (pid 1715)
                4212 kB: com.android.musicfx (pid 1664)
                3794 kB: com.android.printspooler (pid 1272)
                3483 kB: com.svox.pico (pid 1744)

Total PSS by category:
   159642 kB: Dalvik
               79209 kB: .Heap
               72830 kB: .LOS
                8659 kB: .LinearAlloc
                5991 kB: .Zygote
                5979 kB: .GC
                2789 kB: .IndirectRef
                1612 kB: .NonMoving
                   0 kB: .JITCache
   139036 kB: Native
   101618 kB: .so mmap
    75639 kB: .dex mmap
    59772 kB: EGL mtrack
    47169 kB: .oat mmap
    41603 kB: .art mmap
    31200 kB: .apk mmap
    17427 kB: Dalvik Other
    11304 kB: Gfx dev
    10589 kB: Unknown
     9056 kB: Stack
     6184 kB: Other mmap
     5716 kB: Ashmem
      534 kB: .ttf mmap
      188 kB: Other dev
      160 kB: .jar mmap
        0 kB: Cursor
        0 kB: GL mtrack
        0 kB: Other mtrack

Total RAM: 1857376 kB (status normal)
 Free RAM: 1063074 kB (180266 cached pss + 744708 cached kernel + 138100 free)
 Used RAM: 688731 kB (536571 used pss + 152160 kernel)
 Lost RAM: 105571 kB
     ZRAM: 2112 kB physical used for 8892 kB in swap (520908 kB total swap)
   Tuning: 192 (large 512), oom 322560 kB, restore limit 107520 kB (high-end-gfx)
lun 21 nov 2016, 11.20.39, CET
Applications Memory Usage (kB):
Uptime: 906269 Realtime: 906269

Total PSS by process:
    76305 kB: system (pid 749)
    71925 kB: com.android.systemui (pid 941)
    65877 kB: com.youku.phone (pid 13120 / activities)
    65498 kB: com.baidu.searchbox (pid 13412 / activities)
    62187 kB: com.UCMobile.intl (pid 13542 / activities)
    37283 kB: com.android.launcher3 (pid 1260 / activities)
    28803 kB: surfaceflinger (pid 369)
    28219 kB: com.android.packageinstaller (pid 3080 / activities)
    19792 kB: com.sina.weibo (pid 12997 / activities)
    17577 kB: com.android.phone (pid 1240)
    16936 kB: mm-qcamera-daemon (pid 462)
    15206 kB: zygote (pid 459)
    13654 kB: com.baidu.navi (pid 2538)
    13270 kB: zygote64 (pid 458)
    13007 kB: com.moji.mjweather (pid 13673 / activities)
    11073 kB: com.baidu.searchbox:megapp (pid 13630)
    10665 kB: com.android.nfc (pid 1228)
     9268 kB: com.android.inputmethod.latin (pid 1189)
     9095 kB: com.youku.phone:accelerater (pid 13222)
     8763 kB: mediaserver (pid 455)
     8185 kB: com.youku.phone:SoUpgradeService (pid 13358)
     8163 kB: android.process.acore (pid 1207)
     8055 kB: com.push.Youku_PushService (pid 13167)
     7605 kB: com.youku.phone:download (pid 13153)
     7520 kB: com.android.email (pid 1580)
     7353 kB: android.process.media (pid 954)
     6816 kB: com.android.messaging (pid 1611)
     5353 kB: com.android.deskclock (pid 1561)
     5344 kB: com.android.calendar (pid 1542)
     5331 kB: com.android.providers.calendar (pid 1495)
     5115 kB: com.android.defcontainer (pid 1688)
     4859 kB: rild (pid 453)
     4724 kB: com.android.gallery3d (pid 1715)
     4239 kB: com.android.musicfx (pid 1664)
     3821 kB: com.android.printspooler (pid 1272)
     3521 kB: com.android.smspush (pid 1391)
     3507 kB: com.svox.pico (pid 1744)
     3146 kB: drmserver (pid 454)
     2689 kB: logd (pid 335)
     1263 kB: sdcard (pid 909)
     1139 kB: netd (pid 450)
      987 kB: keystore (pid 457)
      785 kB: gatekeeperd (pid 460)
      744 kB: adbd (pid 404)
      713 kB: vold (pid 337)
      620 kB: installd (pid 456)
      587 kB: /init (pid 1)
      524 kB: healthd (pid 366)
      464 kB: dumpsys (pid 13718)
      454 kB: ueventd (pid 311)
      438 kB: perfprofd (pid 461)
      387 kB: debuggerd64 (pid 452)
      385 kB: debuggerd (pid 451)
      253 kB: servicemanager (pid 368)
      253 kB: sh (pid 401)
      107 kB: lmkd (pid 367)
       67 kB: qseecomd (pid 370)
       60 kB: qseecomd (pid 380)
        0 kB: app_process (pid 13837)

Total PSS by OOM adjustment:
   103902 kB: Native
               28803 kB: surfaceflinger (pid 369)
               16936 kB: mm-qcamera-daemon (pid 462)
               15206 kB: zygote (pid 459)
               13270 kB: zygote64 (pid 458)
                8763 kB: mediaserver (pid 455)
                4859 kB: rild (pid 453)
                3146 kB: drmserver (pid 454)
                2689 kB: logd (pid 335)
                1263 kB: sdcard (pid 909)
                1139 kB: netd (pid 450)
                 987 kB: keystore (pid 457)
                 785 kB: gatekeeperd (pid 460)
                 744 kB: adbd (pid 404)
                 713 kB: vold (pid 337)
                 620 kB: installd (pid 456)
                 587 kB: /init (pid 1)
                 524 kB: healthd (pid 366)
                 464 kB: dumpsys (pid 13718)
                 454 kB: ueventd (pid 311)
                 438 kB: perfprofd (pid 461)
                 387 kB: debuggerd64 (pid 452)
                 385 kB: debuggerd (pid 451)
                 253 kB: servicemanager (pid 368)
                 253 kB: sh (pid 401)
                 107 kB: lmkd (pid 367)
                  67 kB: qseecomd (pid 370)
                  60 kB: qseecomd (pid 380)
                   0 kB: app_process (pid 13837)
    76305 kB: System
               76305 kB: system (pid 749)
   100167 kB: Persistent
               71925 kB: com.android.systemui (pid 941)
               17577 kB: com.android.phone (pid 1240)
               10665 kB: com.android.nfc (pid 1228)
    13007 kB: Foreground
               13007 kB: com.moji.mjweather (pid 13673 / activities)
     3521 kB: Visible
                3521 kB: com.android.smspush (pid 1391)
    71455 kB: Perceptible
               62187 kB: com.UCMobile.intl (pid 13542 / activities)
                9268 kB: com.android.inputmethod.latin (pid 1189)
    18678 kB: A Services
               11073 kB: com.baidu.searchbox:megapp (pid 13630)
                7605 kB: com.youku.phone:download (pid 13153)
    37283 kB: Home
               37283 kB: com.android.launcher3 (pid 1260 / activities)
    85290 kB: Previous
               65498 kB: com.baidu.searchbox (pid 13412 / activities)
               19792 kB: com.sina.weibo (pid 12997 / activities)
    17150 kB: B Services
                9095 kB: com.youku.phone:accelerater (pid 13222)
                8055 kB: com.push.Youku_PushService (pid 13167)
   183221 kB: Cached
               65877 kB: com.youku.phone (pid 13120 / activities)
               28219 kB: com.android.packageinstaller (pid 3080 / activities)
               13654 kB: com.baidu.navi (pid 2538)
                8185 kB: com.youku.phone:SoUpgradeService (pid 13358)
                8163 kB: android.process.acore (pid 1207)
                7520 kB: com.android.email (pid 1580)
                7353 kB: android.process.media (pid 954)
                6816 kB: com.android.messaging (pid 1611)
                5353 kB: com.android.deskclock (pid 1561)
                5344 kB: com.android.calendar (pid 1542)
                5331 kB: com.android.providers.calendar (pid 1495)
                5115 kB: com.android.defcontainer (pid 1688)
                4724 kB: com.android.gallery3d (pid 1715)
                4239 kB: com.android.musicfx (pid 1664)
                3821 kB: com.android.printspooler (pid 1272)
                3507 kB: com.svox.pico (pid 1744)

Total PSS by category:
   149258 kB: Dalvik
               74539 kB: .Heap
               67028 kB: .LOS
                8846 kB: .LinearAlloc
                6047 kB: .Zygote
                5797 kB: .GC
                2632 kB: .IndirectRef
                1644 kB: .NonMoving
                   0 kB: .JITCache
   136177 kB: Native
    91034 kB: .so mmap
    84000 kB: EGL mtrack
    74815 kB: .dex mmap
    45026 kB: .oat mmap
    40099 kB: .art mmap
    30156 kB: .apk mmap
    17275 kB: Dalvik Other
    11662 kB: Gfx dev
     9557 kB: Unknown
     8664 kB: Stack
     5923 kB: Other mmap
     5464 kB: Ashmem
      526 kB: .ttf mmap
      183 kB: Other dev
      160 kB: .jar mmap
        0 kB: Cursor
        0 kB: GL mtrack
        0 kB: Other mtrack

Total RAM: 1857376 kB (status normal)
 Free RAM: 1025329 kB (183221 cached pss + 727244 cached kernel + 114864 free)
 Used RAM: 680446 kB (526758 used pss + 153688 kernel)
 Lost RAM: 151601 kB
     ZRAM: 2112 kB physical used for 8908 kB in swap (520908 kB total swap)
   Tuning: 192 (large 512), oom 322560 kB, restore limit 107520 kB (high-end-gfx)
lun 21 nov 2016, 11.21.12, CET
Applications Memory Usage (kB):
Uptime: 938673 Realtime: 938673

Total PSS by process:
    76497 kB: system (pid 749)
    71661 kB: com.android.systemui (pid 941)
    66686 kB: com.baidu.searchbox (pid 14401 / activities)
    65995 kB: com.youku.phone (pid 14109 / activities)
    62710 kB: com.UCMobile.intl (pid 14527 / activities)
    37289 kB: com.android.launcher3 (pid 1260 / activities)
    28755 kB: surfaceflinger (pid 369)
    28182 kB: com.android.packageinstaller (pid 3080 / activities)
    19869 kB: com.sina.weibo (pid 13987 / activities)
    17865 kB: com.android.phone (pid 1240)
    16936 kB: mm-qcamera-daemon (pid 462)
    15339 kB: zygote (pid 459)
    13270 kB: zygote64 (pid 458)
    12949 kB: com.baidu.navi (pid 2538)
    11619 kB: com.baidu.searchbox:megapp (pid 14618)
    10800 kB: app_process (pid 14828)
    10697 kB: com.android.nfc (pid 1228)
    10349 kB: com.moji.mjweather (pid 14662 / activities)
     9280 kB: com.android.inputmethod.latin (pid 1189)
     9190 kB: com.youku.phone:accelerater (pid 14211)
     8763 kB: mediaserver (pid 455)
     8190 kB: com.youku.phone:SoUpgradeService (pid 14347)
     8111 kB: android.process.acore (pid 1207)
     7717 kB: com.youku.phone:download (pid 14142)
     7520 kB: com.android.email (pid 1580)
     7441 kB: com.push.Youku_PushService (pid 14156)
     7408 kB: android.process.media (pid 954)
     6816 kB: com.android.messaging (pid 1611)
     5353 kB: com.android.deskclock (pid 1561)
     5344 kB: com.android.calendar (pid 1542)
     5332 kB: com.android.providers.calendar (pid 1495)
     5084 kB: com.android.defcontainer (pid 1688)
     4859 kB: rild (pid 453)
     4724 kB: com.android.gallery3d (pid 1715)
     4215 kB: com.android.musicfx (pid 1664)
     3821 kB: com.android.printspooler (pid 1272)
     3521 kB: com.android.smspush (pid 1391)
     3483 kB: com.svox.pico (pid 1744)
     3146 kB: drmserver (pid 454)
     2718 kB: logd (pid 335)
     1262 kB: sdcard (pid 909)
     1139 kB: netd (pid 450)
      987 kB: keystore (pid 457)
      775 kB: gatekeeperd (pid 460)
      732 kB: adbd (pid 404)
      713 kB: vold (pid 337)
      620 kB: installd (pid 456)
      587 kB: /init (pid 1)
      524 kB: healthd (pid 366)
      461 kB: dumpsys (pid 14687)
      454 kB: ueventd (pid 311)
      433 kB: perfprofd (pid 461)
      387 kB: debuggerd64 (pid 452)
      385 kB: debuggerd (pid 451)
      253 kB: servicemanager (pid 368)
      253 kB: sh (pid 401)
      107 kB: lmkd (pid 367)
       67 kB: qseecomd (pid 370)
       60 kB: qseecomd (pid 380)

Total PSS by OOM adjustment:
   114785 kB: Native
               28755 kB: surfaceflinger (pid 369)
               16936 kB: mm-qcamera-daemon (pid 462)
               15339 kB: zygote (pid 459)
               13270 kB: zygote64 (pid 458)
               10800 kB: app_process (pid 14828)
                8763 kB: mediaserver (pid 455)
                4859 kB: rild (pid 453)
                3146 kB: drmserver (pid 454)
                2718 kB: logd (pid 335)
                1262 kB: sdcard (pid 909)
                1139 kB: netd (pid 450)
                 987 kB: keystore (pid 457)
                 775 kB: gatekeeperd (pid 460)
                 732 kB: adbd (pid 404)
                 713 kB: vold (pid 337)
                 620 kB: installd (pid 456)
                 587 kB: /init (pid 1)
                 524 kB: healthd (pid 366)
                 461 kB: dumpsys (pid 14687)
                 454 kB: ueventd (pid 311)
                 433 kB: perfprofd (pid 461)
                 387 kB: debuggerd64 (pid 452)
                 385 kB: debuggerd (pid 451)
                 253 kB: servicemanager (pid 368)
                 253 kB: sh (pid 401)
                 107 kB: lmkd (pid 367)
                  67 kB: qseecomd (pid 370)
                  60 kB: qseecomd (pid 380)
    76497 kB: System
               76497 kB: system (pid 749)
   100223 kB: Persistent
               71661 kB: com.android.systemui (pid 941)
               17865 kB: com.android.phone (pid 1240)
               10697 kB: com.android.nfc (pid 1228)
    10349 kB: Foreground
               10349 kB: com.moji.mjweather (pid 14662 / activities)
     3521 kB: Visible
                3521 kB: com.android.smspush (pid 1391)
    71990 kB: Perceptible
               62710 kB: com.UCMobile.intl (pid 14527 / activities)
                9280 kB: com.android.inputmethod.latin (pid 1189)
    19336 kB: A Services
               11619 kB: com.baidu.searchbox:megapp (pid 14618)
                7717 kB: com.youku.phone:download (pid 14142)
    37289 kB: Home
               37289 kB: com.android.launcher3 (pid 1260 / activities)
    86555 kB: Previous
               66686 kB: com.baidu.searchbox (pid 14401 / activities)
               19869 kB: com.sina.weibo (pid 13987 / activities)
    16631 kB: B Services
                9190 kB: com.youku.phone:accelerater (pid 14211)
                7441 kB: com.push.Youku_PushService (pid 14156)
   182527 kB: Cached
               65995 kB: com.youku.phone (pid 14109 / activities)
               28182 kB: com.android.packageinstaller (pid 3080 / activities)
               12949 kB: com.baidu.navi (pid 2538)
                8190 kB: com.youku.phone:SoUpgradeService (pid 14347)
                8111 kB: android.process.acore (pid 1207)
                7520 kB: com.android.email (pid 1580)
                7408 kB: android.process.media (pid 954)
                6816 kB: com.android.messaging (pid 1611)
                5353 kB: com.android.deskclock (pid 1561)
                5344 kB: com.android.calendar (pid 1542)
                5332 kB: com.android.providers.calendar (pid 1495)
                5084 kB: com.android.defcontainer (pid 1688)
                4724 kB: com.android.gallery3d (pid 1715)
                4215 kB: com.android.musicfx (pid 1664)
                3821 kB: com.android.printspooler (pid 1272)
                3483 kB: com.svox.pico (pid 1744)

Total PSS by category:
   150462 kB: Dalvik
               76220 kB: .Heap
               66608 kB: .LOS
                8823 kB: .LinearAlloc
                6424 kB: .GC
                5966 kB: .Zygote
                2647 kB: .IndirectRef
                1668 kB: .NonMoving
                   0 kB: .JITCache
   136278 kB: Native
    97622 kB: .so mmap
    84000 kB: EGL mtrack
    74164 kB: .dex mmap
    45274 kB: .oat mmap
    41176 kB: .art mmap
    30105 kB: .apk mmap
    17894 kB: Dalvik Other
    11962 kB: Gfx dev
     9828 kB: Unknown
     8652 kB: Stack
     5957 kB: Other mmap
     5452 kB: Ashmem
      526 kB: .ttf mmap
      191 kB: Other dev
      160 kB: .jar mmap
        0 kB: Cursor
        0 kB: GL mtrack
        0 kB: Other mtrack

Total RAM: 1857376 kB (status normal)
 Free RAM: 1017043 kB (182527 cached pss + 723300 cached kernel + 111216 free)
 Used RAM: 688252 kB (537176 used pss + 151076 kernel)
 Lost RAM: 152081 kB
     ZRAM: 2112 kB physical used for 8924 kB in swap (520908 kB total swap)
   Tuning: 192 (large 512), oom 322560 kB, restore limit 107520 kB (high-end-gfx)
lun 21 nov 2016, 11.21.44, CET
Applications Memory Usage (kB):
Uptime: 971246 Realtime: 971246

Total PSS by process:
    77667 kB: system (pid 749)
    71647 kB: com.android.systemui (pid 941)
    67700 kB: com.youku.phone (pid 15099 / activities)
    66246 kB: com.baidu.searchbox (pid 15392 / activities)
    62632 kB: com.UCMobile.intl (pid 15518 / activities)
    37327 kB: com.android.launcher3 (pid 1260 / activities)
    28794 kB: surfaceflinger (pid 369)
    28488 kB: com.android.packageinstaller (pid 3080 / activities)
    19548 kB: com.sina.weibo (pid 14976 / activities)
    18133 kB: com.android.phone (pid 1240)
    16936 kB: mm-qcamera-daemon (pid 462)
    15382 kB: zygote (pid 459)
    13696 kB: zygote64 (pid 458)
    12915 kB: com.baidu.navi (pid 2538)
    11538 kB: com.baidu.searchbox:megapp (pid 15609)
    10800 kB: app_process (pid 15819)
    10707 kB: com.android.nfc (pid 1228)
    10457 kB: com.sina.weibo:remote (pid 15016)
    10153 kB: com.sina.weibo.image (pid 15054)
     9259 kB: com.android.inputmethod.latin (pid 1189)
     8764 kB: mediaserver (pid 455)
     8518 kB: com.youku.phone:accelerater (pid 15200)
     8111 kB: android.process.acore (pid 1207)
     7747 kB: com.youku.phone:download (pid 15132)
     7521 kB: com.android.email (pid 1580)
     7448 kB: com.push.Youku_PushService (pid 15146)
     7431 kB: android.process.media (pid 954)
     7424 kB: com.youku.phone:SoUpgradeService (pid 15337)
     6816 kB: com.android.messaging (pid 1611)
     6663 kB: com.moji.mjweather (pid 15645 / activities)
     5353 kB: com.android.deskclock (pid 1561)
     5317 kB: com.android.calendar (pid 1542)
     5299 kB: com.android.providers.calendar (pid 1495)
     5084 kB: com.android.defcontainer (pid 1688)
     4866 kB: rild (pid 453)
     4726 kB: com.android.gallery3d (pid 1715)
     4212 kB: com.android.musicfx (pid 1664)
     3793 kB: com.android.printspooler (pid 1272)
     3521 kB: com.android.smspush (pid 1391)
     3483 kB: com.svox.pico (pid 1744)
     3146 kB: drmserver (pid 454)
     2731 kB: logd (pid 335)
     1262 kB: sdcard (pid 909)
     1139 kB: netd (pid 450)
      987 kB: keystore (pid 457)
      775 kB: gatekeeperd (pid 460)
      740 kB: adbd (pid 404)
      713 kB: vold (pid 337)
      620 kB: installd (pid 456)
      587 kB: /init (pid 1)
      524 kB: healthd (pid 366)
      461 kB: dumpsys (pid 15665)
      454 kB: ueventd (pid 311)
      433 kB: perfprofd (pid 461)
      388 kB: debuggerd64 (pid 452)
      385 kB: debuggerd (pid 451)
      254 kB: servicemanager (pid 368)
      254 kB: sh (pid 401)
      107 kB: lmkd (pid 367)
       68 kB: qseecomd (pid 370)
       60 kB: qseecomd (pid 380)

Total PSS by OOM adjustment:
   115326 kB: Native
               28794 kB: surfaceflinger (pid 369)
               16936 kB: mm-qcamera-daemon (pid 462)
               15382 kB: zygote (pid 459)
               13696 kB: zygote64 (pid 458)
               10800 kB: app_process (pid 15819)
                8764 kB: mediaserver (pid 455)
                4866 kB: rild (pid 453)
                3146 kB: drmserver (pid 454)
                2731 kB: logd (pid 335)
                1262 kB: sdcard (pid 909)
                1139 kB: netd (pid 450)
                 987 kB: keystore (pid 457)
                 775 kB: gatekeeperd (pid 460)
                 740 kB: adbd (pid 404)
                 713 kB: vold (pid 337)
                 620 kB: installd (pid 456)
                 587 kB: /init (pid 1)
                 524 kB: healthd (pid 366)
                 461 kB: dumpsys (pid 15665)
                 454 kB: ueventd (pid 311)
                 433 kB: perfprofd (pid 461)
                 388 kB: debuggerd64 (pid 452)
                 385 kB: debuggerd (pid 451)
                 254 kB: servicemanager (pid 368)
                 254 kB: sh (pid 401)
                 107 kB: lmkd (pid 367)
                  68 kB: qseecomd (pid 370)
                  60 kB: qseecomd (pid 380)
    77667 kB: System
               77667 kB: system (pid 749)
   100487 kB: Persistent
               71647 kB: com.android.systemui (pid 941)
               18133 kB: com.android.phone (pid 1240)
               10707 kB: com.android.nfc (pid 1228)
     6663 kB: Foreground
                6663 kB: com.moji.mjweather (pid 15645 / activities)
     3521 kB: Visible
                3521 kB: com.android.smspush (pid 1391)
    71891 kB: Perceptible
               62632 kB: com.UCMobile.intl (pid 15518 / activities)
                9259 kB: com.android.inputmethod.latin (pid 1189)
    19285 kB: A Services
               11538 kB: com.baidu.searchbox:megapp (pid 15609)
                7747 kB: com.youku.phone:download (pid 15132)
    37327 kB: Home
               37327 kB: com.android.launcher3 (pid 1260 / activities)
    85794 kB: Previous
               66246 kB: com.baidu.searchbox (pid 15392 / activities)
               19548 kB: com.sina.weibo (pid 14976 / activities)
    26119 kB: B Services
               10153 kB: com.sina.weibo.image (pid 15054)
                8518 kB: com.youku.phone:accelerater (pid 15200)
                7448 kB: com.push.Youku_PushService (pid 15146)
   194130 kB: Cached
               67700 kB: com.youku.phone (pid 15099 / activities)
               28488 kB: com.android.packageinstaller (pid 3080 / activities)
               12915 kB: com.baidu.navi (pid 2538)
               10457 kB: com.sina.weibo:remote (pid 15016)
                8111 kB: android.process.acore (pid 1207)
                7521 kB: com.android.email (pid 1580)
                7431 kB: android.process.media (pid 954)
                7424 kB: com.youku.phone:SoUpgradeService (pid 15337)
                6816 kB: com.android.messaging (pid 1611)
                5353 kB: com.android.deskclock (pid 1561)
                5317 kB: com.android.calendar (pid 1542)
                5299 kB: com.android.providers.calendar (pid 1495)
                5084 kB: com.android.defcontainer (pid 1688)
                4726 kB: com.android.gallery3d (pid 1715)
                4212 kB: com.android.musicfx (pid 1664)
                3793 kB: com.android.printspooler (pid 1272)
                3483 kB: com.svox.pico (pid 1744)

Total PSS by category:
   153091 kB: Dalvik
               76664 kB: .Heap
               68382 kB: .LOS
                9659 kB: .LinearAlloc
                6564 kB: .GC
                6373 kB: .Zygote
                2711 kB: .IndirectRef
                1672 kB: .NonMoving
                   0 kB: .JITCache
   139574 kB: Native
    98180 kB: .so mmap
    84000 kB: EGL mtrack
    78376 kB: .dex mmap
    46762 kB: .oat mmap
    43274 kB: .art mmap
    31753 kB: .apk mmap
    18934 kB: Dalvik Other
    12076 kB: Gfx dev
    10016 kB: Unknown
     8840 kB: Stack
     6448 kB: Ashmem
     5997 kB: Other mmap
      526 kB: .ttf mmap
      203 kB: Other dev
      160 kB: .jar mmap
        0 kB: Cursor
        0 kB: GL mtrack
        0 kB: Other mtrack

Total RAM: 1857376 kB (status normal)
 Free RAM: 1027290 kB (194130 cached pss + 720644 cached kernel + 112516 free)
 Used RAM: 696268 kB (544080 used pss + 152188 kernel)
 Lost RAM: 133818 kB
     ZRAM: 2112 kB physical used for 8936 kB in swap (520908 kB total swap)
   Tuning: 192 (large 512), oom 322560 kB, restore limit 107520 kB (high-end-gfx)
lun 21 nov 2016, 11.22.17, CET
Applications Memory Usage (kB):
Uptime: 1004061 Realtime: 1004061

Total PSS by process:
    77636 kB: system (pid 749)
    72245 kB: com.android.systemui (pid 941)
    65838 kB: com.youku.phone (pid 16088 / activities)
    65727 kB: com.baidu.searchbox (pid 16380 / activities)
    63106 kB: com.UCMobile.intl (pid 16507 / activities)
    36900 kB: com.android.launcher3 (pid 1260 / activities)
    28714 kB: surfaceflinger (pid 369)
    28523 kB: com.android.packageinstaller (pid 3080 / activities)
    19763 kB: com.sina.weibo (pid 15966 / activities)
    18401 kB: com.android.phone (pid 1240)
    16936 kB: mm-qcamera-daemon (pid 462)
    15368 kB: zygote (pid 459)
    13359 kB: zygote64 (pid 458)
    12912 kB: com.baidu.navi (pid 2538)
    11413 kB: com.baidu.searchbox:megapp (pid 16597)
    10796 kB: app_process (pid 16807)
    10729 kB: com.android.nfc (pid 1228)
    10141 kB: com.sina.weibo.image (pid 16044)
     9258 kB: com.android.inputmethod.latin (pid 1189)
     8879 kB: com.moji.mjweather (pid 16634 / activities)
     8755 kB: mediaserver (pid 455)
     8549 kB: com.youku.phone:accelerater (pid 16191)
     8106 kB: android.process.acore (pid 1207)
     7778 kB: com.youku.phone:download (pid 16121)
     7517 kB: com.android.email (pid 1580)
     7457 kB: com.push.Youku_PushService (pid 16135)
     7443 kB: android.process.media (pid 954)
     7431 kB: com.youku.phone:SoUpgradeService (pid 16326)
     6810 kB: com.android.messaging (pid 1611)
     6160 kB: com.sina.weibo:remote (pid 16007)
